<html>
<body>
<pre>
<h1>礦ision Build Log</h1>
<h2>Project:</h2>
D:\工程\工程资料文件\开发板\板子资料\STM32F103系列开发板\MINI-VET6\程序\基本例程-USART收发\通过USART1 收发数据\USER\STM32-DEMO.uvproj
Project File Date:  10/04/2011

<h2>Output:</h2>
Load "..\\Output\\STM32-DEMO.AXF" 
_____^
*** error 56: cant open file
Build target 'USART1-DEMO'
assembling startup_stm32f10x_hd.s...
compiling main.c...
compiling stm32f10x_it.c...
compiling usart1.c...
compiling stm32f10x_gpio.c...
compiling stm32f10x_rcc.c...
compiling stm32f10x_usart.c...
compiling core_cm3.c...
compiling system_stm32f10x.c...
linking...
Program Size: Code=3312 RO-data=336 RW-data=20 ZI-data=516  
FromELF: creating hex file...
"..\Output\STM32-DEMO.axf" - 0 Error(s), 0 Warning(s).
Load "..\\Output\\STM32-DEMO.AXF" 
Set JLink Project File to "D:\工程\工程资料文件\开发板\板子资料\STM32F103系列开发板\MINI-VET6\程序\基本例程-USART收发\通过USART1 收发数据\USER\JLinkSettings.ini"
 
JLink info:
------------
DLL: V4.15n, compiled Jun 18 2010 19:55:09
Firmware: J-Link ARM V7 compiled Jun 30 2009 11:05:27
Hardware: V7.00
S/N : 20090110 
Feature(s) : RDI, FlashBP, FlashDL, JFlash, GDBFull 
 
* JLink Info: TotalIRLen = 9, IRPrint = 0x0011
* JLink Info: Found Cortex-M3 r1p1, Little endian.
* JLink Info: TPIU fitted.
* JLink Info: ETM fitted.
* JLink Info:   FPUnit: 6 code (BP) slots and 2 literal slots
ROMTableAddr = 0xE00FF003
 
Target info:
------------
Device: STM32F103VE
VTarget = 3.280V
State of Pins: 
TCK: 1, TDI: 0, TDO: 1, TMS: 0, TRES: 1, TRST: 1
* JLink Info: TotalIRLen = 9, IRPrint = 0x0011
* JLink Info: Found Cortex-M3 r1p1, Little endian.
* JLink Info: TPIU fitted.
* JLink Info: ETM fitted.
* JLink Info:   FPUnit: 6 code (BP) slots and 2 literal slots
Hardware-Breakpoints: 6
Software-Breakpoints: 2048
Watchpoints:          4
JTAG speed: 2000 kHz
 
Full Chip Erase Done.
Programming Done.
Verify OK.
* JLink Info: TotalIRLen = 9, IRPrint = 0x0011
* JLink Info: Found Cortex-M3 r1p1, Little endian.
* JLink Info: TPIU fitted.
* JLink Info: ETM fitted.
* JLink Info:   FPUnit: 6 code (BP) slots and 2 literal slots
Application running ...
