Component: ARM Compiler 5.06 update 5 (build 528) Tool: armlink [4d35e2]

==============================================================================

Section Cross References

    main.o(i.main) refers to misc.o(i.NVIC_SetVectorTable) for NVIC_SetVectorTable
    main.o(i.main) refers to misc.o(i.NVIC_PriorityGroupConfig) for NVIC_PriorityGroupConfig
    main.o(i.main) refers to delay.o(i.delay_init) for delay_init
    main.o(i.main) refers to config_param.o(i.configParamInit) for configParamInit
    main.o(i.main) refers to led.o(i.ledInit) for ledInit
    main.o(i.main) refers to oled.o(i.oledInit) for oledInit
    main.o(i.main) refers to beep.o(i.beepInit) for beepInit
    main.o(i.main) refers to key.o(i.keyInit) for keyInit
    main.o(i.main) refers to joystick.o(i.joystickInit) for joystickInit
    main.o(i.main) refers to hw_config.o(i.usb_vcp_init) for usb_vcp_init
    main.o(i.main) refers to radiolink.o(i.radiolinkInit) for radiolinkInit
    main.o(i.main) refers to usblink.o(i.usblinkInit) for usblinkInit
    main.o(i.main) refers to display.o(i.displayInit) for displayInit
    main.o(i.main) refers to tasks.o(i.xTaskCreate) for xTaskCreate
    main.o(i.main) refers to tasks.o(i.vTaskStartScheduler) for vTaskStartScheduler
    main.o(i.main) refers to main.o(.data) for .data
    main.o(i.main) refers to main.o(i.startTask) for startTask
    main.o(i.startTask) refers to port.o(i.vPortEnterCritical) for vPortEnterCritical
    main.o(i.startTask) refers to tasks.o(i.xTaskCreate) for xTaskCreate
    main.o(i.startTask) refers to tasks.o(i.vTaskDelete) for vTaskDelete
    main.o(i.startTask) refers to port.o(i.vPortExitCritical) for vPortExitCritical
    main.o(i.startTask) refers to radiolink.o(.data) for radiolinkTaskHandle
    main.o(i.startTask) refers to radiolink.o(i.radiolinkTask) for radiolinkTask
    main.o(i.startTask) refers to usblink.o(i.usblinkTxTask) for usblinkTxTask
    main.o(i.startTask) refers to usblink.o(i.usblinkRxTask) for usblinkRxTask
    main.o(i.startTask) refers to remoter_ctrl.o(i.commanderTask) for commanderTask
    main.o(i.startTask) refers to keytask.o(i.keyTask) for keyTask
    main.o(i.startTask) refers to display.o(i.displayTask) for displayTask
    main.o(i.startTask) refers to config_param.o(i.configParamTask) for configParamTask
    main.o(i.startTask) refers to atkp.o(i.radiolinkDataProcessTask) for radiolinkDataProcessTask
    main.o(i.startTask) refers to atkp.o(i.usblinkDataProcessTask) for usblinkDataProcessTask
    main.o(i.startTask) refers to main.o(.data) for .data
    system_stm32f10x.o(i.SystemCoreClockUpdate) refers to system_stm32f10x.o(.data) for .data
    system_stm32f10x.o(i.SystemInit) refers to system_stm32f10x.o(i.SetSysClockTo72) for SetSysClockTo72
    delay.o(i.SysTick_Handler) refers to tasks.o(i.xTaskGetSchedulerState) for xTaskGetSchedulerState
    delay.o(i.SysTick_Handler) refers to port.o(i.xPortSysTickHandler) for xPortSysTickHandler
    delay.o(i.delay_init) refers to misc.o(i.SysTick_CLKSourceConfig) for SysTick_CLKSourceConfig
    delay.o(i.delay_init) refers to system_stm32f10x.o(.data) for SystemCoreClock
    delay.o(i.delay_init) refers to delay.o(.data) for .data
    delay.o(i.delay_ms) refers to tasks.o(i.xTaskGetSchedulerState) for xTaskGetSchedulerState
    delay.o(i.delay_ms) refers to tasks.o(i.vTaskDelay) for vTaskDelay
    delay.o(i.delay_ms) refers to delay.o(i.delay_us) for delay_us
    delay.o(i.delay_ms) refers to delay.o(.data) for .data
    delay.o(i.delay_us) refers to delay.o(.data) for .data
    delay.o(i.delay_xms) refers to delay.o(i.delay_us) for delay_us
    config_param.o(i.configParamInit) refers to stmflash.o(i.STMFLASH_Read) for STMFLASH_Read
    config_param.o(i.configParamInit) refers to config_param.o(i.calculate_cksum) for calculate_cksum
    config_param.o(i.configParamInit) refers to memcpya.o(.text) for __aeabi_memcpy4
    config_param.o(i.configParamInit) refers to config_param.o(i.writeConfigParamToFlash) for writeConfigParamToFlash
    config_param.o(i.configParamInit) refers to config_param.o(.data) for .data
    config_param.o(i.configParamInit) refers to config_param.o(.bss) for .bss
    config_param.o(i.configParamReset) refers to memcpya.o(.text) for __aeabi_memcpy4
    config_param.o(i.configParamReset) refers to config_param.o(i.writeConfigParamToFlash) for writeConfigParamToFlash
    config_param.o(i.configParamReset) refers to config_param.o(.bss) for .bss
    config_param.o(i.configParamReset) refers to config_param.o(.data) for .data
    config_param.o(i.configParamTask) refers to tasks.o(i.vTaskDelay) for vTaskDelay
    config_param.o(i.configParamTask) refers to config_param.o(i.calculate_cksum) for calculate_cksum
    config_param.o(i.configParamTask) refers to stmflash.o(i.STMFLASH_Write) for STMFLASH_Write
    config_param.o(i.configParamTask) refers to config_param.o(.bss) for .bss
    config_param.o(i.configParamTask) refers to config_param.o(.data) for .data
[...]
    getJoystick1Dir                          0x08007825   Thumb Code   176  joystick.o(i.getJoystick1Dir)
    getJoystick2Dir                          0x080078d9   Thumb Code   176  joystick.o(i.getJoystick2Dir)
    getKeyState                              0x0800798d   Thumb Code    10  keytask.o(i.getKeyState)
    getMenuSelectitem                        0x0800799d   Thumb Code    30  menu_ui.o(i.getMenuSelectitem)
    getMessageBoxStringlen                   0x080079bb   Thumb Code    22  messagebox.o(i.getMessageBoxStringlen)
    getRCLock                                0x080079d1   Thumb Code     6  main_ui.o(i.getRCLock)
    getTrimFlag                              0x080079dd   Thumb Code     6  main_ui.o(i.getTrimFlag)
    getWindowStringlen                       0x080079e9   Thumb Code    22  windows.o(i.getWindowStringlen)
    gotoJoystickCalibUI                      0x080079ff   Thumb Code    16  menul1_item.o(i.gotoJoystickCalibUI)
    gotoLastMenu                             0x08007a11   Thumb Code    70  menu_ui.o(i.gotoLastMenu)
    gotoMatchMiniFlyUI                       0x08007a61   Thumb Code    16  menul1_item.o(i.gotoMatchMiniFlyUI)
    gotoNextMenu                             0x08007a71   Thumb Code    40  menu_ui.o(i.gotoNextMenu)
    gotoResetUI                              0x08007a9d   Thumb Code    16  menul1_item.o(i.gotoResetUI)
    isRadioAddrDefault                       0x08007aad   Thumb Code    24  match_ui.o(i.isRadioAddrDefault)
    joystickCalib_ui                         0x08007acd   Thumb Code   582  joystickcalib_ui.o(i.joystickCalib_ui)
    joystickInit                             0x08007d45   Thumb Code    24  joystick.o(i.joystickInit)
    keyInit                                  0x08007d65   Thumb Code    34  key.o(i.keyInit)
    keyTask                                  0x08007d8d   Thumb Code   338  keytask.o(i.keyTask)
    languageMenuInit                         0x08007ee9   Thumb Code   110  menul2_item.o(i.languageMenuInit)
    ledInit                                  0x08007f79   Thumb Code   116  led.o(i.ledInit)
    ledringMenuInit                          0x08008001   Thumb Code   124  menul3_item.o(i.ledringMenuInit)
    limit                                    0x080080bd   Thumb Code    36  remoter_ctrl.o(i.limit)
    main                                     0x080080e1   Thumb Code    88  main.o(i.main)
    mainMenuInit                             0x08008151   Thumb Code   152  menul1_item.o(i.mainMenuInit)
    main_ui                                  0x08008225   Thumb Code   556  main_ui.o(i.main_ui)
    match_ui                                 0x080084f1   Thumb Code   448  match_ui.o(i.match_ui)
    miniFlyMsgACKProcess                     0x080086c1   Thumb Code    82  main_ui.o(i.miniFlyMsgACKProcess)
    mx_sin                                   0x08008761   Thumb Code   140  trim_ui.o(i.mx_sin)
    my_cos                                   0x08008801   Thumb Code    86  trim_ui.o(i.my_cos)
    my_sin                                   0x08008865   Thumb Code    76  trim_ui.o(i.my_sin)
    mypow                                    0x080088b9   Thumb Code    16  oled.o(i.mypow)
    nrfInit                                  0x080088c9   Thumb Code   124  24l01.o(i.nrfInit)
    nrf_check                                0x08008949   Thumb Code    60  24l01.o(i.nrf_check)
    nrf_checkEventandRxPacket                0x08008989   Thumb Code    72  24l01.o(i.nrf_checkEventandRxPacket)
    nrf_rxPacket                             0x080089e9   Thumb Code    60  24l01.o(i.nrf_rxPacket)
    nrf_sendPacketNoACK                      0x08008a29   Thumb Code    28  24l01.o(i.nrf_sendPacketNoACK)
    nrf_setAddress                           0x08008a45   Thumb Code    24  24l01.o(i.nrf_setAddress)
    nrf_setArc                               0x08008a5d   Thumb Code    30  24l01.o(i.nrf_setArc)
    nrf_setArd                               0x08008a7b   Thumb Code    40  24l01.o(i.nrf_setArd)
    nrf_setChannel                           0x08008aa3   Thumb Code    14  24l01.o(i.nrf_setChannel)
    nrf_setDataRate                          0x08008ab1   Thumb Code    46  24l01.o(i.nrf_setDataRate)
    nrf_setIterruptCallback                  0x08008ae1   Thumb Code     6  24l01.o(i.nrf_setIterruptCallback)
    nrf_setPower                             0x08008aed   Thumb Code    56  24l01.o(i.nrf_setPower)
    nrf_txPacket                             0x08008b25   Thumb Code    30  24l01.o(i.nrf_txPacket)
    nrf_txPacketNoACK                        0x08008b49   Thumb Code    30  24l01.o(i.nrf_txPacketNoACK)
    oledInit                                 0x08008b6d   Thumb Code   378  oled.o(i.oledInit)
    oled_clear                               0x08008cf5   Thumb Code    38  oled.o(i.oled_clear)
    oled_drawPoint                           0x08008d21   Thumb Code    54  oled.o(i.oled_drawPoint)
    oled_fill                                0x08008d5d   Thumb Code    52  oled.o(i.oled_fill)
    oled_readPoint                           0x08008d91   Thumb Code    34  oled.o(i.oled_readPoint)
    oled_refreshGram                         0x08008db9   Thumb Code    66  oled.o(i.oled_refreshGram)
    oled_showChar                            0x08008e01   Thumb Code   186  oled.o(i.oled_showChar)
    oled_showNum                             0x08008ec9   Thumb Code   112  oled.o(i.oled_showNum)
    oled_showPicture                         0x08008f39   Thumb Code   180  oled.o(i.oled_showPicture)
    oled_showString                          0x08008fed   Thumb Code    86  oled.o(i.oled_showString)
    oled_wr_byte                             0x08009045   Thumb Code    22  oled.o(i.oled_wr_byte)
    pvPortMalloc                             0x080099bd   Thumb Code   212  heap_4.o(i.pvPortMalloc)
    pvTaskIncrementMutexHeldCount            0x08009af5   Thumb Code    18  tasks.o(i.pvTaskIncrementMutexHeldCount)
    pxPortInitialiseStack                    0x08009b0d   Thumb Code    32  port.o(i.pxPortInitialiseStack)
    radioinkConnectStatus                    0x08009ba1   Thumb Code     6  radiolink.o(i.radioinkConnectStatus)
    radioinkFailRxcount                      0x08009bad   Thumb Code     6  radiolink.o(i.radioinkFailRxcount)
    radiolinkDataProcessTask                 0x08009bb9   Thumb Code    28  atkp.o(i.radiolinkDataProcessTask)
    radiolinkEnable                          0x08009bd5   Thumb Code    18  radiolink.o(i.radiolinkEnable)
    radiolinkInit                            0x08009bed   Thumb Code    96  radiolink.o(i.radiolinkInit)
    radiolinkReceivePacketBlocking           0x08009c85   Thumb Code    38  radiolink.o(i.radiolinkReceivePacketBlocking)
    radiolinkSendPacket                      0x08009cd5   Thumb Code    54  radiolink.o(i.radiolinkSendPacket)
    radiolinkSendPacketBlocking              0x08009d59   Thumb Code    54  radiolink.o(i.radiolinkSendPacketBlocking)
    radiolinkTask                            0x08009ddd   Thumb Code   188  radiolink.o(i.radiolinkTask)
    reset_ui                                 0x08009f21   Thumb Code   124  reset_ui.o(i.reset_ui)
    runBeepAcktion                           0x08009fa9   Thumb Code    46  beep.o(i.runBeepAcktion)
    sendRmotorCmd                            0x0800a04d   Thumb Code    52  remoter_ctrl.o(i.sendRmotorCmd)
    sendRmotorData                           0x0800a081   Thumb Code    56  remoter_ctrl.o(i.sendRmotorData)
    setMatchRadioConfig                      0x0800a2e9   Thumb Code    16  match_ui.o(i.setMatchRadioConfig)
    setShow_ui                               0x0800a301   Thumb Code     8  display.o(i.setShow_ui)
    setTrimFlag                              0x0800a30d   Thumb Code     6  main_ui.o(i.setTrimFlag)
    show_str                                 0x0800a435   Thumb Code   172  text.o(i.show_str)
    show_str_mid                             0x0800a4e1   Thumb Code    74  text.o(i.show_str_mid)
    stopBeepAcktion                          0x0800a66d   Thumb Code    62  beep.o(i.stopBeepAcktion)
    trim_ui                                  0x0800a6b1   Thumb Code   350  trim_ui.o(i.trim_ui)
    usbGetDataWithTimout                     0x0800a899   Thumb Code    30  hw_config.o(i.usbGetDataWithTimout)
    usb_vcp_init                             0x0800a8bd   Thumb Code    48  hw_config.o(i.usb_vcp_init)
    usblinkDataProcessTask                   0x0800a8f1   Thumb Code    22  atkp.o(i.usblinkDataProcessTask)
    usblinkInit                              0x0800a909   Thumb Code    64  usblink.o(i.usblinkInit)
    usblinkReceivePacketBlocking             0x0800a97d   Thumb Code    38  usblink.o(i.usblinkReceivePacketBlocking)
    usblinkRxTask                            0x0800a9cd   Thumb Code   176  usblink.o(i.usblinkRxTask)
    usblinkSendPacket                        0x0800aa85   Thumb Code    54  usblink.o(i.usblinkSendPacket)
    usblinkTxTask                            0x0800ab09   Thumb Code   150  usblink.o(i.usblinkTxTask)
    usbsendData                              0x0800aba9   Thumb Code    26  hw_config.o(i.usbsendData)
    uxListRemove                             0x0800abc3   Thumb Code    36  list.o(i.uxListRemove)
    vApplicationStackOverflowHook            0x0800abe7   Thumb Code    16  freertosdebug.o(i.vApplicationStackOverflowHook)
    vListInitialise                          0x0800abf7   Thumb Code    22  list.o(i.vListInitialise)
    vListInitialiseItem                      0x0800ac0d   Thumb Code     6  list.o(i.vListInitialiseItem)
    vListInsert                              0x0800ac13   Thumb Code    48  list.o(i.vListInsert)
    vListInsertEnd                           0x0800ac43   Thumb Code    24  list.o(i.vListInsertEnd)
    vPortEnterCritical                       0x0800ac5d   Thumb Code    50  port.o(i.vPortEnterCritical)
    vPortExitCritical                        0x0800acfd   Thumb Code    34  port.o(i.vPortExitCritical)
    vPortFree                                0x0800ad65   Thumb Code    94  heap_4.o(i.vPortFree)
    vPortSetupTimerInterrupt                 0x0800ae45   Thumb Code    58  port.o(i.vPortSetupTimerInterrupt)
    vPortSuppressTicksAndSleep               0x0800ae89   Thumb Code   208  port.o(i.vPortSuppressTicksAndSleep)
    vPortValidateInterruptPriority           0x0800af5d   Thumb Code    70  port.o(i.vPortValidateInterruptPriority)
    vQueueAddToRegistry                      0x0800b009   Thumb Code    32  queue.o(i.vQueueAddToRegistry)
    vQueueWaitForMessageRestricted           0x0800b02d   Thumb Code    68  queue.o(i.vQueueWaitForMessageRestricted)
    vTaskDelay                               0x0800b071   Thumb Code    62  tasks.o(i.vTaskDelay)
    vTaskDelete                              0x0800b0e9   Thumb Code   154  tasks.o(i.vTaskDelete)
    vTaskMissedYield                         0x0800b1c1   Thumb Code     8  tasks.o(i.vTaskMissedYield)
    vTaskPlaceOnEventList                    0x0800b1cd   Thumb Code    44  tasks.o(i.vTaskPlaceOnEventList)
    vTaskPlaceOnEventListRestricted          0x0800b21d   Thumb Code    52  tasks.o(i.vTaskPlaceOnEventListRestricted)
    vTaskPriorityInherit                     0x0800b275   Thumb Code   124  tasks.o(i.vTaskPriorityInherit)
    vTaskResume                              0x0800b2f9   Thumb Code   112  tasks.o(i.vTaskResume)
    vTaskSetTimeOutState                     0x0800b399   Thumb Code    30  tasks.o(i.vTaskSetTimeOutState)
    vTaskStartScheduler                      0x0800b3dd   Thumb Code    96  tasks.o(i.vTaskStartScheduler)
    vTaskStepTick                            0x0800b495   Thumb Code    36  tasks.o(i.vTaskStepTick)
    vTaskSuspend                             0x0800b509   Thumb Code   158  tasks.o(i.vTaskSuspend)
    vTaskSuspendAll                          0x0800b5e5   Thumb Code    10  tasks.o(i.vTaskSuspendAll)
    vTaskSwitchContext                       0x0800b5f5   Thumb Code   102  tasks.o(i.vTaskSwitchContext)
    vl53lxxMenuInit                          0x0800b67d   Thumb Code    78  menul3_item.o(i.vl53lxxMenuInit)
    writeConfigParamToFlash                  0x0800b735   Thumb Code    26  config_param.o(i.writeConfigParamToFlash)
    xPortStartScheduler                      0x0800b795   Thumb Code   108  port.o(i.xPortStartScheduler)
    xPortSysTickHandler                      0x0800b80d   Thumb Code    38  port.o(i.xPortSysTickHandler)
    xQueueGenericCreate                      0x0800b839   Thumb Code    72  queue.o(i.xQueueGenericCreate)
    xQueueGenericReceive                     0x0800b8b9   Thumb Code   348  queue.o(i.xQueueGenericReceive)
    xQueueGenericReset                       0x0800ba3d   Thumb Code   128  queue.o(i.xQueueGenericReset)
    xQueueGenericSend                        0x0800badd   Thumb Code   350  queue.o(i.xQueueGenericSend)
    xQueueGenericSendFromISR                 0x0800bc69   Thumb Code   188  queue.o(i.xQueueGenericSendFromISR)
    xQueueGiveFromISR                        0x0800bd49   Thumb Code   162  queue.o(i.xQueueGiveFromISR)
    xTaskCheckForTimeOut                     0x0800be29   Thumb Code    94  tasks.o(i.xTaskCheckForTimeOut)
    xTaskCreate                              0x0800bebd   Thumb Code    86  tasks.o(i.xTaskCreate)
    xTaskGetSchedulerState                   0x0800bf15   Thumb Code    22  tasks.o(i.xTaskGetSchedulerState)
    xTaskGetTickCount                        0x0800bf31   Thumb Code     6  tasks.o(i.xTaskGetTickCount)
    xTaskIncrementTick                       0x0800bf3d   Thumb Code   188  tasks.o(i.xTaskIncrementTick)
    xTaskPriorityDisinherit                  0x0800c041   Thumb Code   136  tasks.o(i.xTaskPriorityDisinherit)
    xTaskRemoveFromEventList                 0x0800c115   Thumb Code   110  tasks.o(i.xTaskRemoveFromEventList)
    xTaskResumeAll                           0x0800c1b1   Thumb Code   180  tasks.o(i.xTaskResumeAll)
    xTimerCreate                             0x0800c29d   Thumb Code    74  timers.o(i.xTimerCreate)
    xTimerCreateTimerTask                    0x0800c31d   Thumb Code    56  timers.o(i.xTimerCreateTimerTask)
    xTimerGenericCommand                     0x0800c385   Thumb Code    98  timers.o(i.xTimerGenericCommand)
    finger_img                               0x0800c40c   Data          32  menul1_item.o(.constdata)
    radio_selected_img                       0x0800c42c   Data          32  menul2_item.o(.constdata)
    radio_unselected_img                     0x0800c44c   Data          32  menul2_item.o(.constdata)
    asc2_0608                                0x0800c46c   Data         570  font.o(.constdata)
    asc2_0612                                0x0800c6a6   Data        1140  font.o(.constdata)
    asc2_1224                                0x0800cb1a   Data        3420  font.o(.constdata)
    font_1212                                0x0800d876   Data        3840  font.o(.constdata)
    font_2424                                0x0800e776   Data         432  font.o(.constdata)
    bmp_logo                                 0x0800e926   Data         240  font.o(.constdata)
    bmp_rssi                                 0x0800ea16   Data         432  font.o(.constdata)
    bmp_battery                              0x0800ebc6   Data         260  font.o(.constdata)
    bmp_lock                                 0x0800ecca   Data         240  font.o(.constdata)
    bmp_flightMode                           0x0800edba   Data         240  font.o(.constdata)
    bmp_remoter2fly                          0x0800eeaa   Data          96  font.o(.constdata)
    scroll_btn_up                            0x0800ef0a   Data           8  scrollbar.o(.constdata)
    scroll_btn_down                          0x0800ef12   Data           8  scrollbar.o(.constdata)
    Virtual_Com_Port_DeviceDescriptor        0x0800ef1a   Data          18  usb_desc.o(.constdata)
    Virtual_Com_Port_ConfigDescriptor        0x0800ef2c   Data          67  usb_desc.o(.constdata)
    Virtual_Com_Port_StringLangID            0x0800ef6f   Data           4  usb_desc.o(.constdata)
    Virtual_Com_Port_StringVendor            0x0800ef73   Data          38  usb_desc.o(.constdata)
    Virtual_Com_Port_StringProduct           0x0800ef99   Data          50  usb_desc.o(.constdata)
    Region$$Table$$Base                      0x0800fc44   Number         0  anon$$obj.o(Region$$Table)
    Region$$Table$$Limit                     0x0800fc64   Number         0  anon$$obj.o(Region$$Table)
    SystemCoreClock                          0x20000004   Data           4  system_stm32f10x.o(.data)
    AHBPrescTable                            0x20000008   Data          16  system_stm32f10x.o(.data)
    rssi                                     0x20000058   Data           1  atkp.o(.data)
    plane_yaw                                0x2000005c   Data           4  atkp.o(.data)
    plane_roll                               0x20000060   Data           4  atkp.o(.data)
    plane_pitch                              0x20000064   Data           4  atkp.o(.data)
    plane_bat                                0x20000068   Data           4  atkp.o(.data)
    currentRun                               0x2000006e   Data           1  beep.o(.data)
    beepAction                               0x20000074   Data          16  beep.o(.data)
    radiolinkTaskHandle                      0x200000a0   Data           4  radiolink.o(.data)
    stepLanguage1                            0x200000d8   Data          12  joystickcalib_ui.o(.data)
    stepLanguage2                            0x200000e4   Data          12  joystickcalib_ui.o(.data)
    stepLanguage3                            0x200000f0   Data          12  joystickcalib_ui.o(.data)
    stepLanguage4                            0x200000fc   Data          12  joystickcalib_ui.o(.data)
    remoterLanguage                          0x20000128   Data          12  match_ui.o(.data)
    miniFlyLanguage                          0x20000134   Data          12  match_ui.o(.data)
    noteMsgLanguage                          0x20000140   Data          48  match_ui.o(.data)
    resultLanguage                           0x20000170   Data          24  match_ui.o(.data)
    CurMenu                                  0x2000018c   Data           4  menu_ui.o(.data)
    defaultTitle                             0x20000190   Data           4  menu_ui.o(.data)
    CurItem                                  0x20000198   Data           4  menu_ui.o(.data)
    MenuWindow                               0x200001a4   Data          28  menu_ui.o(.data)
    MenuScrollbar                            0x200001c0   Data          32  menu_ui.o(.data)
    mainMenuLanguage                         0x200001e0   Data         120  menul1_item.o(.data)
    controlmodeLanguage                      0x20000258   Data          36  menul2_item.o(.data)
    flymodeLanguage                          0x2000027c   Data          24  menul2_item.o(.data)
    flySpeedLanguage                         0x20000294   Data          36  menul2_item.o(.data)
    flipEnableLanguage                       0x200002b8   Data          24  menul2_item.o(.data)
    languageChoiceLanguage                   0x200002d0   Data          36  menul2_item.o(.data)
    expModuleLanguage                        0x200002f4   Data          48  menul2_item.o(.data)
    ledringLanguage                          0x20000324   Data         120  menul3_item.o(.data)
    cameraLanguage                           0x2000039c   Data          24  menul3_item.o(.data)
    opflowLanguage                           0x200003b4   Data          24  menul3_item.o(.data)
    ResetSystemMessageBox                    0x200003d4   Data          32  reset_ui.o(.data)
    resetSystemLanguage                      0x200003f4   Data          48  reset_ui.o(.data)
    nrfAddress                               0x20000430   Data           8  24l01.o(.data)
    disp_color                               0x20000438   Data           1  lcmdrv.o(.data)
    btn_ok_messagebox                        0x2000043c   Data          24  messagebox.o(.data)
    btn_cancel_messagebox                    0x20000454   Data          24  messagebox.o(.data)
    font1212_table                           0x2000046c   Data           4  text.o(.data)
    font2424_table                           0x20000470   Data           4  text.o(.data)
    pxCurrentTCB                             0x20000474   Data           4  tasks.o(.data)
    Virtual_Com_Port_StringSerial            0x200004f8   Data          26  usb_desc.o(.data)
    bIntPackSOF                              0x20000518   Data           1  usb_istr.o(.data)
    wIstr                                    0x2000051a   Data           2  usb_istr.o(.data)
    esof_counter                             0x2000051c   Data           4  usb_istr.o(.data)
    wCNTR                                    0x20000520   Data           4  usb_istr.o(.data)
    pEpInt_IN                                0x20000524   Data          28  usb_istr.o(.data)
    pEpInt_OUT                               0x20000540   Data          28  usb_istr.o(.data)
    Request                                  0x2000055c   Data           1  usb_prop.o(.data)
    linecoding                               0x20000560   Data           8  usb_prop.o(.data)
    Device_Descriptor                        0x20000568   Data           8  usb_prop.o(.data)
    Config_Descriptor                        0x20000570   Data           8  usb_prop.o(.data)
    Device_Property                          0x20000578   Data          48  usb_prop.o(.data)
    String_Descriptor                        0x200005a8   Data          32  usb_prop.o(.data)
    Device_Table                             0x200005c8   Data           2  usb_prop.o(.data)
    User_Standard_Requests                   0x200005cc   Data          36  usb_prop.o(.data)
    bDeviceState                             0x200005f0   Data           4  usb_pwr.o(.data)
    fSuspendEnabled                          0x200005f4   Data           1  usb_pwr.o(.data)
    ResumeS                                  0x200005f8   Data           2  usb_pwr.o(.data)
    remotewakeupon                           0x200005fc   Data           4  usb_pwr.o(.data)
    Data_Mul_MaxPacketSize                   0x20000600   Data           1  usb_core.o(.data)
    StatusInfo                               0x20000602   Data           2  usb_core.o(.data)
    EPindex                                  0x20000604   Data           1  usb_init.o(.data)
    pInformation                             0x20000608   Data           4  usb_init.o(.data)
    pProperty                                0x2000060c   Data           4  usb_init.o(.data)
    pUser_Standard_Requests                  0x20000610   Data           4  usb_init.o(.data)
    wInterrupt_Mask                          0x20000614   Data           2  usb_init.o(.data)
    SaveRState                               0x20000616   Data           2  usb_int.o(.data)
    SaveTState                               0x20000618   Data           2  usb_int.o(.data)
    configParam                              0x2000061c   Data          56  config_param.o(.bss)
    mainMenu                                 0x200006c0   Data         280  menul1_item.o(.bss)
    controlmodeMenu                          0x200007d8   Data          84  menul2_item.o(.bss)
    flymodeMenu                              0x2000082c   Data          56  menul2_item.o(.bss)
    flyspeedMenu                             0x20000864   Data          84  menul2_item.o(.bss)
    flipEnableMenu                           0x200008b8   Data          56  menul2_item.o(.bss)
    languageMenu                             0x200008f0   Data          84  menul2_item.o(.bss)
    expModuleMenu                            0x20000944   Data         112  menul2_item.o(.bss)
    ledringMenu                              0x200009b4   Data         280  menul3_item.o(.bss)
    cameraMenu                               0x20000acc   Data          56  menul3_item.o(.bss)
    opflowMenu                               0x20000b04   Data          56  menul3_item.o(.bss)
    adc_value                                0x20000b3c   Data         100  adc.o(.bss)
    STMFLASH_BUF                             0x20000fa0   Data        1024  stmflash.o(.bss)
    xQueueRegistry                           0x200013a0   Data          64  queue.o(.bss)
    uu_txfifo                                0x20003d0c   Data         260  hw_config.o(.bss)
    uu_rxfifo                                0x20003e10   Data         260  hw_config.o(.bss)
    USART_PRINTF_Buffer                      0x20003f14   Data         256  hw_config.o(.bss)
    USB_Rx_Buffer                            0x20004014   Data          64  usb_endp.o(.bss)
    EP                                       0x20004054   Data          32  usb_pwr.o(.bss)
    Device_Info                              0x20004074   Data          28  usb_init.o(.bss)
    __initial_sp                             0x20004490   Data           0  startup_stm32f10x_md.o(STACK)



==============================================================================

Memory Map of the image

  Image Entry point : 0x080024ed

  Load Region LR_IROM1 (Base: 0x08002400, Size: 0x0000de80, Max: 0x0001dc00, ABSOLUTE, COMPRESSED[0x0000db28])

    Execution Region ER_IROM1 (Exec base: 0x08002400, Load base: 0x08002400, Size: 0x0000d864, Max: 0x0001dc00, ABSOLUTE)

    Exec Addr    Load Addr    Size         Type   Attr      Idx    E Section Name        Object

    0x08002400   0x08002400   0x000000ec   Data   RO         5048    RESET               startup_stm32f10x_md.o
    0x080024ec   0x080024ec   0x00000000   Code   RO         5053  * .ARM.Collect$$$$00000000  mc_w.l(entry.o)
    0x080024ec   0x080024ec   0x00000004   Code   RO         5361    .ARM.Collect$$$$00000001  mc_w.l(entry2.o)
    0x080024f0   0x080024f0   0x00000004   Code   RO         5364    .ARM.Collect$$$$00000004  mc_w.l(entry5.o)
    0x080024f4   0x080024f4   0x00000000   Code   RO         5366    .ARM.Collect$$$$00000008  mc_w.l(entry7b.o)
    0x080024f4   0x080024f4   0x00000000   Code   RO         5368    .ARM.Collect$$$$0000000A  mc_w.l(entry8b.o)
    0x080024f4   0x080024f4   0x00000008   Code   RO         5369    .ARM.Collect$$$$0000000B  mc_w.l(entry9a.o)
    0x080024fc   0x080024fc   0x00000000   Code   RO         5371    .ARM.Collect$$$$0000000D  mc_w.l(entry10a.o)
    0x080024fc   0x080024fc   0x00000000   Code   RO         5373    .ARM.Collect$$$$0000000F  mc_w.l(entry11a.o)
    0x080024fc   0x080024fc   0x00000004   Code   RO         5362    .ARM.Collect$$$$00002712  mc_w.l(entry2.o)
    0x08002500   0x08002500   0x00000096   Code   RO         2785    .emb_text           port.o
    0x08002596   0x08002596   0x00000002   PAD
    0x08002598   0x08002598   0x00000024   Code   RO         5049    .text               startup_stm32f10x_md.o
    0x080025bc   0x080025bc   0x00000024   Code   RO         5056    .text               mc_w.l(memcpya.o)
    0x080025e0   0x080025e0   0x00000024   Code   RO         5058    .text               mc_w.l(memseta.o)
    0x08002604   0x08002604   0x0000000e   Code   RO         5060    .text               mc_w.l(strlen.o)
    0x08002612   0x08002612   0x000000b0   Code   RO         5325    .text               mf_w.l(fadd.o)
    0x080026c2   0x080026c2   0x00000064   Code   RO         5327    .text               mf_w.l(fmul.o)
    0x08002726   0x08002726   0x0000007c   Code   RO         5329    .text               mf_w.l(fdiv.o)
    0x080027a2   0x080027a2   0x0000014e   Code   RO         5331    .text               mf_w.l(dadd.o)
    0x080028f0   0x080028f0   0x000000e4   Code   RO         5333    .text               mf_w.l(dmul.o)
    0x080029d4   0x080029d4   0x000000de   Code   RO         5335    .text               mf_w.l(ddiv.o)
    0x08002ab2   0x08002ab2   0x0000002e   Code   RO         5337    .text               mf_w.l(dscalb.o)
    0x08002ae0   0x08002ae0   0x00000012   Code   RO         5339    .text               mf_w.l(fflti.o)
    0x08002af2   0x08002af2   0x00000022   Code   RO         5341    .text               mf_w.l(dflti.o)
    0x08002b14   0x08002b14   0x0000001a   Code   RO         5343    .text               mf_w.l(dfltui.o)
    0x08002b2e   0x08002b2e   0x00000032   Code   RO         5345    .text               mf_w.l(ffixi.o)
    0x08002b60   0x08002b60   0x00000028   Code   RO         5347    .text               mf_w.l(ffixui.o)
    0x08002b88   0x08002b88   0x00000026   Code   RO         5349    .text               mf_w.l(f2d.o)
    0x08002bae   0x08002bae   0x00000002   PAD
    0x08002bb0   0x08002bb0   0x00000030   Code   RO         5351    .text               mf_w.l(cdcmple.o)
    0x08002be0   0x08002be0   0x00000030   Code   RO         5353    .text               mf_w.l(cdrcmple.o)
    0x08002c10   0x08002c10   0x00000038   Code   RO         5355    .text               mf_w.l(d2f.o)
    0x08002c48   0x08002c48   0x00000014   Code   RO         5357    .text               mf_w.l(cfcmple.o)
    0x08002c5c   0x08002c5c   0x00000014   Code   RO         5359    .text               mf_w.l(cfrcmple.o)
    0x08002c70   0x08002c70   0x0000002c   Code   RO         5378    .text               mc_w.l(uidiv.o)
    0x08002c9c   0x08002c9c   0x00000062   Code   RO         5380    .text               mc_w.l(uldiv.o)
    0x08002cfe   0x08002cfe   0x0000001e   Code   RO         5382    .text               mc_w.l(llshl.o)
    0x08002d1c   0x08002d1c   0x00000024   Code   RO         5384    .text               mc_w.l(llsshr.o)
    0x08002d40   0x08002d40   0x00000000   Code   RO         5386    .text               mc_w.l(iusefp.o)
    0x08002d40   0x08002d40   0x0000006e   Code   RO         5387    .text               mf_w.l(fepilogue.o)
    0x08002dae   0x08002dae   0x000000ba   Code   RO         5389    .text               mf_w.l(depilogue.o)
    0x08002e68   0x08002e68   0x00000030   Code   RO         5391    .text               mf_w.l(dfixul.o)
    0x08002e98   0x08002e98   0x00000024   Code   RO         5393    .text               mc_w.l(init.o)
    0x08002ebc   0x08002ebc   0x00000020   Code   RO         5396    .text               mc_w.l(llushr.o)
    0x08002edc   0x08002edc   0x00000056   Code   RO         5407    .text               mc_w.l(__dczerorl2.o)
    0x08002f32   0x08002f32   0x00000014   Code   RO         4388    i.ADC_Cmd           stm32f10x_adc.o
    0x08002f46   0x08002f46   0x00000014   Code   RO         4389    i.ADC_DMACmd        stm32f10x_adc.o
    0x08002f5a   0x08002f5a   0x00000002   PAD
    0x08002f5c   0x08002f5c   0x00000044   Code   RO         4390    i.ADC_DeInit        stm32f10x_adc.o
    0x08002fa0   0x08002fa0   0x0000000e   Code   RO         4396    i.ADC_GetCalibrationStatus  stm32f10x_adc.o
    0x08002fae   0x08002fae   0x0000000e   Code   RO         4402    i.ADC_GetResetCalibrationStatus  stm32f10x_adc.o
    0x08002fbc   0x08002fbc   0x00000048   Code   RO         4406    i.ADC_Init          stm32f10x_adc.o
    0x08003004   0x08003004   0x00000074   Code   RO         4410    i.ADC_RegularChannelConfig  stm32f10x_adc.o
    0x08003078   0x08003078   0x0000000a   Code   RO         4411    i.ADC_ResetCalibration  stm32f10x_adc.o
    0x08003082   0x08003082   0x00000014   Code   RO         4413    i.ADC_SoftwareStartConvCmd  stm32f10x_adc.o
    0x08003096   0x08003096   0x0000000a   Code   RO         4415    i.ADC_StartCalibration  stm32f10x_adc.o
    0x080030a0   0x080030a0   0x00000104   Code   RO          518    i.ADCtoFlyDataPercent  joystick.o
    0x080031a4   0x080031a4   0x00000120   Code   RO         1577    i.Adc_Init          adc.o
    0x080032c4   0x080032c4   0x00000002   Code   RO          215    i.BusFault_Handler  stm32f10x_it.o
    0x080032c6   0x080032c6   0x0000000a   Code   RO         3468    i.ByteSwap          usb_regs.o
    0x080032d0   0x080032d0   0x00000158   Code   RO         3421    i.CTR_LP            usb_int.o
    0x08003428   0x08003428   0x00000028   Code   RO         3469    i.ClearDTOG_RX      usb_regs.o
    0x08003450   0x08003450   0x00000028   Code   RO         3470    i.ClearDTOG_TX      usb_regs.o
    0x08003478   0x08003478   0x00000020   Code   RO         3475    i.Clear_Status_Out  usb_regs.o
    0x08003498   0x08003498   0x00000016   Code   RO         4804    i.DMA_Cmd           stm32f10x_dma.o
    0x080034ae   0x080034ae   0x00000002   PAD
    0x080034b0   0x080034b0   0x000000e4   Code   RO         4805    i.DMA_DeInit        stm32f10x_dma.o
    0x08003594   0x08003594   0x0000003a   Code   RO         4810    i.DMA_Init          stm32f10x_dma.o
    0x080035ce   0x080035ce   0x00000002   PAD
    0x080035d0   0x080035d0   0x000000b4   Code   RO         3275    i.DataStageIn       usb_core.o
    0x08003684   0x08003684   0x000000a4   Code   RO         3276    i.DataStageOut      usb_core.o
    0x08003728   0x08003728   0x0000019c   Code   RO         3277    i.Data_Setup0       usb_core.o
    0x080038c4   0x080038c4   0x00000002   Code   RO          216    i.DebugMon_Handler  stm32f10x_it.o
    0x080038c6   0x080038c6   0x00000002   PAD
    0x080038c8   0x080038c8   0x000000a8   Code   RO         1005    i.DisplayMenuInit   menu_ui.o
    0x08003970   0x08003970   0x00000078   Code   RO         3079    i.EP1_IN_Callback   usb_endp.o
    0x080039e8   0x080039e8   0x00000020   Code   RO         3080    i.EP3_OUT_Callback  usb_endp.o
    0x08003a08   0x08003a08   0x00000028   Code   RO         1429    i.EXTI15_10_IRQHandler  24l01.o
    0x08003a30   0x08003a30   0x0000000c   Code   RO         4749    i.EXTI_ClearITPendingBit  stm32f10x_exti.o
    0x08003a3c   0x08003a3c   0x00000020   Code   RO         4753    i.EXTI_GetITStatus  stm32f10x_exti.o
    0x08003a5c   0x08003a5c   0x00000070   Code   RO         4754    i.EXTI_Init         stm32f10x_exti.o
    0x08003acc   0x08003acc   0x0000000c   Code   RO         2919    i.Enter_LowPowerMode  hw_config.o
    0x08003ad8   0x08003ad8   0x0000003c   Code   RO         4879    i.FLASH_ErasePage   stm32f10x_flash.o
    0x08003b14   0x08003b14   0x00000028   Code   RO         4880    i.FLASH_GetBank1Status  stm32f10x_flash.o
    0x08003b3c   0x08003b3c   0x00000010   Code   RO         4889    i.FLASH_Lock        stm32f10x_flash.o
    0x08003b4c   0x08003b4c   0x00000034   Code   RO         4892    i.FLASH_ProgramHalfWord  stm32f10x_flash.o
    0x08003b80   0x08003b80   0x00000018   Code   RO         4897    i.FLASH_Unlock      stm32f10x_flash.o
    0x08003b98   0x08003b98   0x00000022   Code   RO         4901    i.FLASH_WaitForLastOperation  stm32f10x_flash.o
    0x08003bba   0x08003bba   0x00000002   PAD
    0x08003bbc   0x08003bbc   0x00000028   Code   RO         3891    i.GPIO_EXTILineConfig  stm32f10x_gpio.o
    0x08003be4   0x08003be4   0x0000009c   Code   RO         3894    i.GPIO_Init         stm32f10x_gpio.o
    0x08003c80   0x08003c80   0x00000058   Code   RO         3896    i.GPIO_PinRemapConfig  stm32f10x_gpio.o
    0x08003cd8   0x08003cd8   0x0000000e   Code   RO         3898    i.GPIO_ReadInputDataBit  stm32f10x_gpio.o
    0x08003ce6   0x08003ce6   0x00000004   Code   RO         3901    i.GPIO_ResetBits    stm32f10x_gpio.o
    0x08003cea   0x08003cea   0x00000004   Code   RO         3902    i.GPIO_SetBits      stm32f10x_gpio.o
    0x08003cee   0x08003cee   0x000001fa   Code   RO         1821    i.GUI_Arc4          gui_basic.o
    0x08003ee8   0x08003ee8   0x0000013c   Code   RO         1760    i.GUI_Button_Selected  button.o
    0x08004024   0x08004024   0x000001c2   Code   RO         1822    i.GUI_Circle        gui_basic.o
    0x080041e6   0x080041e6   0x00000004   Code   RO         1916    i.GUI_ClearSCR      lcmdrv.o
    0x080041ea   0x080041ea   0x0000001a   Code   RO         1824    i.GUI_CmpPointColor  gui_basic.o
    0x08004204   0x08004204   0x0000012e   Code   RO         1761    i.GUI_DrawButton    button.o
    0x08004332   0x08004332   0x000002d2   Code   RO         1825    i.GUI_FloodFill     gui_basic.o
    0x08004604   0x08004604   0x0000002c   Code   RO         1918    i.GUI_HLine         lcmdrv.o
    0x08004630   0x08004630   0x000000c8   Code   RO         1826    i.GUI_Line          gui_basic.o
    0x080046f8   0x080046f8   0x0000006c   Code   RO         1904    i.GUI_MenuItemDraw  gui_menu.o
    0x08004764   0x08004764   0x00000028   Code   RO         1978    i.GUI_MessageBoxButtonStatus  messagebox.o
    0x0800478c   0x0800478c   0x00000114   Code   RO         1980    i.GUI_MessageBoxDraw  messagebox.o
    0x080048a0   0x080048a0   0x0000000c   Code   RO         1981    i.GUI_MessageBoxResult  messagebox.o
    0x080048ac   0x080048ac   0x00000006   Code   RO         1920    i.GUI_Point         lcmdrv.o
    0x080048b2   0x080048b2   0x0000002a   Code   RO         1921    i.GUI_RLine         lcmdrv.o
    0x080048dc   0x080048dc   0x0000004a   Code   RO         1828    i.GUI_ReadLeftPoint  gui_basic.o
    0x08004926   0x08004926   0x00000010   Code   RO         1922    i.GUI_ReadPoint     lcmdrv.o
    0x08004936   0x08004936   0x00000030   Code   RO         1829    i.GUI_ReadRightPoint  gui_basic.o
    0x08004966   0x08004966   0x00000044   Code   RO         1830    i.GUI_Rectangle     gui_basic.o
    0x080049aa   0x080049aa   0x0000005e   Code   RO         1831    i.GUI_RectangleFill  gui_basic.o
    0x08004a08   0x08004a08   0x00000004   Code   RO         1923    i.GUI_Refresh       lcmdrv.o
    0x08004a0c   0x08004a0c   0x000000b8   Code   RO         2019    i.GUI_ScrollbarDraw  scrollbar.o
    0x08004ac4   0x08004ac4   0x0000006c   Code   RO         2020    i.GUI_Scrollbar_SetPos  scrollbar.o
    0x08004b30   0x08004b30   0x000000ac   Code   RO         2081    i.GUI_WindowsDraw   windows.o
    0x08004bdc   0x08004bdc   0x00000020   Code   RO         3487    i.GetEPRxAddr       usb_regs.o
    0x08004bfc   0x08004bfc   0x00000020   Code   RO         3488    i.GetEPRxCount      usb_regs.o
    0x08004c1c   0x08004c1c   0x0000001c   Code   RO         3490    i.GetEPTxAddr       usb_regs.o
    0x08004c38   0x08004c38   0x00000034   Code   RO         2920    i.Get_SerialNum     hw_config.o
    0x08004c6c   0x08004c6c   0x00000002   Code   RO          217    i.HardFault_Handler  stm32f10x_it.o
    0x08004c6e   0x08004c6e   0x00000004   Code   RO          360    i.INTX_DISABLE      sys.o
    0x08004c72   0x08004c72   0x00000002   PAD
    0x08004c74   0x08004c74   0x0000005c   Code   RO         3278    i.In0_Process       usb_core.o
    0x08004cd0   0x08004cd0   0x00000036   Code   RO         2921    i.IntToUnicode      hw_config.o
    0x08004d06   0x08004d06   0x00000002   PAD
    0x08004d08   0x08004d08   0x0000001c   Code   RO         2922    i.Leave_LowPowerMode  hw_config.o
    0x08004d24   0x08004d24   0x00000002   Code   RO          218    i.MemManage_Handler  stm32f10x_it.o
    0x08004d26   0x08004d26   0x00000002   PAD
    0x08004d28   0x08004d28   0x000001e0   Code   RO         1006    i.Menu_Run          menu_ui.o
    0x08004f08   0x08004f08   0x00000002   Code   RO          219    i.NMI_Handler       stm32f10x_it.o
    0x08004f0a   0x08004f0a   0x00000002   Code   RO         3279    i.NOP_Process       usb_core.o
    0x08004f0c   0x08004f0c   0x000000f0   Code   RO         1430    i.NRF_Init          24l01.o
    0x08004ffc   0x08004ffc   0x00000064   Code   RO         3852    i.NVIC_Init         misc.o
    0x08005060   0x08005060   0x00000014   Code   RO         3853    i.NVIC_PriorityGroupConfig  misc.o
    0x08005074   0x08005074   0x00000014   Code   RO         3854    i.NVIC_SetVectorTable  misc.o
    0x08005088   0x08005088   0x000000d4   Code   RO         3280    i.NoData_Setup0     usb_core.o
    0x0800515c   0x0800515c   0x00000048   Code   RO         3281    i.Out0_Process      usb_core.o
    0x080051a4   0x080051a4   0x00000020   Code   RO         3450    i.PMAToUserBufferCopy  usb_mem.o
    0x080051c4   0x080051c4   0x00000044   Code   RO         3282    i.Post0_Process     usb_core.o
    0x08005208   0x08005208   0x0000002c   Code   RO         3231    i.PowerOn           usb_pwr.o
    0x08005234   0x08005234   0x00000014   Code   RO         4002    i.RCC_ADCCLKConfig  stm32f10x_rcc.o
    0x08005248   0x08005248   0x00000018   Code   RO         4003    i.RCC_AHBPeriphClockCmd  stm32f10x_rcc.o
    0x08005260   0x08005260   0x00000018   Code   RO         4004    i.RCC_APB1PeriphClockCmd  stm32f10x_rcc.o
    0x08005278   0x08005278   0x00000018   Code   RO         4006    i.RCC_APB2PeriphClockCmd  stm32f10x_rcc.o
    0x08005290   0x08005290   0x00000018   Code   RO         4007    i.RCC_APB2PeriphResetCmd  stm32f10x_rcc.o
    0x080052a8   0x080052a8   0x0000000c   Code   RO         4032    i.RCC_USBCLKConfig  stm32f10x_rcc.o
    0x080052b4   0x080052b4   0x00000094   Code   RO         3232    i.Resume            usb_pwr.o
    0x08005348   0x08005348   0x00000020   Code   RO         3233    i.Resume_Init       usb_pwr.o
    0x08005368   0x08005368   0x00000028   Code   RO         3081    i.SOF_Callback      usb_endp.o
    0x08005390   0x08005390   0x00000014   Code   RO         4609    i.SPI_Cmd           stm32f10x_spi.o
    0x080053a4   0x080053a4   0x0000000e   Code   RO         4617    i.SPI_I2S_GetFlagStatus  stm32f10x_spi.o
    0x080053b2   0x080053b2   0x00000004   Code   RO         4620    i.SPI_I2S_ReceiveData  stm32f10x_spi.o
    0x080053b6   0x080053b6   0x00000004   Code   RO         4621    i.SPI_I2S_SendData  stm32f10x_spi.o
    0x080053ba   0x080053ba   0x00000038   Code   RO         4622    i.SPI_Init          stm32f10x_spi.o
    0x080053f2   0x080053f2   0x0000002a   Code   RO         1431    i.SPI_RWByte        24l01.o
    0x0800541c   0x0800541c   0x00000020   Code   RO         1627    i.SPI_WByte         oled.o
    0x0800543c   0x0800543c   0x00000018   Code   RO         1722    i.STMFLASH_Read     stmflash.o
    0x08005454   0x08005454   0x000000c0   Code   RO         1724    i.STMFLASH_Write    stmflash.o
    0x08005514   0x08005514   0x00000026   Code   RO         1725    i.STMFLASH_Write_NoCheck  stmflash.o
    0x0800553a   0x0800553a   0x00000002   PAD
    0x0800553c   0x0800553c   0x00000010   Code   RO         3498    i.SetBTABLE         usb_regs.o
    0x0800554c   0x0800554c   0x00000048   Code   RO         3283    i.SetDeviceAddress  usb_core.o
    0x08005594   0x08005594   0x00000020   Code   RO         3512    i.SetEPRxAddr       usb_regs.o
    0x080055b4   0x080055b4   0x00000040   Code   RO         3513    i.SetEPRxCount      usb_regs.o
    0x080055f4   0x080055f4   0x00000030   Code   RO         3514    i.SetEPRxStatus     usb_regs.o
    0x08005624   0x08005624   0x00000024   Code   RO         3515    i.SetEPRxValid      usb_regs.o
    0x08005648   0x08005648   0x00000020   Code   RO         3516    i.SetEPTxAddr       usb_regs.o
    0x08005668   0x08005668   0x0000001c   Code   RO         3517    i.SetEPTxCount      usb_regs.o
    0x08005684   0x08005684   0x00000030   Code   RO         3518    i.SetEPTxStatus     usb_regs.o
    0x080056b4   0x080056b4   0x00000024   Code   RO         3519    i.SetEPTxValid      usb_regs.o
    0x080056d8   0x080056d8   0x0000001c   Code   RO         3520    i.SetEPType         usb_regs.o
    0x080056f4   0x080056f4   0x000000a8   Code   RO          286    i.SetSysClockTo72   system_stm32f10x.o
    0x0800579c   0x0800579c   0x00000014   Code   RO         2923    i.Set_USBClock      hw_config.o
    0x080057b0   0x080057b0   0x00000068   Code   RO         3284    i.Setup0_Process    usb_core.o
    0x08005818   0x08005818   0x000000fc   Code   RO         3285    i.Standard_ClearFeature  usb_core.o
    0x08005914   0x08005914   0x00000028   Code   RO         3286    i.Standard_GetConfiguration  usb_core.o
    0x0800593c   0x0800593c   0x0000001c   Code   RO         3287    i.Standard_GetDescriptorData  usb_core.o
    0x08005958   0x08005958   0x00000028   Code   RO         3288    i.Standard_GetInterface  usb_core.o
    0x08005980   0x08005980   0x00000094   Code   RO         3289    i.Standard_GetStatus  usb_core.o
    0x08005a14   0x08005a14   0x00000038   Code   RO         3290    i.Standard_SetConfiguration  usb_core.o
    0x08005a4c   0x08005a4c   0x00000024   Code   RO         3291    i.Standard_SetDeviceFeature  usb_core.o
    0x08005a70   0x08005a70   0x00000088   Code   RO         3292    i.Standard_SetEndPointFeature  usb_core.o
    0x08005af8   0x08005af8   0x00000048   Code   RO         3293    i.Standard_SetInterface  usb_core.o
    0x08005b40   0x08005b40   0x00000080   Code   RO         3234    i.Suspend           usb_pwr.o
    0x08005bc0   0x08005bc0   0x00000018   Code   RO         3856    i.SysTick_CLKSourceConfig  misc.o
    0x08005bd8   0x08005bd8   0x00000014   Code   RO          315    i.SysTick_Handler   delay.o
    0x08005bec   0x08005bec   0x00000050   Code   RO          288    i.SystemInit        system_stm32f10x.o
    0x08005c3c   0x08005c3c   0x00000020   Code   RO         2924    i.USART_Config      hw_config.o
    0x08005c5c   0x08005c5c   0x00000008   Code   RO         2925    i.USBWakeUp_IRQHandler  hw_config.o
    0x08005c64   0x08005c64   0x00000002   Code   RO         2926    i.USB_Cable_Config  hw_config.o
    0x08005c66   0x08005c66   0x00000002   PAD
    0x08005c68   0x08005c68   0x00000028   Code   RO         3394    i.USB_Init          usb_init.o
    0x08005c90   0x08005c90   0x0000004e   Code   RO         2927    i.USB_Interrupts_Config  hw_config.o
    0x08005cde   0x08005cde   0x00000002   PAD
    0x08005ce0   0x08005ce0   0x0000014c   Code   RO         3107    i.USB_Istr          usb_istr.o
    0x08005e2c   0x08005e2c   0x00000004   Code   RO         2928    i.USB_LP_CAN1_RX0_IRQHandler  hw_config.o
    0x08005e30   0x08005e30   0x0000004c   Code   RO         2929    i.USB_Port_Set      hw_config.o
    0x08005e7c   0x08005e7c   0x00000020   Code   RO         3828    i.USB_SIL_Init      usb_sil.o
    0x08005e9c   0x08005e9c   0x00000024   Code   RO         3829    i.USB_SIL_Read      usb_sil.o
    0x08005ec0   0x08005ec0   0x00000028   Code   RO         2930    i.USB_SendData      hw_config.o
    0x08005ee8   0x08005ee8   0x00000034   Code   RO         2931    i.USB_To_USART_Send_Data  hw_config.o
    0x08005f1c   0x08005f1c   0x00000002   Code   RO          220    i.UsageFault_Handler  stm32f10x_it.o
    0x08005f1e   0x08005f1e   0x00000002   PAD
    0x08005f20   0x08005f20   0x00000028   Code   RO         3451    i.UserToPMABufferCopy  usb_mem.o
    0x08005f48   0x08005f48   0x00000054   Code   RO         3127    i.Virtual_Com_Port_Data_Setup  usb_prop.o
    0x08005f9c   0x08005f9c   0x0000000c   Code   RO         3128    i.Virtual_Com_Port_GetConfigDescriptor  usb_prop.o
    0x08005fa8   0x08005fa8   0x0000000c   Code   RO         3129    i.Virtual_Com_Port_GetDeviceDescriptor  usb_prop.o
    0x08005fb4   0x08005fb4   0x0000001c   Code   RO         3130    i.Virtual_Com_Port_GetLineCoding  usb_prop.o
    0x08005fd0   0x08005fd0   0x00000020   Code   RO         3131    i.Virtual_Com_Port_GetStringDescriptor  usb_prop.o
    0x08005ff0   0x08005ff0   0x0000000e   Code   RO         3132    i.Virtual_Com_Port_Get_Interface_Setting  usb_prop.o
    0x08005ffe   0x08005ffe   0x00000002   PAD
    0x08006000   0x08006000   0x00000024   Code   RO         3133    i.Virtual_Com_Port_NoData_Setup  usb_prop.o
    0x08006024   0x08006024   0x000000e0   Code   RO         3134    i.Virtual_Com_Port_Reset  usb_prop.o
    0x08006104   0x08006104   0x00000018   Code   RO         3135    i.Virtual_Com_Port_SetConfiguration  usb_prop.o
    0x0800611c   0x0800611c   0x0000000c   Code   RO         3136    i.Virtual_Com_Port_SetDeviceAddress  usb_prop.o
    0x08006128   0x08006128   0x0000001c   Code   RO         3137    i.Virtual_Com_Port_SetLineCoding  usb_prop.o
    0x08006144   0x08006144   0x00000018   Code   RO         3138    i.Virtual_Com_Port_Status_In  usb_prop.o
    0x0800615c   0x0800615c   0x00000002   Code   RO         3139    i.Virtual_Com_Port_Status_Out  usb_prop.o
    0x0800615e   0x0800615e   0x00000002   PAD
    0x08006160   0x08006160   0x00000024   Code   RO         3140    i.Virtual_Com_Port_init  usb_prop.o
    0x08006184   0x08006184   0x00000028   Code   RO         5299    i.__0sprintf        mc_w.l(printfa.o)
    0x080061ac   0x080061ac   0x0000000e   Code   RO         5401    i.__scatterload_copy  mc_w.l(handlers.o)
    0x080061ba   0x080061ba   0x00000002   Code   RO         5402    i.__scatterload_null  mc_w.l(handlers.o)
    0x080061bc   0x080061bc   0x0000000e   Code   RO         5403    i.__scatterload_zeroinit  mc_w.l(handlers.o)
    0x080061ca   0x080061ca   0x00000002   PAD
    0x080061cc   0x080061cc   0x00000184   Code   RO         5304    i._fp_digits        mc_w.l(printfa.o)
    0x08006350   0x08006350   0x000006dc   Code   RO         5305    i._printf_core      mc_w.l(printfa.o)
    0x08006a2c   0x08006a2c   0x00000024   Code   RO         5306    i._printf_post_padding  mc_w.l(printfa.o)
    0x08006a50   0x08006a50   0x0000002e   Code   RO         5307    i._printf_pre_padding  mc_w.l(printfa.o)
    0x08006a7e   0x08006a7e   0x0000000a   Code   RO         5309    i._sputc            mc_w.l(printfa.o)
    0x08006a88   0x08006a88   0x00000002   Code   RO         1384    i.assertFail        debug_assert.o
    0x08006a8a   0x08006a8a   0x00000002   PAD
    0x08006a8c   0x08006a8c   0x000000b4   Code   RO          439    i.atkpAnalyze       atkp.o
    0x08006b40   0x08006b40   0x0000006c   Code   RO          483    i.beepInit          beep.o
    0x08006bac   0x08006bac   0x00000020   Code   RO          388    i.calculate_cksum   config_param.o
    0x08006bcc   0x08006bcc   0x00000070   Code   RO         1218    i.cameraMenuInit    menul3_item.o
    0x08006c3c   0x08006c3c   0x0000023c   Code   RO          661    i.commanderTask     remoter_ctrl.o
    0x08006e78   0x08006e78   0x00000058   Code   RO          389    i.configParamInit   config_param.o
    0x08006ed0   0x08006ed0   0x00000038   Code   RO          390    i.configParamReset  config_param.o
    0x08006f08   0x08006f08   0x00000058   Code   RO          391    i.configParamTask   config_param.o
    0x08006f60   0x08006f60   0x00000090   Code   RO         1102    i.controlmodeMenuInit  menul2_item.o
    0x08006ff0   0x08006ff0   0x00000022   Code   RO          519    i.deadband          joystick.o
    0x08007012   0x08007012   0x00000002   PAD
    0x08007014   0x08007014   0x00000214   Code   RO          784    i.debug_ui          debug_ui.o
    0x08007228   0x08007228   0x00000048   Code   RO          316    i.delay_init        delay.o
    0x08007270   0x08007270   0x00000038   Code   RO          317    i.delay_ms          delay.o
    0x080072a8   0x080072a8   0x00000034   Code   RO          318    i.delay_us          delay.o
    0x080072dc   0x080072dc   0x0000002e   Code   RO          804    i.displayInit       display.o
    0x0800730a   0x0800730a   0x00000002   PAD
    0x0800730c   0x0800730c   0x0000004c   Code   RO          805    i.displayTask       display.o
    0x08007358   0x08007358   0x00000030   Code   RO         2359    i.eTaskConfirmSleepModeStatus  tasks.o
    0x08007388   0x08007388   0x00000024   Code   RO         1007    i.exitMenu          menu_ui.o
    0x080073ac   0x080073ac   0x00000078   Code   RO         1103    i.expModuleMenuInit  menul2_item.o
    0x08007424   0x08007424   0x00000034   Code   RO         1053    i.expModuleMenuSet  menul1_item.o
    0x08007458   0x08007458   0x000001bc   Code   RO          890    i.flight            main_ui.o
    0x08007614   0x08007614   0x0000007c   Code   RO         1104    i.flipEnableMenuInit  menul2_item.o
    0x08007690   0x08007690   0x00000094   Code   RO         1105    i.flySpeedMenuInit  menul2_item.o
    0x08007724   0x08007724   0x0000007c   Code   RO         1106    i.flymodeMenuInit   menul2_item.o
    0x080077a0   0x080077a0   0x00000028   Code   RO         1578    i.getAdcValue       adc.o
    0x080077c8   0x080077c8   0x00000016   Code   RO         1762    i.getBtnStringlen   button.o
    0x080077de   0x080077de   0x00000002   PAD
    0x080077e0   0x080077e0   0x00000010   Code   RO          662    i.getFlyControlData  remoter_ctrl.o
    0x080077f0   0x080077f0   0x00000026   Code   RO          520    i.getFlyDataADCValue  joystick.o
    0x08007816   0x08007816   0x00000002   PAD
    0x08007818   0x08007818   0x0000000c   Code   RO          891    i.getIsMFCanFly     main_ui.o
    0x08007824   0x08007824   0x000000b4   Code   RO          521    i.getJoystick1Dir   joystick.o
    0x080078d8   0x080078d8   0x000000b4   Code   RO          522    i.getJoystick2Dir   joystick.o
    0x0800798c   0x0800798c   0x00000010   Code   RO          564    i.getKeyState       keytask.o
    0x0800799c   0x0800799c   0x0000001e   Code   RO         1008    i.getMenuSelectitem  menu_ui.o
    0x080079ba   0x080079ba   0x00000016   Code   RO         1982    i.getMessageBoxStringlen  messagebox.o
    0x080079d0   0x080079d0   0x0000000c   Code   RO          893    i.getRCLock         main_ui.o
    0x080079dc   0x080079dc   0x0000000c   Code   RO          894    i.getTrimFlag       main_ui.o
    0x080079e8   0x080079e8   0x00000016   Code   RO         2082    i.getWindowStringlen  windows.o
    0x080079fe   0x080079fe   0x00000010   Code   RO         1054    i.gotoJoystickCalibUI  menul1_item.o
    0x08007a0e   0x08007a0e   0x00000002   PAD
    0x08007a10   0x08007a10   0x00000050   Code   RO         1009    i.gotoLastMenu      menu_ui.o
    0x08007a60   0x08007a60   0x00000010   Code   RO         1055    i.gotoMatchMiniFlyUI  menul1_item.o
    0x08007a70   0x08007a70   0x0000002c   Code   RO         1010    i.gotoNextMenu      menu_ui.o
    0x08007a9c   0x08007a9c   0x00000010   Code   RO         1056    i.gotoResetUI       menul1_item.o
    0x08007aac   0x08007aac   0x00000020   Code   RO          973    i.isRadioAddrDefault  match_ui.o
    0x08007acc   0x08007acc   0x00000278   Code   RO          871    i.joystickCalib_ui  joystickcalib_ui.o
    0x08007d44   0x08007d44   0x00000020   Code   RO          523    i.joystickInit      joystick.o
    0x08007d64   0x08007d64   0x00000028   Code   RO         1603    i.keyInit           key.o
    0x08007d8c   0x08007d8c   0x0000015c   Code   RO          565    i.keyTask           keytask.o
    0x08007ee8   0x08007ee8   0x00000090   Code   RO         1107    i.languageMenuInit  menul2_item.o
    0x08007f78   0x08007f78   0x00000088   Code   RO         1615    i.ledInit           led.o
    0x08008000   0x08008000   0x000000bc   Code   RO         1219    i.ledringMenuInit   menul3_item.o
    0x080080bc   0x080080bc   0x00000024   Code   RO          663    i.limit             remoter_ctrl.o
    0x080080e0   0x080080e0   0x00000070   Code   RO            1    i.main              main.o
    0x08008150   0x08008150   0x000000d4   Code   RO         1057    i.mainMenuInit      menul1_item.o
    0x08008224   0x08008224   0x000002cc   Code   RO          895    i.main_ui           main_ui.o
    0x080084f0   0x080084f0   0x000001d0   Code   RO          974    i.match_ui          match_ui.o
    0x080086c0   0x080086c0   0x00000060   Code   RO          896    i.miniFlyMsgACKProcess  main_ui.o
    0x08008720   0x08008720   0x00000040   Code   RO         1320    i.msgboxDispalyInit  reset_ui.o
    0x08008760   0x08008760   0x000000a0   Code   RO         1348    i.mx_sin            trim_ui.o
    0x08008800   0x08008800   0x00000064   Code   RO         1349    i.my_cos            trim_ui.o
    0x08008864   0x08008864   0x00000054   Code   RO         1350    i.my_sin            trim_ui.o
    0x080088b8   0x080088b8   0x00000010   Code   RO         1628    i.mypow             oled.o
    0x080088c8   0x080088c8   0x00000080   Code   RO         1432    i.nrfInit           24l01.o
    0x08008948   0x08008948   0x00000040   Code   RO         1433    i.nrf_check         24l01.o
    0x08008988   0x08008988   0x00000048   Code   RO         1434    i.nrf_checkEventandRxPacket  24l01.o
    0x080089d0   0x080089d0   0x00000018   Code   RO          584    i.nrf_interruptCallback  radiolink.o
    0x080089e8   0x080089e8   0x00000040   Code   RO         1437    i.nrf_rxPacket      24l01.o
    0x08008a28   0x08008a28   0x0000001c   Code   RO         1438    i.nrf_sendPacketNoACK  24l01.o
    0x08008a44   0x08008a44   0x00000018   Code   RO         1440    i.nrf_setAddress    24l01.o
    0x08008a5c   0x08008a5c   0x0000001e   Code   RO         1441    i.nrf_setArc        24l01.o
    0x08008a7a   0x08008a7a   0x00000028   Code   RO         1442    i.nrf_setArd        24l01.o
    0x08008aa2   0x08008aa2   0x0000000e   Code   RO         1443    i.nrf_setChannel    24l01.o
    0x08008ab0   0x08008ab0   0x0000002e   Code   RO         1444    i.nrf_setDataRate   24l01.o
    0x08008ade   0x08008ade   0x00000002   PAD
    0x08008ae0   0x08008ae0   0x0000000c   Code   RO         1445    i.nrf_setIterruptCallback  24l01.o
    0x08008aec   0x08008aec   0x00000038   Code   RO         1446    i.nrf_setPower      24l01.o
    0x08008b24   0x08008b24   0x00000024   Code   RO         1447    i.nrf_txPacket      24l01.o
    0x08008b48   0x08008b48   0x00000024   Code   RO         1448    i.nrf_txPacketNoACK  24l01.o
    0x08008b6c   0x08008b6c   0x00000188   Code   RO         1629    i.oledInit          oled.o
    0x08008cf4   0x08008cf4   0x0000002c   Code   RO         1630    i.oled_clear        oled.o
    0x08008d20   0x08008d20   0x0000003c   Code   RO         1633    i.oled_drawPoint    oled.o
    0x08008d5c   0x08008d5c   0x00000034   Code   RO         1634    i.oled_fill         oled.o
    0x08008d90   0x08008d90   0x00000028   Code   RO         1635    i.oled_readPoint    oled.o
    0x08008db8   0x08008db8   0x00000048   Code   RO         1636    i.oled_refreshGram  oled.o
    0x08008e00   0x08008e00   0x000000c8   Code   RO         1637    i.oled_showChar     oled.o
    0x08008ec8   0x08008ec8   0x00000070   Code   RO         1638    i.oled_showNum      oled.o
    0x08008f38   0x08008f38   0x000000b4   Code   RO         1639    i.oled_showPicture  oled.o
    0x08008fec   0x08008fec   0x00000056   Code   RO         1640    i.oled_showString   oled.o
    0x08009042   0x08009042   0x00000002   PAD
    0x08009044   0x08009044   0x0000001c   Code   RO         1641    i.oled_wr_byte      oled.o
    0x08009060   0x08009060   0x00000070   Code   RO         2361    i.prvAddCurrentTaskToDelayedList  tasks.o
    0x080090d0   0x080090d0   0x000000d0   Code   RO         2362    i.prvAddNewTaskToReadyList  tasks.o
    0x080091a0   0x080091a0   0x00000050   Code   RO         2665    i.prvCheckForValidListAndQueue  timers.o
    0x080091f0   0x080091f0   0x00000054   Code   RO         2363    i.prvCheckTasksWaitingTermination  tasks.o
    0x08009244   0x08009244   0x00000026   Code   RO         2166    i.prvCopyDataFromQueue  queue.o
    0x0800926a   0x0800926a   0x0000006c   Code   RO         2167    i.prvCopyDataToQueue  queue.o
    0x080092d6   0x080092d6   0x00000014   Code   RO         2364    i.prvDeleteTCB      tasks.o
    0x080092ea   0x080092ea   0x00000002   PAD
    0x080092ec   0x080092ec   0x00000034   Code   RO         2365    i.prvGetExpectedIdleTime  tasks.o
    0x08009320   0x08009320   0x0000004c   Code   RO         2869    i.prvHeapInit       heap_4.o
    0x0800936c   0x0800936c   0x00000078   Code   RO         2366    i.prvIdleTask       tasks.o
    0x080093e4   0x080093e4   0x000000a8   Code   RO         2367    i.prvInitialiseNewTask  tasks.o
    0x0800948c   0x0800948c   0x0000004c   Code   RO         2870    i.prvInsertBlockIntoFreeList  heap_4.o
    0x080094d8   0x080094d8   0x00000038   Code   RO         2666    i.prvInsertTimerInActiveList  timers.o
    0x08009510   0x08009510   0x0000001a   Code   RO         2168    i.prvIsQueueEmpty   queue.o
    0x0800952a   0x0800952a   0x00000002   PAD
    0x0800952c   0x0800952c   0x00000098   Code   RO         2169    i.prvNotifyQueueSetContainer  queue.o
    0x080095c4   0x080095c4   0x00000060   Code   RO         2667    i.prvProcessExpiredTimer  timers.o
    0x08009624   0x08009624   0x00000114   Code   RO         2668    i.prvProcessReceivedCommands  timers.o
    0x08009738   0x08009738   0x0000006c   Code   RO         2669    i.prvProcessTimerOrBlockTask  timers.o
    0x080097a4   0x080097a4   0x00000020   Code   RO         2368    i.prvResetNextTaskUnblockTime  tasks.o
    0x080097c4   0x080097c4   0x00000028   Code   RO         2670    i.prvSampleTimeNow  timers.o
    0x080097ec   0x080097ec   0x00000074   Code   RO         2671    i.prvSwitchTimerLists  timers.o
    0x08009860   0x08009860   0x00000070   Code   RO         2786    i.prvTaskExitError  port.o
    0x080098d0   0x080098d0   0x0000004c   Code   RO         2369    i.prvTaskIsTaskSuspended  tasks.o
    0x0800991c   0x0800991c   0x00000028   Code   RO         2672    i.prvTimerTask      timers.o
    0x08009944   0x08009944   0x00000078   Code   RO         2170    i.prvUnlockQueue    queue.o
    0x080099bc   0x080099bc   0x00000138   Code   RO         2871    i.pvPortMalloc      heap_4.o
    0x08009af4   0x08009af4   0x00000018   Code   RO         2370    i.pvTaskIncrementMutexHeldCount  tasks.o
    0x08009b0c   0x08009b0c   0x00000024   Code   RO         2787    i.pxPortInitialiseStack  port.o
    0x08009b30   0x08009b30   0x00000070   Code   RO          585    i.radioInit         radiolink.o
    0x08009ba0   0x08009ba0   0x0000000c   Code   RO          586    i.radioinkConnectStatus  radiolink.o
    0x08009bac   0x08009bac   0x0000000c   Code   RO          587    i.radioinkFailRxcount  radiolink.o
    0x08009bb8   0x08009bb8   0x0000001c   Code   RO          440    i.radiolinkDataProcessTask  atkp.o
    0x08009bd4   0x08009bd4   0x00000018   Code   RO          588    i.radiolinkEnable   radiolink.o
    0x08009bec   0x08009bec   0x00000098   Code   RO          589    i.radiolinkInit     radiolink.o
    0x08009c84   0x08009c84   0x00000050   Code   RO          591    i.radiolinkReceivePacketBlocking  radiolink.o
    0x08009cd4   0x08009cd4   0x00000084   Code   RO          592    i.radiolinkSendPacket  radiolink.o
    0x08009d58   0x08009d58   0x00000084   Code   RO          593    i.radiolinkSendPacketBlocking  radiolink.o
    0x08009ddc   0x08009ddc   0x000000cc   Code   RO          594    i.radiolinkTask     radiolink.o
    0x08009ea8   0x08009ea8   0x00000048   Code   RO         1450    i.readBuf           24l01.o
    0x08009ef0   0x08009ef0   0x00000030   Code   RO         1451    i.readReg           24l01.o
    0x08009f20   0x08009f20   0x00000088   Code   RO         1321    i.reset_ui          reset_ui.o
    0x08009fa8   0x08009fa8   0x00000038   Code   RO          484    i.runBeepAcktion    beep.o
    0x08009fe0   0x08009fe0   0x0000006c   Code   RO          485    i.runBeepseq        beep.o
    0x0800a04c   0x0800a04c   0x00000034   Code   RO          664    i.sendRmotorCmd     remoter_ctrl.o
    0x0800a080   0x0800a080   0x00000038   Code   RO          665    i.sendRmotorData    remoter_ctrl.o
    0x0800a0b8   0x0800a0b8   0x00000014   Code   RO         1108    i.setCtrlmode3Dhold  menul2_item.o
    0x0800a0cc   0x0800a0cc   0x00000014   Code   RO         1109    i.setCtrlmodeAlthold  menul2_item.o
    0x0800a0e0   0x0800a0e0   0x00000014   Code   RO         1110    i.setCtrlmodeManual  menul2_item.o
    0x0800a0f4   0x0800a0f4   0x00000014   Code   RO         1111    i.setFlightHighSpeed  menul2_item.o
    0x0800a108   0x0800a108   0x00000014   Code   RO         1112    i.setFlightLowSpeed  menul2_item.o
    0x0800a11c   0x0800a11c   0x00000014   Code   RO         1113    i.setFlightMidSpeed  menul2_item.o
    0x0800a130   0x0800a130   0x00000014   Code   RO         1114    i.setFlipDisable    menul2_item.o
    0x0800a144   0x0800a144   0x00000014   Code   RO         1115    i.setFlipEnable     menul2_item.o
    0x0800a158   0x0800a158   0x00000014   Code   RO         1116    i.setFlymodeHeadless  menul2_item.o
    0x0800a16c   0x0800a16c   0x00000014   Code   RO         1117    i.setFlymodeXmode   menul2_item.o
    0x0800a180   0x0800a180   0x0000003c   Code   RO         1118    i.setLanguageComplexChinese  menul2_item.o
    0x0800a1bc   0x0800a1bc   0x0000003c   Code   RO         1119    i.setLanguageEnglish  menul2_item.o
    0x0800a1f8   0x0800a1f8   0x0000003c   Code   RO         1120    i.setLanguageSimpleChinese  menul2_item.o
    0x0800a234   0x0800a234   0x00000012   Code   RO         1220    i.setLedringEffect0  menul3_item.o
    0x0800a246   0x0800a246   0x00000012   Code   RO         1221    i.setLedringEffect1  menul3_item.o
    0x0800a258   0x0800a258   0x00000012   Code   RO         1222    i.setLedringEffect2  menul3_item.o
    0x0800a26a   0x0800a26a   0x00000012   Code   RO         1223    i.setLedringEffect3  menul3_item.o
    0x0800a27c   0x0800a27c   0x00000012   Code   RO         1224    i.setLedringEffect4  menul3_item.o
    0x0800a28e   0x0800a28e   0x00000012   Code   RO         1225    i.setLedringEffect5  menul3_item.o
    0x0800a2a0   0x0800a2a0   0x00000012   Code   RO         1226    i.setLedringEffect6  menul3_item.o
    0x0800a2b2   0x0800a2b2   0x00000012   Code   RO         1227    i.setLedringEffect7  menul3_item.o
    0x0800a2c4   0x0800a2c4   0x00000012   Code   RO         1228    i.setLedringEffect8  menul3_item.o
    0x0800a2d6   0x0800a2d6   0x00000012   Code   RO         1229    i.setLedringEffect9  menul3_item.o
    0x0800a2e8   0x0800a2e8   0x00000018   Code   RO          975    i.setMatchRadioConfig  match_ui.o
    0x0800a300   0x0800a300   0x0000000c   Code   RO          806    i.setShow_ui        display.o
    0x0800a30c   0x0800a30c   0x0000000c   Code   RO          900    i.setTrimFlag       main_ui.o
    0x0800a318   0x0800a318   0x0000011c   Code   RO         2052    i.show_font         text.o
    0x0800a434   0x0800a434   0x000000ac   Code   RO         2053    i.show_str          text.o
    0x0800a4e0   0x0800a4e0   0x0000004a   Code   RO         2054    i.show_str_mid      text.o
    0x0800a52a   0x0800a52a   0x00000002   PAD
    0x0800a52c   0x0800a52c   0x00000140   Code   RO            2    i.startTask         main.o
    0x0800a66c   0x0800a66c   0x00000044   Code   RO          486    i.stopBeepAcktion   beep.o
    0x0800a6b0   0x0800a6b0   0x000001a0   Code   RO         1351    i.trim_ui           trim_ui.o
    0x0800a850   0x0800a850   0x00000012   Code   RO         1230    i.turnOffExpModule  menul3_item.o
    0x0800a862   0x0800a862   0x00000012   Code   RO         1231    i.turnOffVl53lxx    menul3_item.o
    0x0800a874   0x0800a874   0x00000012   Code   RO         1232    i.turnOnExpModule   menul3_item.o
    0x0800a886   0x0800a886   0x00000012   Code   RO         1233    i.turnOnVl53lxx     menul3_item.o
    0x0800a898   0x0800a898   0x00000024   Code   RO         2932    i.usbGetDataWithTimout  hw_config.o
    0x0800a8bc   0x0800a8bc   0x00000034   Code   RO         2934    i.usb_vcp_init      hw_config.o
    0x0800a8f0   0x0800a8f0   0x00000016   Code   RO          441    i.usblinkDataProcessTask  atkp.o
    0x0800a906   0x0800a906   0x00000002   PAD
    0x0800a908   0x0800a908   0x00000074   Code   RO          699    i.usblinkInit       usblink.o
    0x0800a97c   0x0800a97c   0x00000050   Code   RO          701    i.usblinkReceivePacketBlocking  usblink.o
    0x0800a9cc   0x0800a9cc   0x000000b8   Code   RO          702    i.usblinkRxTask     usblink.o
    0x0800aa84   0x0800aa84   0x00000084   Code   RO          703    i.usblinkSendPacket  usblink.o
    0x0800ab08   0x0800ab08   0x000000a0   Code   RO          705    i.usblinkTxTask     usblink.o
    0x0800aba8   0x0800aba8   0x0000001a   Code   RO         2935    i.usbsendData       hw_config.o
    0x0800abc2   0x0800abc2   0x00000024   Code   RO         2119    i.uxListRemove      list.o
    0x0800abe6   0x0800abe6   0x00000010   Code   RO         1397    i.vApplicationStackOverflowHook  freertosdebug.o
    0x0800abf6   0x0800abf6   0x00000016   Code   RO         2120    i.vListInitialise   list.o
    0x0800ac0c   0x0800ac0c   0x00000006   Code   RO         2121    i.vListInitialiseItem  list.o
    0x0800ac12   0x0800ac12   0x00000030   Code   RO         2122    i.vListInsert       list.o
    0x0800ac42   0x0800ac42   0x00000018   Code   RO         2123    i.vListInsertEnd    list.o
    0x0800ac5a   0x0800ac5a   0x00000002   PAD
    0x0800ac5c   0x0800ac5c   0x000000a0   Code   RO         2789    i.vPortEnterCritical  port.o
    0x0800acfc   0x0800acfc   0x00000068   Code   RO         2790    i.vPortExitCritical  port.o
    0x0800ad64   0x0800ad64   0x000000e0   Code   RO         2872    i.vPortFree         heap_4.o
    0x0800ae44   0x0800ae44   0x00000044   Code   RO         2791    i.vPortSetupTimerInterrupt  port.o
    0x0800ae88   0x0800ae88   0x000000d4   Code   RO         2792    i.vPortSuppressTicksAndSleep  port.o
    0x0800af5c   0x0800af5c   0x000000ac   Code   RO         2793    i.vPortValidateInterruptPriority  port.o
    0x0800b008   0x0800b008   0x00000024   Code   RO         2174    i.vQueueAddToRegistry  queue.o
    0x0800b02c   0x0800b02c   0x00000044   Code   RO         2177    i.vQueueWaitForMessageRestricted  queue.o
    0x0800b070   0x0800b070   0x00000078   Code   RO         2374    i.vTaskDelay        tasks.o
    0x0800b0e8   0x0800b0e8   0x000000d8   Code   RO         2376    i.vTaskDelete       tasks.o
    0x0800b1c0   0x0800b1c0   0x0000000c   Code   RO         2378    i.vTaskMissedYield  tasks.o
    0x0800b1cc   0x0800b1cc   0x00000050   Code   RO         2380    i.vTaskPlaceOnEventList  tasks.o
    0x0800b21c   0x0800b21c   0x00000058   Code   RO         2381    i.vTaskPlaceOnEventListRestricted  tasks.o
    0x0800b274   0x0800b274   0x00000084   Code   RO         2383    i.vTaskPriorityInherit  tasks.o
    0x0800b2f8   0x0800b2f8   0x000000a0   Code   RO         2384    i.vTaskResume       tasks.o
    0x0800b398   0x0800b398   0x00000044   Code   RO         2385    i.vTaskSetTimeOutState  tasks.o
    0x0800b3dc   0x0800b3dc   0x000000b8   Code   RO         2386    i.vTaskStartScheduler  tasks.o
    0x0800b494   0x0800b494   0x00000074   Code   RO         2387    i.vTaskStepTick     tasks.o
    0x0800b508   0x0800b508   0x000000dc   Code   RO         2388    i.vTaskSuspend      tasks.o
    0x0800b5e4   0x0800b5e4   0x00000010   Code   RO         2389    i.vTaskSuspendAll   tasks.o
    0x0800b5f4   0x0800b5f4   0x00000088   Code   RO         2390    i.vTaskSwitchContext  tasks.o
    0x0800b67c   0x0800b67c   0x00000070   Code   RO         1234    i.vl53lxxMenuInit   menul3_item.o
    0x0800b6ec   0x0800b6ec   0x00000048   Code   RO         1452    i.writeBuf          24l01.o
    0x0800b734   0x0800b734   0x00000024   Code   RO          392    i.writeConfigParamToFlash  config_param.o
    0x0800b758   0x0800b758   0x0000003c   Code   RO         1453    i.writeReg          24l01.o
    0x0800b794   0x0800b794   0x00000078   Code   RO         2794    i.xPortStartScheduler  port.o
    0x0800b80c   0x0800b80c   0x0000002c   Code   RO         2795    i.xPortSysTickHandler  port.o
    0x0800b838   0x0800b838   0x00000080   Code   RO         2181    i.xQueueGenericCreate  queue.o
    0x0800b8b8   0x0800b8b8   0x00000184   Code   RO         2182    i.xQueueGenericReceive  queue.o
    0x0800ba3c   0x0800ba3c   0x000000a0   Code   RO         2183    i.xQueueGenericReset  queue.o
    0x0800badc   0x0800badc   0x0000018c   Code   RO         2184    i.xQueueGenericSend  queue.o
    0x0800bc68   0x0800bc68   0x000000e0   Code   RO         2185    i.xQueueGenericSendFromISR  queue.o
    0x0800bd48   0x0800bd48   0x000000e0   Code   RO         2186    i.xQueueGiveFromISR  queue.o
    0x0800be28   0x0800be28   0x00000094   Code   RO         2391    i.xTaskCheckForTimeOut  tasks.o
    0x0800bebc   0x0800bebc   0x00000056   Code   RO         2392    i.xTaskCreate       tasks.o
    0x0800bf12   0x0800bf12   0x00000002   PAD
    0x0800bf14   0x0800bf14   0x0000001c   Code   RO         2396    i.xTaskGetSchedulerState  tasks.o
    0x0800bf30   0x0800bf30   0x0000000c   Code   RO         2397    i.xTaskGetTickCount  tasks.o
    0x0800bf3c   0x0800bf3c   0x00000104   Code   RO         2399    i.xTaskIncrementTick  tasks.o
    0x0800c040   0x0800c040   0x000000d4   Code   RO         2402    i.xTaskPriorityDisinherit  tasks.o
    0x0800c114   0x0800c114   0x0000009c   Code   RO         2403    i.xTaskRemoveFromEventList  tasks.o
    0x0800c1b0   0x0800c1b0   0x000000ec   Code   RO         2405    i.xTaskResumeAll    tasks.o
    0x0800c29c   0x0800c29c   0x00000080   Code   RO         2675    i.xTimerCreate      timers.o
    0x0800c31c   0x0800c31c   0x00000068   Code   RO         2676    i.xTimerCreateTimerTask  timers.o
    0x0800c384   0x0800c384   0x00000088   Code   RO         2677    i.xTimerGenericCommand  timers.o
    0x0800c40c   0x0800c40c   0x00000020   Data   RO         1059    .constdata          menul1_item.o
    0x0800c42c   0x0800c42c   0x00000040   Data   RO         1122    .constdata          menul2_item.o
    0x0800c46c   0x0800c46c   0x0000023a   Data   RO         1801    .constdata          font.o
    0x0800c6a6   0x0800c6a6   0x00000474   Data   RO         1802    .constdata          font.o
    0x0800cb1a   0x0800cb1a   0x00000d5c   Data   RO         1803    .constdata          font.o
    0x0800d876   0x0800d876   0x00000f00   Data   RO         1804    .constdata          font.o
    0x0800e776   0x0800e776   0x000001b0   Data   RO         1805    .constdata          font.o
    0x0800e926   0x0800e926   0x000000f0   Data   RO         1806    .constdata          font.o
    0x0800ea16   0x0800ea16   0x000001b0   Data   RO         1807    .constdata          font.o
    0x0800ebc6   0x0800ebc6   0x00000104   Data   RO         1808    .constdata          font.o
    0x0800ecca   0x0800ecca   0x000000f0   Data   RO         1809    .constdata          font.o
    0x0800edba   0x0800edba   0x000000f0   Data   RO         1810    .constdata          font.o
    0x0800eeaa   0x0800eeaa   0x00000060   Data   RO         1811    .constdata          font.o
    0x0800ef0a   0x0800ef0a   0x00000010   Data   RO         2022    .constdata          scrollbar.o
    0x0800ef1a   0x0800ef1a   0x00000012   Data   RO         3062    .constdata          usb_desc.o
    0x0800ef2c   0x0800ef2c   0x00000043   Data   RO         3063    .constdata          usb_desc.o
    0x0800ef6f   0x0800ef6f   0x00000004   Data   RO         3064    .constdata          usb_desc.o
    0x0800ef73   0x0800ef73   0x00000026   Data   RO         3065    .constdata          usb_desc.o
    0x0800ef99   0x0800ef99   0x00000032   Data   RO         3066    .constdata          usb_desc.o
    0x0800efcb   0x0800efcb   0x00000001   PAD
    0x0800efcc   0x0800efcc   0x000000d3   Data   RO          872    .conststring        joystickcalib_ui.o
    0x0800f09f   0x0800f09f   0x00000001   PAD
    0x0800f0a0   0x0800f0a0   0x00000149   Data   RO          977    .conststring        match_ui.o
    0x0800f1e9   0x0800f1e9   0x00000003   PAD
    0x0800f1ec   0x0800f1ec   0x0000000c   Data   RO         1011    .conststring        menu_ui.o
    0x0800f1f8   0x0800f1f8   0x00000154   Data   RO         1061    .conststring        menul1_item.o
    0x0800f34c   0x0800f34c   0x000001f5   Data   RO         1123    .conststring        menul2_item.o
    0x0800f541   0x0800f541   0x00000003   PAD
    0x0800f544   0x0800f544   0x000001a3   Data   RO         1236    .conststring        menul3_item.o
    0x0800f6e7   0x0800f6e7   0x00000001   PAD
    0x0800f6e8   0x0800f6e8   0x00000099   Data   RO         1322    .conststring        reset_ui.o
    0x0800f781   0x0800f781   0x00000003   PAD
    0x0800f784   0x0800f784   0x00000007   Data   RO         1983    .conststring        messagebox.o
    0x0800f78b   0x0800f78b   0x00000001   PAD
    0x0800f78c   0x0800f78c   0x00000151   Data   RO         2055    .conststring        text.o
    0x0800f8dd   0x0800f8dd   0x00000003   PAD
    0x0800f8e0   0x0800f8e0   0x000001df   Data   RO         2195    .conststring        queue.o
    0x0800fabf   0x0800fabf   0x00000001   PAD
    0x0800fac0   0x0800fac0   0x000000b3   Data   RO         2408    .conststring        tasks.o
    0x0800fb73   0x0800fb73   0x00000001   PAD
    0x0800fb74   0x0800fb74   0x00000042   Data   RO         2796    .conststring        port.o
    0x0800fbb6   0x0800fbb6   0x00000002   PAD
    0x0800fbb8   0x0800fbb8   0x0000008a   Data   RO         2877    .conststring        heap_4.o
    0x0800fc42   0x0800fc42   0x00000002   PAD
    0x0800fc44   0x0800fc44   0x00000020   Data   RO         5399    Region$$Table       anon$$obj.o


    Execution Region RW_IRAM1 (Exec base: 0x20000000, Load base: 0x0800fc64, Size: 0x00004490, Max: 0x00005000, ABSOLUTE, COMPRESSED[0x000002c4])

    Exec Addr    Load Addr    Size         Type   Attr      Idx    E Section Name        Object

    0x20000000   COMPRESSED   0x00000004   Data   RW            3    .data               main.o
    0x20000004   COMPRESSED   0x00000014   Data   RW          289    .data               system_stm32f10x.o
    0x20000018   COMPRESSED   0x00000004   Data   RW          320    .data               delay.o
    0x2000001c   COMPRESSED   0x0000003c   Data   RW          394    .data               config_param.o
    0x20000058   COMPRESSED   0x00000014   Data   RW          442    .data               atkp.o
    0x2000006c   COMPRESSED   0x00000018   Data   RW          487    .data               beep.o
    0x20000084   COMPRESSED   0x00000008   Data   RW          524    .data               joystick.o
    0x2000008c   COMPRESSED   0x0000000c   Data   RW          566    .data               keytask.o
    0x20000098   COMPRESSED   0x0000001c   Data   RW          596    .data               radiolink.o
    0x200000b4   COMPRESSED   0x0000000c   Data   RW          707    .data               usblink.o
    0x200000c0   COMPRESSED   0x00000001   Data   RW          807    .data               display.o
    0x200000c1   COMPRESSED   0x00000003   PAD
    0x200000c4   COMPRESSED   0x00000044   Data   RW          873    .data               joystickcalib_ui.o
    0x20000108   COMPRESSED   0x0000001c   Data   RW          902    .data               main_ui.o
    0x20000124   COMPRESSED   0x00000064   Data   RW          978    .data               match_ui.o
    0x20000188   COMPRESSED   0x00000058   Data   RW         1012    .data               menu_ui.o
    0x200001e0   COMPRESSED   0x00000078   Data   RW         1062    .data               menul1_item.o
    0x20000258   COMPRESSED   0x000000cc   Data   RW         1124    .data               menul2_item.o
    0x20000324   COMPRESSED   0x000000a8   Data   RW         1237    .data               menul3_item.o
    0x200003cc   COMPRESSED   0x00000058   Data   RW         1323    .data               reset_ui.o
    0x20000424   COMPRESSED   0x00000001   Data   RW         1352    .data               trim_ui.o
    0x20000425   COMPRESSED   0x00000003   PAD
    0x20000428   COMPRESSED   0x00000010   Data   RW         1454    .data               24l01.o
    0x20000438   COMPRESSED   0x00000001   Data   RW         1924    .data               lcmdrv.o
    0x20000439   COMPRESSED   0x00000003   PAD
    0x2000043c   COMPRESSED   0x00000030   Data   RW         1984    .data               messagebox.o
    0x2000046c   COMPRESSED   0x00000008   Data   RW         2056    .data               text.o
    0x20000474   COMPRESSED   0x0000003c   Data   RW         2409    .data               tasks.o
    0x200004b0   COMPRESSED   0x00000014   Data   RW         2685    .data               timers.o
    0x200004c4   COMPRESSED   0x00000018   Data   RW         2797    .data               port.o
    0x200004dc   COMPRESSED   0x00000018   Data   RW         2878    .data               heap_4.o
    0x200004f4   COMPRESSED   0x00000004   Data   RW         2937    .data               hw_config.o
    0x200004f8   COMPRESSED   0x0000001a   Data   RW         3067    .data               usb_desc.o
    0x20000512   COMPRESSED   0x00000002   PAD
    0x20000514   COMPRESSED   0x00000004   Data   RW         3083    .data               usb_endp.o
    0x20000518   COMPRESSED   0x0000000c   Data   RW         3108    .data               usb_istr.o
    0x20000524   COMPRESSED   0x0000001c   Data   RW         3109    .data               usb_istr.o
    0x20000540   COMPRESSED   0x0000001c   Data   RW         3110    .data               usb_istr.o
    0x2000055c   COMPRESSED   0x0000006c   Data   RW         3141    .data               usb_prop.o
    0x200005c8   COMPRESSED   0x00000002   Data   RW         3142    .data               usb_prop.o
    0x200005ca   COMPRESSED   0x00000002   PAD
    0x200005cc   COMPRESSED   0x00000024   Data   RW         3143    .data               usb_prop.o
    0x200005f0   COMPRESSED   0x00000004   Data   RW         3236    .data               usb_pwr.o
    0x200005f4   COMPRESSED   0x00000001   Data   RW         3237    .data               usb_pwr.o
    0x200005f5   COMPRESSED   0x00000003   PAD
    0x200005f8   COMPRESSED   0x00000008   Data   RW         3238    .data               usb_pwr.o
    0x20000600   COMPRESSED   0x00000004   Data   RW         3294    .data               usb_core.o
    0x20000604   COMPRESSED   0x00000001   Data   RW         3396    .data               usb_init.o
    0x20000605   COMPRESSED   0x00000003   PAD
    0x20000608   COMPRESSED   0x0000000c   Data   RW         3397    .data               usb_init.o
    0x20000614   COMPRESSED   0x00000002   Data   RW         3399    .data               usb_init.o
    0x20000616   COMPRESSED   0x00000004   Data   RW         3422    .data               usb_int.o
    0x2000061a   COMPRESSED   0x00000002   PAD
    0x2000061c        -       0x00000038   Zero   RW          393    .bss                config_param.o
    0x20000654        -       0x00000020   Zero   RW          595    .bss                radiolink.o
    0x20000674        -       0x00000010   Zero   RW          666    .bss                remoter_ctrl.o
    0x20000684        -       0x00000020   Zero   RW          706    .bss                usblink.o
    0x200006a4        -       0x0000000e   Zero   RW          901    .bss                main_ui.o
    0x200006b2   COMPRESSED   0x00000002   PAD
    0x200006b4        -       0x0000000c   Zero   RW          976    .bss                match_ui.o
    0x200006c0        -       0x00000118   Zero   RW         1058    .bss                menul1_item.o
    0x200007d8        -       0x000001dc   Zero   RW         1121    .bss                menul2_item.o
    0x200009b4        -       0x00000188   Zero   RW         1235    .bss                menul3_item.o
    0x20000b3c        -       0x00000064   Zero   RW         1579    .bss                adc.o
    0x20000ba0        -       0x00000400   Zero   RW         1642    .bss                oled.o
    0x20000fa0        -       0x00000400   Zero   RW         1727    .bss                stmflash.o
    0x200013a0        -       0x00000040   Zero   RW         2194    .bss                queue.o
    0x200013e0        -       0x00000104   Zero   RW         2407    .bss                tasks.o
    0x200014e4        -       0x00000028   Zero   RW         2684    .bss                timers.o
    0x2000150c        -       0x00002800   Zero   RW         2876    .bss                heap_4.o
    0x20003d0c        -       0x00000308   Zero   RW         2936    .bss                hw_config.o
    0x20004014        -       0x00000040   Zero   RW         3082    .bss                usb_endp.o
    0x20004054        -       0x00000020   Zero   RW         3235    .bss                usb_pwr.o
    0x20004074        -       0x0000001c   Zero   RW         3395    .bss                usb_init.o
    0x20004090        -       0x00000400   Zero   RW         5046    STACK               startup_stm32f10x_md.o


==============================================================================

Image component sizes


      Code (inc. data)   RO Data    RW Data    ZI Data      Debug   Object Name

      1224         88          0         16          0      12713   24l01.o
       328         22          0          0        100       1845   adc.o
       230          8          0         20          0       2722   atkp.o
       340         52          0         24          0       5486   beep.o
       640          0          0          0          0       2694   button.o
       300         46          0         60         56       9523   config_param.o
         2          0          0          0          0        469   debug_assert.o
       532        142          0          0          0        755   debug_ui.o
       200         20          0          4          0       2377   delay.o
       134         16          0          1          0       3529   display.o
         0          0      10910          0          0       1118   font.o
        16          0          0          0          0       6424   freertosdebug.o
      2188          0          0          0          0      10824   gui_basic.o
       108          0          0          0          0       1151   gui_menu.o
       688        244        138         24      10240       3959   heap_4.o
       572         58          0          4        776      11490   hw_config.o
       724         20          0          8          0       6379   joystick.o
       632         50        211         68          0       2157   joystickcalib_ui.o
        40          6          0          0          0        478   key.o
       364         16          0         12          0       1536   keytask.o
       116          0          0          1          0       3901   lcmdrv.o
       136         20          0          0          0        534   led.o
       136          0          0          0          0       2986   list.o
       432        164          0          4          0     269093   main.o
      1304        216          0         28         14       5666   main_ui.o
       520         38        329        100         12       3431   match_ui.o
       838         32         12         88          0       5032   menu_ui.o
       312         70        372        120        280       3608   menul1_item.o
      1184        268        565        204        476      11385   menul2_item.o
       664        132        419        168        392       9283   menul3_item.o
       350         22          7         48          0       3180   messagebox.o
       164         24          0          0          0       2603   misc.o
      1314         64          0          0       1024      10126   oled.o
      1178        408         66         24          0      11230   port.o
      2068        320        479          0         64      21861   queue.o
       884        328          0         28         32       6491   radiolink.o
       732         64          0          0         16       4625   remoter_ctrl.o
       200         20        153         88          0      17550   reset_ui.o
       292          6         16          0          0       2113   scrollbar.o
        36          8        236          0       1024        788   startup_stm32f10x_md.o
       364         22          0          0          0       8070   stm32f10x_adc.o
       308         10          0          0          0       3570   stm32f10x_dma.o
       156         14          0          0          0       2220   stm32f10x_exti.o
       226         30          0          0          0       5251   stm32f10x_flash.o
       306         12          0          0          0       5180   stm32f10x_gpio.o
        12          0          0          0          0       2449   stm32f10x_it.o
       128         34          0          0          0       3365   stm32f10x_rcc.o
        98          0          0          0          0       3838   stm32f10x_spi.o
       254          4          0          0       1024       3145   stmflash.o
         4          0          0          0          0        447   sys.o
       248         24          0         20          0       1713   system_stm32f10x.o
      3630       1062        179         60        260      32314   tasks.o
       530         12        337          8          0       3550   text.o
      1180        300          0         20         40       9530   timers.o
       760        108          0          1          0       2713   trim_ui.o
      2186        284          0          4          0      15183   usb_core.o
         0          0        177         26          0       1075   usb_desc.o
       192         20          0          4         64       2296   usb_endp.o
        40         18          0         15         28       4146   usb_init.o
       344         30          0          4          0       1708   usb_int.o
       332         24          0         68          0       1647   usb_istr.o
        72         10          0          0          0       1868   usb_mem.o
       568        102          0        146          0      11437   usb_prop.o
       352         42          0         13         32       3792   usb_pwr.o
       582        100          0          0          0       9909   usb_regs.o
        68          8          0          0          0       1518   usb_sil.o
       672        196          0         12         32       6989   usblink.o
       194          4          0          0          0       1587   windows.o

    ----------------------------------------------------------------------
     35986       5462      14660       1564      15988     633625   Object Totals
         0          0         32          0          0          0   (incl. Generated)
        58          0         22         21          2          0   (incl. Padding)

    ----------------------------------------------------------------------

      Code (inc. data)   RO Data    RW Data    ZI Data      Debug   Library Member Name

        86          0          0          0          0          0   __dczerorl2.o
         0          0          0          0          0          0   entry.o
         0          0          0          0          0          0   entry10a.o
         0          0          0          0          0          0   entry11a.o
         8          4          0          0          0          0   entry2.o
         4          0          0          0          0          0   entry5.o
         0          0          0          0          0          0   entry7b.o
         0          0          0          0          0          0   entry8b.o
         8          4          0          0          0          0   entry9a.o
        30          0          0          0          0          0   handlers.o
        36          8          0          0          0         68   init.o
         0          0          0          0          0          0   iusefp.o
        30          0          0          0          0         68   llshl.o
        36          0          0          0          0         68   llsshr.o
        32          0          0          0          0         68   llushr.o
        36          0          0          0          0         68   memcpya.o
        36          0          0          0          0        108   memseta.o
      2276         86          0          0          0        520   printfa.o
        14          0          0          0          0         68   strlen.o
        44          0          0          0          0         80   uidiv.o
        98          0          0          0          0         92   uldiv.o
        48          0          0          0          0         68   cdcmple.o
        48          0          0          0          0         68   cdrcmple.o
        20          0          0          0          0         68   cfcmple.o
        20          0          0          0          0         68   cfrcmple.o
        56          0          0          0          0         88   d2f.o
       334          0          0          0          0        148   dadd.o
       222          0          0          0          0        100   ddiv.o
       186          0          0          0          0        176   depilogue.o
        48          0          0          0          0         68   dfixul.o
        34          0          0          0          0         76   dflti.o
        26          0          0          0          0         76   dfltui.o
       228          0          0          0          0         96   dmul.o
        46          0          0          0          0         80   dscalb.o
        38          0          0          0          0         68   f2d.o
       176          0          0          0          0        140   fadd.o
       124          0          0          0          0         88   fdiv.o
       110          0          0          0          0        168   fepilogue.o
        50          0          0          0          0         68   ffixi.o
        40          0          0          0          0         68   ffixui.o
        18          0          0          0          0         68   fflti.o
       100          0          0          0          0         76   fmul.o

    ----------------------------------------------------------------------
      4750        102          0          0          0       3132   Library Totals
         4          0          0          0          0          0   (incl. Padding)

    ----------------------------------------------------------------------

      Code (inc. data)   RO Data    RW Data    ZI Data      Debug   Library Name

      2774        102          0          0          0       1208   mc_w.l
      1972          0          0          0          0       1924   mf_w.l

    ----------------------------------------------------------------------
      4750        102          0          0          0       3132   Library Totals

    ----------------------------------------------------------------------

==============================================================================


      Code (inc. data)   RO Data    RW Data    ZI Data      Debug   

     40736       5564      14660       1564      15988     614889   Grand Totals
     40736       5564      14660        708      15988     614889   ELF Image Totals (compressed)
     40736       5564      14660        708          0          0   ROM Totals

==============================================================================

    Total RO  Size (Code + RO Data)                55396 (  54.10kB)
    Total RW  Size (RW Data + ZI Data)             17552 (  17.14kB)
    Total ROM Size (Code + RO Data + RW Data)      56104 (  54.79kB)

==============================================================================

