<html>
<body>
<pre>
<h1>µVision Build Log</h1>
<h2>Tool Versions:</h2>
IDE-Version: ¦ÌVision V5.24.2.0
Copyright (C) 2017 ARM Ltd and ARM Germany GmbH. All rights reserved.
License Information: 123 Administrator, 321, LIC=TA3AR-KIXF4-171RR-KZA2L-FF88E-W9IHK
 
Tool Versions:
Toolchain:       MDK-ARM Professional  Version: 5.24.1
Toolchain Path:  D:\KEIL\ARM\ARMCC\Bin
C Compiler:      Armcc.exe V5.06 update 5 (build 528)
Assembler:       Armasm.exe V5.06 update 5 (build 528)
Linker/Locator:  ArmLink.exe V5.06 update 5 (build 528)
Library Manager: ArmAr.exe V5.06 update 5 (build 528)
Hex Converter:   FromElf.exe V5.06 update 5 (build 528)
CPU DLL:         SARMCM3.DLL V5.24.1
Dialog DLL:      DCM.DLL V1.16.0.0
Target DLL:      Segger\JL2CM3.dll V2.99.15.0
Dialog DLL:      TCM.DLL V1.32.0.0
 
<h2>Project:</h2>
C:\Users\Administrator\Desktop\AGV\AGVc\agvÒ£¿ØÊÖ±ú\USER\Firmware_F103.uvprojx
Project File Date:  03/06/2019

<h2>Output:</h2>
*** Using Compiler 'V5.06 update 5 (build 528)', folder: 'D:\KEIL\ARM\ARMCC\Bin'
Rebuild target 'Firmware_F103'
compiling delay.c...
compiling stm32f10x_it.c...
compiling main.c...
compiling atkp.c...
compiling system_stm32f10x.c...
compiling config_param.c...
compiling beep.c...
compiling sys.c...
compiling radiolink.c...
compiling keyTask.c...
compiling debug_ui.c...
compiling usblink.c...
compiling remoter_ctrl.c...
compiling joystick.c...
compiling display.c...
compiling joystickCalib_ui.c...
compiling main_ui.c...
compiling menuL1_item.c...
compiling menuL3_item.c...
compiling reset_ui.c...
compiling menu_ui.c...
compiling match_ui.c...
compiling menuL2_item.c...
compiling trim_ui.c...
compiling debug_assert.c...
compiling led.c...
compiling freeRTOSdebug.c...
compiling 24l01.c...
compiling key.c...
compiling adc.c...
compiling oled.c...
compiling font.c...
compiling gui_menu.c...
compiling stmflash.c...
compiling messagebox.c...
compiling gui_basic.c...
compiling button.c...
compiling lcmdrv.c...
compiling scrollbar.c...
compiling list.c...
compiling windows.c...
compiling timers.c...
compiling queue.c...
compiling tasks.c...
compiling text.c...
compiling heap_4.c...
compiling usb_desc.c...
compiling usb_endp.c...
compiling hw_config.c...
compiling usb_istr.c...
compiling usb_prop.c...
compiling usb_pwr.c...
compiling port.c...
compiling usb_core.c...
compiling usb_init.c...
compiling usb_regs.c...
compiling misc.c...
compiling usb_sil.c...
compiling usb_mem.c...
compiling usb_int.c...
compiling stm32f10x_rcc.c...
compiling stm32f10x_gpio.c...
compiling stm32f10x_exti.c...
compiling stm32f10x_dma.c...
compiling stm32f10x_adc.c...
assembling startup_stm32f10x_md.s...
compiling stm32f10x_spi.c...
compiling stm32f10x_usart.c...
compiling stm32f10x_flash.c...
linking...
Program Size: Code=40736 RO-data=14660 RW-data=1564 ZI-data=15988  
FromELF: creating hex file...
"..\OBJ\Firmware_F103.axf" - 0 Error(s), 0 Warning(s).

<h2>Software Packages used:</h2>

Package Vendor: Keil
                http://www.keil.com/pack/Keil.STM32F1xx_DFP.2.1.0.pack
                Keil.STM32F1xx_DFP.2.1.0
                STMicroelectronics STM32F1 Series Device Support, Drivers and Examples

<h2>Collection of Component include folders:</h2>
  .\RTE\_Firmware_F103
  D:\KEIL\ARM\PACK\Keil\STM32F1xx_DFP\2.1.0\Device\Include

<h2>Collection of Component Files used:</h2>
Build Time Elapsed:  00:00:17
</pre>
</body>
</html>
