<!doctype html public "-//w3c//dtd html 4.0 transitional//en">
<html><head>
<title>Static Call Graph - [..\OBJ\Firmware_F103.axf]</title></head>
<body><HR>
<H1>Static Call Graph for image ..\OBJ\Firmware_F103.axf</H1><HR>
<BR><P>#&#060CALLGRAPH&#062# ARM Linker, 5060528: Last Updated: Wed Mar 06 17:55:22 2019
<BR><P>
<H3>Maximum Stack Usage =        504 bytes + Unknown(Cycles, Untraceable Function Pointers)</H3><H3>
Call chain for Maximum Stack Depth:</H3>
displayTask &rArr; reset_ui &rArr; msgboxDispalyInit &rArr; GUI_MessageBoxDraw &rArr; GUI_DrawButton &rArr; GUI_FloodFill &rArr; GUI_HLine &rArr; GUI_Point &rArr; oled_drawPoint
<P>
<H3>
Mutually Recursive functions
</H3> <LI><a href="#[12e]">assertFail</a>&nbsp;&nbsp;&nbsp;&rArr;&nbsp;&nbsp;&nbsp;<a href="#[12e]">assertFail</a><BR>
 <LI><a href="#[2b]">ADC1_2_IRQHandler</a>&nbsp;&nbsp;&nbsp;&rArr;&nbsp;&nbsp;&nbsp;<a href="#[2b]">ADC1_2_IRQHandler</a><BR>
 <LI><a href="#[13]">BusFault_Handler</a>&nbsp;&nbsp;&nbsp;&rArr;&nbsp;&nbsp;&nbsp;<a href="#[13]">BusFault_Handler</a><BR>
 <LI><a href="#[11]">HardFault_Handler</a>&nbsp;&nbsp;&nbsp;&rArr;&nbsp;&nbsp;&nbsp;<a href="#[11]">HardFault_Handler</a><BR>
 <LI><a href="#[12]">MemManage_Handler</a>&nbsp;&nbsp;&nbsp;&rArr;&nbsp;&nbsp;&nbsp;<a href="#[12]">MemManage_Handler</a><BR>
 <LI><a href="#[14]">UsageFault_Handler</a>&nbsp;&nbsp;&nbsp;&rArr;&nbsp;&nbsp;&nbsp;<a href="#[14]">UsageFault_Handler</a><BR>
</UL>
<P>
<H3>
Function Pointers
</H3><UL>
 <LI><a href="#[2b]">ADC1_2_IRQHandler</a> from startup_stm32f10x_md.o(.text) referenced from startup_stm32f10x_md.o(RESET)
 <LI><a href="#[13]">BusFault_Handler</a> from stm32f10x_it.o(i.BusFault_Handler) referenced from startup_stm32f10x_md.o(RESET)
 <LI><a href="#[2e]">CAN1_RX1_IRQHandler</a> from startup_stm32f10x_md.o(.text) referenced from startup_stm32f10x_md.o(RESET)
 <LI><a href="#[2f]">CAN1_SCE_IRQHandler</a> from startup_stm32f10x_md.o(.text) referenced from startup_stm32f10x_md.o(RESET)
 <LI><a href="#[24]">DMA1_Channel1_IRQHandler</a> from startup_stm32f10x_md.o(.text) referenced from startup_stm32f10x_md.o(RESET)
 <LI><a href="#[25]">DMA1_Channel2_IRQHandler</a> from startup_stm32f10x_md.o(.text) referenced from startup_stm32f10x_md.o(RESET)
 <LI><a href="#[26]">DMA1_Channel3_IRQHandler</a> from startup_stm32f10x_md.o(.text) referenced from startup_stm32f10x_md.o(RESET)
 <LI><a href="#[27]">DMA1_Channel4_IRQHandler</a> from startup_stm32f10x_md.o(.text) referenced from startup_stm32f10x_md.o(RESET)
 <LI><a href="#[28]">DMA1_Channel5_IRQHandler</a> from startup_stm32f10x_md.o(.text) referenced from startup_stm32f10x_md.o(RESET)
 <LI><a href="#[29]">DMA1_Channel6_IRQHandler</a> from startup_stm32f10x_md.o(.text) referenced from startup_stm32f10x_md.o(RESET)
 <LI><a href="#[2a]">DMA1_Channel7_IRQHandler</a> from startup_stm32f10x_md.o(.text) referenced from startup_stm32f10x_md.o(RESET)
 <LI><a href="#[16]">DebugMon_Handler</a> from stm32f10x_it.o(i.DebugMon_Handler) referenced from startup_stm32f10x_md.o(RESET)
 <LI><a href="#[0]">EP1_IN_Callback</a> from usb_endp.o(i.EP1_IN_Callback) referenced 2 times from usb_istr.o(.data)
 <LI><a href="#[2]">EP3_OUT_Callback</a> from usb_endp.o(i.EP3_OUT_Callback) referenced 2 times from usb_istr.o(.data)
 <LI><a href="#[1f]">EXTI0_IRQHandler</a> from startup_stm32f10x_md.o(.text) referenced from startup_stm32f10x_md.o(RESET)
 <LI><a href="#[41]">EXTI15_10_IRQHandler</a> from 24l01.o(i.EXTI15_10_IRQHandler) referenced from startup_stm32f10x_md.o(RESET)
 <LI><a href="#[20]">EXTI1_IRQHandler</a> from startup_stm32f10x_md.o(.text) referenced from startup_stm32f10x_md.o(RESET)
 <LI><a href="#[21]">EXTI2_IRQHandler</a> from startup_stm32f10x_md.o(.text) referenced from startup_stm32f10x_md.o(RESET)
 <LI><a href="#[22]">EXTI3_IRQHandler</a> from startup_stm32f10x_md.o(.text) referenced from startup_stm32f10x_md.o(RESET)
 <LI><a href="#[23]">EXTI4_IRQHandler</a> from startup_stm32f10x_md.o(.text) referenced from startup_stm32f10x_md.o(RESET)
 <LI><a href="#[30]">EXTI9_5_IRQHandler</a> from startup_stm32f10x_md.o(.text) referenced from startup_stm32f10x_md.o(RESET)
 <LI><a href="#[1d]">FLASH_IRQHandler</a> from startup_stm32f10x_md.o(.text) referenced from startup_stm32f10x_md.o(RESET)
 <LI><a href="#[11]">HardFault_Handler</a> from stm32f10x_it.o(i.HardFault_Handler) referenced from startup_stm32f10x_md.o(RESET)
 <LI><a href="#[39]">I2C1_ER_IRQHandler</a> from startup_stm32f10x_md.o(.text) referenced from startup_stm32f10x_md.o(RESET)
 <LI><a href="#[38]">I2C1_EV_IRQHandler</a> from startup_stm32f10x_md.o(.text) referenced from startup_stm32f10x_md.o(RESET)
 <LI><a href="#[3b]">I2C2_ER_IRQHandler</a> from startup_stm32f10x_md.o(.text) referenced from startup_stm32f10x_md.o(RESET)
 <LI><a href="#[3a]">I2C2_EV_IRQHandler</a> from startup_stm32f10x_md.o(.text) referenced from startup_stm32f10x_md.o(RESET)
 <LI><a href="#[12]">MemManage_Handler</a> from stm32f10x_it.o(i.MemManage_Handler) referenced from startup_stm32f10x_md.o(RESET)
 <LI><a href="#[10]">NMI_Handler</a> from stm32f10x_it.o(i.NMI_Handler) referenced from startup_stm32f10x_md.o(RESET)
 <LI><a href="#[1]">NOP_Process</a> from usb_core.o(i.NOP_Process) referenced 38 times from usb_istr.o(.data)
 <LI><a href="#[1a]">PVD_IRQHandler</a> from startup_stm32f10x_md.o(.text) referenced from startup_stm32f10x_md.o(RESET)
 <LI><a href="#[17]">PendSV_Handler</a> from port.o(.emb_text) referenced from startup_stm32f10x_md.o(RESET)
 <LI><a href="#[1e]">RCC_IRQHandler</a> from startup_stm32f10x_md.o(.text) referenced from startup_stm32f10x_md.o(RESET)
 <LI><a href="#[42]">RTCAlarm_IRQHandler</a> from startup_stm32f10x_md.o(.text) referenced from startup_stm32f10x_md.o(RESET)
 <LI><a href="#[1c]">RTC_IRQHandler</a> from startup_stm32f10x_md.o(.text) referenced from startup_stm32f10x_md.o(RESET)
 <LI><a href="#[f]">Reset_Handler</a> from startup_stm32f10x_md.o(.text) referenced from startup_stm32f10x_md.o(RESET)
 <LI><a href="#[3c]">SPI1_IRQHandler</a> from startup_stm32f10x_md.o(.text) referenced from startup_stm32f10x_md.o(RESET)
 <LI><a href="#[3d]">SPI2_IRQHandler</a> from startup_stm32f10x_md.o(.text) referenced from startup_stm32f10x_md.o(RESET)
 <LI><a href="#[15]">SVC_Handler</a> from port.o(.emb_text) referenced from startup_stm32f10x_md.o(RESET)
 <LI><a href="#[48]">Standard_GetConfiguration</a> from usb_core.o(i.Standard_GetConfiguration) referenced from usb_core.o(i.Data_Setup0)
 <LI><a href="#[49]">Standard_GetInterface</a> from usb_core.o(i.Standard_GetInterface) referenced from usb_core.o(i.Data_Setup0)
 <LI><a href="#[47]">Standard_GetStatus</a> from usb_core.o(i.Standard_GetStatus) referenced from usb_core.o(i.Data_Setup0)
 <LI><a href="#[18]">SysTick_Handler</a> from delay.o(i.SysTick_Handler) referenced from startup_stm32f10x_md.o(RESET)
 <LI><a href="#[45]">SystemInit</a> from system_stm32f10x.o(i.SystemInit) referenced from startup_stm32f10x_md.o(.text)
 <LI><a href="#[1b]">TAMPER_IRQHandler</a> from startup_stm32f10x_md.o(.text) referenced from startup_stm32f10x_md.o(RESET)
 <LI><a href="#[31]">TIM1_BRK_IRQHandler</a> from startup_stm32f10x_md.o(.text) referenced from startup_stm32f10x_md.o(RESET)
 <LI><a href="#[34]">TIM1_CC_IRQHandler</a> from startup_stm32f10x_md.o(.text) referenced from startup_stm32f10x_md.o(RESET)
 <LI><a href="#[33]">TIM1_TRG_COM_IRQHandler</a> from startup_stm32f10x_md.o(.text) referenced from startup_stm32f10x_md.o(RESET)
 <LI><a href="#[32]">TIM1_UP_IRQHandler</a> from startup_stm32f10x_md.o(.text) referenced from startup_stm32f10x_md.o(RESET)
 <LI><a href="#[35]">TIM2_IRQHandler</a> from startup_stm32f10x_md.o(.text) referenced from startup_stm32f10x_md.o(RESET)
 <LI><a href="#[36]">TIM3_IRQHandler</a> from startup_stm32f10x_md.o(.text) referenced from startup_stm32f10x_md.o(RESET)
 <LI><a href="#[37]">TIM4_IRQHandler</a> from startup_stm32f10x_md.o(.text) referenced from startup_stm32f10x_md.o(RESET)
 <LI><a href="#[3e]">USART1_IRQHandler</a> from startup_stm32f10x_md.o(.text) referenced from startup_stm32f10x_md.o(RESET)
 <LI><a href="#[3f]">USART2_IRQHandler</a> from startup_stm32f10x_md.o(.text) referenced from startup_stm32f10x_md.o(RESET)
 <LI><a href="#[40]">USART3_IRQHandler</a> from startup_stm32f10x_md.o(.text) referenced from startup_stm32f10x_md.o(RESET)
 <LI><a href="#[43]">USBWakeUp_IRQHandler</a> from hw_config.o(i.USBWakeUp_IRQHandler) referenced from startup_stm32f10x_md.o(RESET)
 <LI><a href="#[2c]">USB_HP_CAN1_TX_IRQHandler</a> from startup_stm32f10x_md.o(.text) referenced from startup_stm32f10x_md.o(RESET)
 <LI><a href="#[2d]">USB_LP_CAN1_RX0_IRQHandler</a> from hw_config.o(i.USB_LP_CAN1_RX0_IRQHandler) referenced from startup_stm32f10x_md.o(RESET)
 <LI><a href="#[14]">UsageFault_Handler</a> from stm32f10x_it.o(i.UsageFault_Handler) referenced from startup_stm32f10x_md.o(RESET)
 <LI><a href="#[7]">Virtual_Com_Port_Data_Setup</a> from usb_prop.o(i.Virtual_Com_Port_Data_Setup) referenced 2 times from usb_prop.o(.data)
 <LI><a href="#[b]">Virtual_Com_Port_GetConfigDescriptor</a> from usb_prop.o(i.Virtual_Com_Port_GetConfigDescriptor) referenced 2 times from usb_prop.o(.data)
 <LI><a href="#[a]">Virtual_Com_Port_GetDeviceDescriptor</a> from usb_prop.o(i.Virtual_Com_Port_GetDeviceDescriptor) referenced 2 times from usb_prop.o(.data)
 <LI><a href="#[4a]">Virtual_Com_Port_GetLineCoding</a> from usb_prop.o(i.Virtual_Com_Port_GetLineCoding) referenced from usb_prop.o(i.Virtual_Com_Port_Data_Setup)
 <LI><a href="#[c]">Virtual_Com_Port_GetStringDescriptor</a> from usb_prop.o(i.Virtual_Com_Port_GetStringDescriptor) referenced 2 times from usb_prop.o(.data)
 <LI><a href="#[9]">Virtual_Com_Port_Get_Interface_Setting</a> from usb_prop.o(i.Virtual_Com_Port_Get_Interface_Setting) referenced 2 times from usb_prop.o(.data)
 <LI><a href="#[8]">Virtual_Com_Port_NoData_Setup</a> from usb_prop.o(i.Virtual_Com_Port_NoData_Setup) referenced 2 times from usb_prop.o(.data)
 <LI><a href="#[4]">Virtual_Com_Port_Reset</a> from usb_prop.o(i.Virtual_Com_Port_Reset) referenced 2 times from usb_prop.o(.data)
 <LI><a href="#[d]">Virtual_Com_Port_SetConfiguration</a> from usb_prop.o(i.Virtual_Com_Port_SetConfiguration) referenced 2 times from usb_prop.o(.data)
 <LI><a href="#[e]">Virtual_Com_Port_SetDeviceAddress</a> from usb_prop.o(i.Virtual_Com_Port_SetDeviceAddress) referenced 2 times from usb_prop.o(.data)
 <LI><a href="#[4b]">Virtual_Com_Port_SetLineCoding</a> from usb_prop.o(i.Virtual_Com_Port_SetLineCoding) referenced from usb_prop.o(i.Virtual_Com_Port_Data_Setup)
 <LI><a href="#[5]">Virtual_Com_Port_Status_In</a> from usb_prop.o(i.Virtual_Com_Port_Status_In) referenced 2 times from usb_prop.o(.data)
 <LI><a href="#[6]">Virtual_Com_Port_Status_Out</a> from usb_prop.o(i.Virtual_Com_Port_Status_Out) referenced 2 times from usb_prop.o(.data)
 <LI><a href="#[3]">Virtual_Com_Port_init</a> from usb_prop.o(i.Virtual_Com_Port_init) referenced 2 times from usb_prop.o(.data)
 <LI><a href="#[19]">WWDG_IRQHandler</a> from startup_stm32f10x_md.o(.text) referenced from startup_stm32f10x_md.o(RESET)
 <LI><a href="#[46]">__main</a> from entry.o(.ARM.Collect$$$$00000000) referenced from startup_stm32f10x_md.o(.text)
 <LI><a href="#[4c]">_sputc</a> from printfa.o(i._sputc) referenced from printfa.o(i.__0sprintf)
 <LI><a href="#[72]">commanderTask</a> from remoter_ctrl.o(i.commanderTask) referenced from main.o(i.startTask)
 <LI><a href="#[75]">configParamTask</a> from config_param.o(i.configParamTask) referenced from main.o(i.startTask)
 <LI><a href="#[74]">displayTask</a> from display.o(i.displayTask) referenced from main.o(i.startTask)
 <LI><a href="#[6c]">exitMenu</a> from menu_ui.o(i.exitMenu) referenced from menul1_item.o(i.mainMenuInit)
 <LI><a href="#[69]">gotoJoystickCalibUI</a> from menul1_item.o(i.gotoJoystickCalibUI) referenced from menul1_item.o(i.mainMenuInit)
 <LI><a href="#[6a]">gotoMatchMiniFlyUI</a> from menul1_item.o(i.gotoMatchMiniFlyUI) referenced from menul1_item.o(i.mainMenuInit)
 <LI><a href="#[53]">gotoNextMenu</a> from menu_ui.o(i.gotoNextMenu) referenced from menul2_item.o(i.expModuleMenuInit)
 <LI><a href="#[53]">gotoNextMenu</a> from menu_ui.o(i.gotoNextMenu) referenced from menul1_item.o(i.mainMenuInit)
 <LI><a href="#[6b]">gotoResetUI</a> from menul1_item.o(i.gotoResetUI) referenced from menul1_item.o(i.mainMenuInit)
 <LI><a href="#[73]">keyTask</a> from keytask.o(i.keyTask) referenced from main.o(i.startTask)
 <LI><a href="#[44]">main</a> from main.o(i.main) referenced from entry9a.o(.ARM.Collect$$$$0000000B)
 <LI><a href="#[6e]">nrf_interruptCallback</a> from radiolink.o(i.nrf_interruptCallback) referenced from radiolink.o(i.radioInit)
 <LI><a href="#[78]">prvIdleTask</a> from tasks.o(i.prvIdleTask) referenced from tasks.o(i.vTaskStartScheduler)
 <LI><a href="#[6d]">prvTaskExitError</a> from port.o(i.prvTaskExitError) referenced from port.o(i.pxPortInitialiseStack)
 <LI><a href="#[7b]">prvTimerTask</a> from timers.o(i.prvTimerTask) referenced from timers.o(i.xTimerCreateTimerTask)
 <LI><a href="#[76]">radiolinkDataProcessTask</a> from atkp.o(i.radiolinkDataProcessTask) referenced from main.o(i.startTask)
 <LI><a href="#[6f]">radiolinkTask</a> from radiolink.o(i.radiolinkTask) referenced from main.o(i.startTask)
 <LI><a href="#[4d]">runBeepseq</a> from beep.o(i.runBeepseq) referenced from beep.o(i.beepInit)
 <LI><a href="#[52]">setCtrlmode3Dhold</a> from menul2_item.o(i.setCtrlmode3Dhold) referenced from menul2_item.o(i.controlmodeMenuInit)
 <LI><a href="#[50]">setCtrlmodeAlthold</a> from menul2_item.o(i.setCtrlmodeAlthold) referenced from menul2_item.o(i.controlmodeMenuInit)
 <LI><a href="#[51]">setCtrlmodeManual</a> from menul2_item.o(i.setCtrlmodeManual) referenced from menul2_item.o(i.controlmodeMenuInit)
 <LI><a href="#[58]">setFlightHighSpeed</a> from menul2_item.o(i.setFlightHighSpeed) referenced from menul2_item.o(i.flySpeedMenuInit)
 <LI><a href="#[56]">setFlightLowSpeed</a> from menul2_item.o(i.setFlightLowSpeed) referenced from menul2_item.o(i.flySpeedMenuInit)
 <LI><a href="#[57]">setFlightMidSpeed</a> from menul2_item.o(i.setFlightMidSpeed) referenced from menul2_item.o(i.flySpeedMenuInit)
 <LI><a href="#[55]">setFlipDisable</a> from menul2_item.o(i.setFlipDisable) referenced from menul2_item.o(i.flipEnableMenuInit)
 <LI><a href="#[54]">setFlipEnable</a> from menul2_item.o(i.setFlipEnable) referenced from menul2_item.o(i.flipEnableMenuInit)
 <LI><a href="#[59]">setFlymodeHeadless</a> from menul2_item.o(i.setFlymodeHeadless) referenced from menul2_item.o(i.flymodeMenuInit)
 <LI><a href="#[5a]">setFlymodeXmode</a> from menul2_item.o(i.setFlymodeXmode) referenced from menul2_item.o(i.flymodeMenuInit)
 <LI><a href="#[5d]">setLanguageComplexChinese</a> from menul2_item.o(i.setLanguageComplexChinese) referenced from menul2_item.o(i.languageMenuInit)
 <LI><a href="#[5c]">setLanguageEnglish</a> from menul2_item.o(i.setLanguageEnglish) referenced from menul2_item.o(i.languageMenuInit)
 <LI><a href="#[5b]">setLanguageSimpleChinese</a> from menul2_item.o(i.setLanguageSimpleChinese) referenced from menul2_item.o(i.languageMenuInit)
 <LI><a href="#[5e]">setLedringEffect0</a> from menul3_item.o(i.setLedringEffect0) referenced from menul3_item.o(i.ledringMenuInit)
 <LI><a href="#[5f]">setLedringEffect1</a> from menul3_item.o(i.setLedringEffect1) referenced from menul3_item.o(i.ledringMenuInit)
 <LI><a href="#[60]">setLedringEffect2</a> from menul3_item.o(i.setLedringEffect2) referenced from menul3_item.o(i.ledringMenuInit)
 <LI><a href="#[61]">setLedringEffect3</a> from menul3_item.o(i.setLedringEffect3) referenced from menul3_item.o(i.ledringMenuInit)
 <LI><a href="#[62]">setLedringEffect4</a> from menul3_item.o(i.setLedringEffect4) referenced from menul3_item.o(i.ledringMenuInit)
 <LI><a href="#[63]">setLedringEffect5</a> from menul3_item.o(i.setLedringEffect5) referenced from menul3_item.o(i.ledringMenuInit)
 <LI><a href="#[64]">setLedringEffect6</a> from menul3_item.o(i.setLedringEffect6) referenced from menul3_item.o(i.ledringMenuInit)
 <LI><a href="#[65]">setLedringEffect7</a> from menul3_item.o(i.setLedringEffect7) referenced from menul3_item.o(i.ledringMenuInit)
 <LI><a href="#[66]">setLedringEffect8</a> from menul3_item.o(i.setLedringEffect8) referenced from menul3_item.o(i.ledringMenuInit)
 <LI><a href="#[67]">setLedringEffect9</a> from menul3_item.o(i.setLedringEffect9) referenced from menul3_item.o(i.ledringMenuInit)
 <LI><a href="#[68]">startTask</a> from main.o(i.startTask) referenced from main.o(i.main)
 <LI><a href="#[4f]">turnOffExpModule</a> from menul3_item.o(i.turnOffExpModule) referenced from menul3_item.o(i.cameraMenuInit)
 <LI><a href="#[7a]">turnOffVl53lxx</a> from menul3_item.o(i.turnOffVl53lxx) referenced from menul3_item.o(i.vl53lxxMenuInit)
 <LI><a href="#[4e]">turnOnExpModule</a> from menul3_item.o(i.turnOnExpModule) referenced from menul3_item.o(i.cameraMenuInit)
 <LI><a href="#[79]">turnOnVl53lxx</a> from menul3_item.o(i.turnOnVl53lxx) referenced from menul3_item.o(i.vl53lxxMenuInit)
 <LI><a href="#[77]">usblinkDataProcessTask</a> from atkp.o(i.usblinkDataProcessTask) referenced from main.o(i.startTask)
 <LI><a href="#[71]">usblinkRxTask</a> from usblink.o(i.usblinkRxTask) referenced from main.o(i.startTask)
 <LI><a href="#[70]">usblinkTxTask</a> from usblink.o(i.usblinkTxTask) referenced from main.o(i.startTask)
</UL>
<P>
<H3>
Global Symbols
</H3>
<P><STRONG><a name="[46]"></a>__main</STRONG> (Thumb, 0 bytes, Stack size unknown bytes, entry.o(.ARM.Collect$$$$00000000))
<BR>[Address Reference Count : 1]<UL><LI> startup_stm32f10x_md.o(.text)
</UL>
<P><STRONG><a name="[1e8]"></a>_main_stk</STRONG> (Thumb, 0 bytes, Stack size unknown bytes, entry2.o(.ARM.Collect$$$$00000001))

<P><STRONG><a name="[7c]"></a>_main_scatterload</STRONG> (Thumb, 0 bytes, Stack size unknown bytes, entry5.o(.ARM.Collect$$$$00000004))
<BR><BR>[Calls]<UL><LI><a href="#[7d]">&gt;&gt;</a>&nbsp;&nbsp;&nbsp;__scatterload
</UL>

<P><STRONG><a name="[98]"></a>__main_after_scatterload</STRONG> (Thumb, 0 bytes, Stack size unknown bytes, entry5.o(.ARM.Collect$$$$00000004))
<BR><BR>[Called By]<UL><LI><a href="#[7d]">&gt;&gt;</a>&nbsp;&nbsp;&nbsp;__scatterload
</UL>

<P><STRONG><a name="[1e9]"></a>_main_clock</STRONG> (Thumb, 0 bytes, Stack size unknown bytes, entry7b.o(.ARM.Collect$$$$00000008))

<P><STRONG><a name="[1ea]"></a>_main_cpp_init</STRONG> (Thumb, 0 bytes, Stack size unknown bytes, entry8b.o(.ARM.Collect$$$$0000000A))

<P><STRONG><a name="[1eb]"></a>_main_init</STRONG> (Thumb, 0 bytes, Stack size unknown bytes, entry9a.o(.ARM.Collect$$$$0000000B))

<P><STRONG><a name="[1ec]"></a>__rt_final_cpp</STRONG> (Thumb, 0 bytes, Stack size unknown bytes, entry10a.o(.ARM.Collect$$$$0000000D))

<P><STRONG><a name="[1ed]"></a>__rt_final_exit</STRONG> (Thumb, 0 bytes, Stack size unknown bytes, entry11a.o(.ARM.Collect$$$$0000000F))

<P><STRONG><a name="[15]"></a>SVC_Handler</STRONG> (Thumb, 32 bytes, Stack size 0 bytes, port.o(.emb_text))
<BR>[Address Reference Count : 1]<UL><LI> startup_stm32f10x_md.o(RESET)
</UL>
<P><STRONG><a name="[1e3]"></a>__asm___6_port_c_39a90d8d__prvStartFirstTask</STRONG> (Thumb, 28 bytes, Stack size 0 bytes, port.o(.emb_text))
<BR><BR>[Called By]<UL><LI><a href="#[1e0]">&gt;&gt;</a>&nbsp;&nbsp;&nbsp;xPortStartScheduler
</UL>

<P><STRONG><a name="[17]"></a>PendSV_Handler</STRONG> (Thumb, 72 bytes, Stack size 0 bytes, port.o(.emb_text))
<BR><BR>[Stack]<UL><LI>Max Depth = 16<LI>Call Chain = PendSV_Handler &rArr; vTaskSwitchContext
</UL>
<BR>[Calls]<UL><LI><a href="#[7e]">&gt;&gt;</a>&nbsp;&nbsp;&nbsp;vTaskSwitchContext
</UL>
<BR>[Address Reference Count : 1]<UL><LI> startup_stm32f10x_md.o(RESET)
</UL>
<P><STRONG><a name="[1d9]"></a>vPortGetIPSR</STRONG> (Thumb, 6 bytes, Stack size 0 bytes, port.o(.emb_text))
<BR><BR>[Called By]<UL><LI><a href="#[1d8]">&gt;&gt;</a>&nbsp;&nbsp;&nbsp;vPortValidateInterruptPriority
</UL>

<P><STRONG><a name="[f]"></a>Reset_Handler</STRONG> (Thumb, 8 bytes, Stack size 0 bytes, startup_stm32f10x_md.o(.text))
<BR>[Address Reference Count : 1]<UL><LI> startup_stm32f10x_md.o(RESET)
</UL>
<P><STRONG><a name="[2b]"></a>ADC1_2_IRQHandler</STRONG> (Thumb, 0 bytes, Stack size 0 bytes, startup_stm32f10x_md.o(.text))
<BR><BR>[Calls]<UL><LI><a href="#[2b]">&gt;&gt;</a>&nbsp;&nbsp;&nbsp;ADC1_2_IRQHandler
</UL>
<BR>[Called By]<UL><LI><a href="#[2b]">&gt;&gt;</a>&nbsp;&nbsp;&nbsp;ADC1_2_IRQHandler
</UL>
<BR>[Address Reference Count : 1]<UL><LI> startup_stm32f10x_md.o(RESET)
</UL>
<P><STRONG><a name="[2e]"></a>CAN1_RX1_IRQHandler</STRONG> (Thumb, 0 bytes, Stack size 0 bytes, startup_stm32f10x_md.o(.text))
<BR>[Address Reference Count : 1]<UL><LI> startup_stm32f10x_md.o(RESET)
</UL>
<P><STRONG><a name="[2f]"></a>CAN1_SCE_IRQHandler</STRONG> (Thumb, 0 bytes, Stack size 0 bytes, startup_stm32f10x_md.o(.text))
<BR>[Address Reference Count : 1]<UL><LI> startup_stm32f10x_md.o(RESET)
</UL>
<P><STRONG><a name="[24]"></a>DMA1_Channel1_IRQHandler</STRONG> (Thumb, 0 bytes, Stack size 0 bytes, startup_stm32f10x_md.o(.text))
<BR>[Address Reference Count : 1]<UL><LI> startup_stm32f10x_md.o(RESET)
</UL>
<P><STRONG><a name="[25]"></a>DMA1_Channel2_IRQHandler</STRONG> (Thumb, 0 bytes, Stack size 0 bytes, startup_stm32f10x_md.o(.text))
<BR>[Address Reference Count : 1]<UL><LI> startup_stm32f10x_md.o(RESET)
</UL>
<P><STRONG><a name="[26]"></a>DMA1_Channel3_IRQHandler</STRONG> (Thumb, 0 bytes, Stack size 0 bytes, startup_stm32f10x_md.o(.text))
<BR>[Address Reference Count : 1]<UL><LI> startup_stm32f10x_md.o(RESET)
</UL>
<P><STRONG><a name="[27]"></a>DMA1_Channel4_IRQHandler</STRONG> (Thumb, 0 bytes, Stack size 0 bytes, startup_stm32f10x_md.o(.text))
<BR>[Address Reference Count : 1]<UL><LI> startup_stm32f10x_md.o(RESET)
</UL>
<P><STRONG><a name="[28]"></a>DMA1_Channel5_IRQHandler</STRONG> (Thumb, 0 bytes, Stack size 0 bytes, startup_stm32f10x_md.o(.text))
<BR>[Address Reference Count : 1]<UL><LI> startup_stm32f10x_md.o(RESET)
</UL>
<P><STRONG><a name="[29]"></a>DMA1_Channel6_IRQHandler</STRONG> (Thumb, 0 bytes, Stack size 0 bytes, startup_stm32f10x_md.o(.text))
<BR>[Address Reference Count : 1]<UL><LI> startup_stm32f10x_md.o(RESET)
</UL>
<P><STRONG><a name="[2a]"></a>DMA1_Channel7_IRQHandler</STRONG> (Thumb, 0 bytes, Stack size 0 bytes, startup_stm32f10x_md.o(.text))
<BR>[Address Reference Count : 1]<UL><LI> startup_stm32f10x_md.o(RESET)
</UL>
<P><STRONG><a name="[1f]"></a>EXTI0_IRQHandler</STRONG> (Thumb, 0 bytes, Stack size 0 bytes, startup_stm32f10x_md.o(.text))
<BR>[Address Reference Count : 1]<UL><LI> startup_stm32f10x_md.o(RESET)
</UL>
<P><STRONG><a name="[20]"></a>EXTI1_IRQHandler</STRONG> (Thumb, 0 bytes, Stack size 0 bytes, startup_stm32f10x_md.o(.text))
<BR>[Address Reference Count : 1]<UL><LI> startup_stm32f10x_md.o(RESET)
</UL>
<P><STRONG><a name="[21]"></a>EXTI2_IRQHandler</STRONG> (Thumb, 0 bytes, Stack size 0 bytes, startup_stm32f10x_md.o(.text))
<BR>[Address Reference Count : 1]<UL><LI> startup_stm32f10x_md.o(RESET)
</UL>
<P><STRONG><a name="[22]"></a>EXTI3_IRQHandler</STRONG> (Thumb, 0 bytes, Stack size 0 bytes, startup_stm32f10x_md.o(.text))
<BR>[Address Reference Count : 1]<UL><LI> startup_stm32f10x_md.o(RESET)
</UL>
<P><STRONG><a name="[23]"></a>EXTI4_IRQHandler</STRONG> (Thumb, 0 bytes, Stack size 0 bytes, startup_stm32f10x_md.o(.text))
<BR>[Address Reference Count : 1]<UL><LI> startup_stm32f10x_md.o(RESET)
</UL>
<P><STRONG><a name="[30]"></a>EXTI9_5_IRQHandler</STRONG> (Thumb, 0 bytes, Stack size 0 bytes, startup_stm32f10x_md.o(.text))
<BR>[Address Reference Count : 1]<UL><LI> startup_stm32f10x_md.o(RESET)
</UL>
<P><STRONG><a name="[1d]"></a>FLASH_IRQHandler</STRONG> (Thumb, 0 bytes, Stack size 0 bytes, startup_stm32f10x_md.o(.text))
<BR>[Address Reference Count : 1]<UL><LI> startup_stm32f10x_md.o(RESET)
</UL>
<P><STRONG><a name="[39]"></a>I2C1_ER_IRQHandler</STRONG> (Thumb, 0 bytes, Stack size 0 bytes, startup_stm32f10x_md.o(.text))
<BR>[Address Reference Count : 1]<UL><LI> startup_stm32f10x_md.o(RESET)
</UL>
<P><STRONG><a name="[38]"></a>I2C1_EV_IRQHandler</STRONG> (Thumb, 0 bytes, Stack size 0 bytes, startup_stm32f10x_md.o(.text))
<BR>[Address Reference Count : 1]<UL><LI> startup_stm32f10x_md.o(RESET)
</UL>
<P><STRONG><a name="[3b]"></a>I2C2_ER_IRQHandler</STRONG> (Thumb, 0 bytes, Stack size 0 bytes, startup_stm32f10x_md.o(.text))
<BR>[Address Reference Count : 1]<UL><LI> startup_stm32f10x_md.o(RESET)
</UL>
<P><STRONG><a name="[3a]"></a>I2C2_EV_IRQHandler</STRONG> (Thumb, 0 bytes, Stack size 0 bytes, startup_stm32f10x_md.o(.text))
<BR>[Address Reference Count : 1]<UL><LI> startup_stm32f10x_md.o(RESET)
</UL>
<P><STRONG><a name="[1a]"></a>PVD_IRQHandler</STRONG> (Thumb, 0 bytes, Stack size 0 bytes, startup_stm32f10x_md.o(.text))
<BR>[Address Reference Count : 1]<UL><LI> startup_stm32f10x_md.o(RESET)
</UL>
<P><STRONG><a name="[1e]"></a>RCC_IRQHandler</STRONG> (Thumb, 0 bytes, Stack size 0 bytes, startup_stm32f10x_md.o(.text))
<BR>[Address Reference Count : 1]<UL><LI> startup_stm32f10x_md.o(RESET)
</UL>
<P><STRONG><a name="[42]"></a>RTCAlarm_IRQHandler</STRONG> (Thumb, 0 bytes, Stack size 0 bytes, startup_stm32f10x_md.o(.text))
<BR>[Address Reference Count : 1]<UL><LI> startup_stm32f10x_md.o(RESET)
</UL>
<P><STRONG><a name="[1c]"></a>RTC_IRQHandler</STRONG> (Thumb, 0 bytes, Stack size 0 bytes, startup_stm32f10x_md.o(.text))
<BR>[Address Reference Count : 1]<UL><LI> startup_stm32f10x_md.o(RESET)
</UL>
<P><STRONG><a name="[3c]"></a>SPI1_IRQHandler</STRONG> (Thumb, 0 bytes, Stack size 0 bytes, startup_stm32f10x_md.o(.text))
<BR>[Address Reference Count : 1]<UL><LI> startup_stm32f10x_md.o(RESET)
</UL>
<P><STRONG><a name="[3d]"></a>SPI2_IRQHandler</STRONG> (Thumb, 0 bytes, Stack size 0 bytes, startup_stm32f10x_md.o(.text))
<BR>[Address Reference Count : 1]<UL><LI> startup_stm32f10x_md.o(RESET)
</UL>
<P><STRONG><a name="[1b]"></a>TAMPER_IRQHandler</STRONG> (Thumb, 0 bytes, Stack size 0 bytes, startup_stm32f10x_md.o(.text))
<BR>[Address Reference Count : 1]<UL><LI> startup_stm32f10x_md.o(RESET)
</UL>
<P><STRONG><a name="[31]"></a>TIM1_BRK_IRQHandler</STRONG> (Thumb, 0 bytes, Stack size 0 bytes, startup_stm32f10x_md.o(.text))
<BR>[Address Reference Count : 1]<UL><LI> startup_stm32f10x_md.o(RESET)
</UL>
<P><STRONG><a name="[34]"></a>TIM1_CC_IRQHandler</STRONG> (Thumb, 0 bytes, Stack size 0 bytes, startup_stm32f10x_md.o(.text))
<BR>[Address Reference Count : 1]<UL><LI> startup_stm32f10x_md.o(RESET)
</UL>
<P><STRONG><a name="[33]"></a>TIM1_TRG_COM_IRQHandler</STRONG> (Thumb, 0 bytes, Stack size 0 bytes, startup_stm32f10x_md.o(.text))
<BR>[Address Reference Count : 1]<UL><LI> startup_stm32f10x_md.o(RESET)
</UL>
<P><STRONG><a name="[32]"></a>TIM1_UP_IRQHandler</STRONG> (Thumb, 0 bytes, Stack size 0 bytes, startup_stm32f10x_md.o(.text))
<BR>[Address Reference Count : 1]<UL><LI> startup_stm32f10x_md.o(RESET)
</UL>
<P><STRONG><a name="[35]"></a>TIM2_IRQHandler</STRONG> (Thumb, 0 bytes, Stack size 0 bytes, startup_stm32f10x_md.o(.text))
<BR>[Address Reference Count : 1]<UL><LI> startup_stm32f10x_md.o(RESET)
</UL>
<P><STRONG><a name="[36]"></a>TIM3_IRQHandler</STRONG> (Thumb, 0 bytes, Stack size 0 bytes, startup_stm32f10x_md.o(.text))
<BR>[Address Reference Count : 1]<UL><LI> startup_stm32f10x_md.o(RESET)
</UL>
<P><STRONG><a name="[37]"></a>TIM4_IRQHandler</STRONG> (Thumb, 0 bytes, Stack size 0 bytes, startup_stm32f10x_md.o(.text))
<BR>[Address Reference Count : 1]<UL><LI> startup_stm32f10x_md.o(RESET)
</UL>
<P><STRONG><a name="[3e]"></a>USART1_IRQHandler</STRONG> (Thumb, 0 bytes, Stack size 0 bytes, startup_stm32f10x_md.o(.text))
<BR>[Address Reference Count : 1]<UL><LI> startup_stm32f10x_md.o(RESET)
</UL>
<P><STRONG><a name="[3f]"></a>USART2_IRQHandler</STRONG> (Thumb, 0 bytes, Stack size 0 bytes, startup_stm32f10x_md.o(.text))
<BR>[Address Reference Count : 1]<UL><LI> startup_stm32f10x_md.o(RESET)
</UL>
<P><STRONG><a name="[40]"></a>USART3_IRQHandler</STRONG> (Thumb, 0 bytes, Stack size 0 bytes, startup_stm32f10x_md.o(.text))
<BR>[Address Reference Count : 1]<UL><LI> startup_stm32f10x_md.o(RESET)
</UL>
<P><STRONG><a name="[2c]"></a>USB_HP_CAN1_TX_IRQHandler</STRONG> (Thumb, 0 bytes, Stack size 0 bytes, startup_stm32f10x_md.o(.text))
<BR>[Address Reference Count : 1]<UL><LI> startup_stm32f10x_md.o(RESET)
</UL>
<P><STRONG><a name="[19]"></a>WWDG_IRQHandler</STRONG> (Thumb, 0 bytes, Stack size 0 bytes, startup_stm32f10x_md.o(.text))
<BR>[Address Reference Count : 1]<UL><LI> startup_stm32f10x_md.o(RESET)
</UL>
<P><STRONG><a name="[13f]"></a>__aeabi_memcpy</STRONG> (Thumb, 36 bytes, Stack size 0 bytes, memcpya.o(.text))
<BR><BR>[Called By]<UL><LI><a href="#[13d]">&gt;&gt;</a>&nbsp;&nbsp;&nbsp;sendRmotorData
<LI><a href="#[131]">&gt;&gt;</a>&nbsp;&nbsp;&nbsp;miniFlyMsgACKProcess
<LI><a href="#[70]">&gt;&gt;</a>&nbsp;&nbsp;&nbsp;usblinkTxTask
<LI><a href="#[72]">&gt;&gt;</a>&nbsp;&nbsp;&nbsp;commanderTask
<LI><a href="#[1aa]">&gt;&gt;</a>&nbsp;&nbsp;&nbsp;prvCopyDataToQueue
<LI><a href="#[1a9]">&gt;&gt;</a>&nbsp;&nbsp;&nbsp;prvCopyDataFromQueue
</UL>

<P><STRONG><a name="[143]"></a>__aeabi_memcpy4</STRONG> (Thumb, 0 bytes, Stack size 0 bytes, memcpya.o(.text))
<BR><BR>[Called By]<UL><LI><a href="#[145]">&gt;&gt;</a>&nbsp;&nbsp;&nbsp;configParamReset
<LI><a href="#[141]">&gt;&gt;</a>&nbsp;&nbsp;&nbsp;configParamInit
<LI><a href="#[160]">&gt;&gt;</a>&nbsp;&nbsp;&nbsp;joystickCalib_ui
</UL>

<P><STRONG><a name="[1ee]"></a>__aeabi_memcpy8</STRONG> (Thumb, 0 bytes, Stack size 0 bytes, memcpya.o(.text), UNUSED)

<P><STRONG><a name="[80]"></a>__aeabi_memset</STRONG> (Thumb, 14 bytes, Stack size 0 bytes, memseta.o(.text), UNUSED)
<BR><BR>[Called By]<UL><LI><a href="#[81]">&gt;&gt;</a>&nbsp;&nbsp;&nbsp;_memset$wrapper
<LI><a href="#[7f]">&gt;&gt;</a>&nbsp;&nbsp;&nbsp;__aeabi_memclr
</UL>

<P><STRONG><a name="[1ef]"></a>__aeabi_memset4</STRONG> (Thumb, 0 bytes, Stack size 0 bytes, memseta.o(.text), UNUSED)

<P><STRONG><a name="[1f0]"></a>__aeabi_memset8</STRONG> (Thumb, 0 bytes, Stack size 0 bytes, memseta.o(.text), UNUSED)

<P><STRONG><a name="[7f]"></a>__aeabi_memclr</STRONG> (Thumb, 4 bytes, Stack size 0 bytes, memseta.o(.text), UNUSED)
<BR><BR>[Calls]<UL><LI><a href="#[80]">&gt;&gt;</a>&nbsp;&nbsp;&nbsp;__aeabi_memset
</UL>

<P><STRONG><a name="[148]"></a>__aeabi_memclr4</STRONG> (Thumb, 0 bytes, Stack size 0 bytes, memseta.o(.text))
<BR><BR>[Called By]<UL><LI><a href="#[15f]">&gt;&gt;</a>&nbsp;&nbsp;&nbsp;trim_ui
<LI><a href="#[160]">&gt;&gt;</a>&nbsp;&nbsp;&nbsp;joystickCalib_ui
<LI><a href="#[146]">&gt;&gt;</a>&nbsp;&nbsp;&nbsp;debug_ui
</UL>

<P><STRONG><a name="[1f1]"></a>__aeabi_memclr8</STRONG> (Thumb, 0 bytes, Stack size 0 bytes, memseta.o(.text), UNUSED)

<P><STRONG><a name="[81]"></a>_memset$wrapper</STRONG> (Thumb, 18 bytes, Stack size 8 bytes, memseta.o(.text), UNUSED)
<BR><BR>[Calls]<UL><LI><a href="#[80]">&gt;&gt;</a>&nbsp;&nbsp;&nbsp;__aeabi_memset
</UL>

<P><STRONG><a name="[14c]"></a>strlen</STRONG> (Thumb, 14 bytes, Stack size 0 bytes, strlen.o(.text))
<BR><BR>[Called By]<UL><LI><a href="#[e2]">&gt;&gt;</a>&nbsp;&nbsp;&nbsp;show_str_mid
<LI><a href="#[146]">&gt;&gt;</a>&nbsp;&nbsp;&nbsp;debug_ui
<LI><a href="#[e7]">&gt;&gt;</a>&nbsp;&nbsp;&nbsp;getWindowStringlen
<LI><a href="#[1ce]">&gt;&gt;</a>&nbsp;&nbsp;&nbsp;show_font
<LI><a href="#[e1]">&gt;&gt;</a>&nbsp;&nbsp;&nbsp;getMessageBoxStringlen
<LI><a href="#[ce]">&gt;&gt;</a>&nbsp;&nbsp;&nbsp;getBtnStringlen
</UL>

<P><STRONG><a name="[82]"></a>__aeabi_fadd</STRONG> (Thumb, 164 bytes, Stack size 16 bytes, fadd.o(.text))
<BR><BR>[Stack]<UL><LI>Max Depth = 20<LI>Call Chain = __aeabi_fadd &rArr; _float_epilogue
</UL>
<BR>[Calls]<UL><LI><a href="#[84]">&gt;&gt;</a>&nbsp;&nbsp;&nbsp;_float_round
<LI><a href="#[83]">&gt;&gt;</a>&nbsp;&nbsp;&nbsp;_float_epilogue
</UL>
<BR>[Called By]<UL><LI><a href="#[72]">&gt;&gt;</a>&nbsp;&nbsp;&nbsp;commanderTask
<LI><a href="#[85]">&gt;&gt;</a>&nbsp;&nbsp;&nbsp;__aeabi_fsub
<LI><a href="#[15f]">&gt;&gt;</a>&nbsp;&nbsp;&nbsp;trim_ui
<LI><a href="#[86]">&gt;&gt;</a>&nbsp;&nbsp;&nbsp;__aeabi_frsub
</UL>

<P><STRONG><a name="[85]"></a>__aeabi_fsub</STRONG> (Thumb, 6 bytes, Stack size 0 bytes, fadd.o(.text))
<BR><BR>[Stack]<UL><LI>Max Depth = 20<LI>Call Chain = __aeabi_fsub &rArr; __aeabi_fadd &rArr; _float_epilogue
</UL>
<BR>[Calls]<UL><LI><a href="#[82]">&gt;&gt;</a>&nbsp;&nbsp;&nbsp;__aeabi_fadd
</UL>
<BR>[Called By]<UL><LI><a href="#[15f]">&gt;&gt;</a>&nbsp;&nbsp;&nbsp;trim_ui
<LI><a href="#[15e]">&gt;&gt;</a>&nbsp;&nbsp;&nbsp;main_ui
</UL>

<P><STRONG><a name="[86]"></a>__aeabi_frsub</STRONG> (Thumb, 6 bytes, Stack size 0 bytes, fadd.o(.text), UNUSED)
<BR><BR>[Calls]<UL><LI><a href="#[82]">&gt;&gt;</a>&nbsp;&nbsp;&nbsp;__aeabi_fadd
</UL>

<P><STRONG><a name="[138]"></a>__aeabi_fmul</STRONG> (Thumb, 100 bytes, Stack size 8 bytes, fmul.o(.text))
<BR><BR>[Stack]<UL><LI>Max Depth = 8<LI>Call Chain = __aeabi_fmul
</UL>
<BR>[Called By]<UL><LI><a href="#[72]">&gt;&gt;</a>&nbsp;&nbsp;&nbsp;commanderTask
<LI><a href="#[15f]">&gt;&gt;</a>&nbsp;&nbsp;&nbsp;trim_ui
<LI><a href="#[15e]">&gt;&gt;</a>&nbsp;&nbsp;&nbsp;main_ui
</UL>

<P><STRONG><a name="[87]"></a>__aeabi_fdiv</STRONG> (Thumb, 124 bytes, Stack size 8 bytes, fdiv.o(.text))
<BR><BR>[Stack]<UL><LI>Max Depth = 8<LI>Call Chain = __aeabi_fdiv
</UL>
<BR>[Calls]<UL><LI><a href="#[84]">&gt;&gt;</a>&nbsp;&nbsp;&nbsp;_float_round
</UL>
<BR>[Called By]<UL><LI><a href="#[9b]">&gt;&gt;</a>&nbsp;&nbsp;&nbsp;ADCtoFlyDataPercent
<LI><a href="#[12f]">&gt;&gt;</a>&nbsp;&nbsp;&nbsp;atkpAnalyze
<LI><a href="#[15f]">&gt;&gt;</a>&nbsp;&nbsp;&nbsp;trim_ui
<LI><a href="#[15e]">&gt;&gt;</a>&nbsp;&nbsp;&nbsp;main_ui
</UL>

<P><STRONG><a name="[88]"></a>__aeabi_dadd</STRONG> (Thumb, 322 bytes, Stack size 48 bytes, dadd.o(.text))
<BR><BR>[Stack]<UL><LI>Max Depth = 88<LI>Call Chain = __aeabi_dadd &rArr; _double_epilogue &rArr; _double_round
</UL>
<BR>[Calls]<UL><LI><a href="#[8a]">&gt;&gt;</a>&nbsp;&nbsp;&nbsp;__aeabi_lasr
<LI><a href="#[89]">&gt;&gt;</a>&nbsp;&nbsp;&nbsp;__aeabi_llsl
<LI><a href="#[8c]">&gt;&gt;</a>&nbsp;&nbsp;&nbsp;_double_round
<LI><a href="#[8b]">&gt;&gt;</a>&nbsp;&nbsp;&nbsp;_double_epilogue
</UL>
<BR>[Called By]<UL><LI><a href="#[8d]">&gt;&gt;</a>&nbsp;&nbsp;&nbsp;__aeabi_dsub
<LI><a href="#[8e]">&gt;&gt;</a>&nbsp;&nbsp;&nbsp;__aeabi_drsub
<LI><a href="#[188]">&gt;&gt;</a>&nbsp;&nbsp;&nbsp;my_cos
<LI><a href="#[186]">&gt;&gt;</a>&nbsp;&nbsp;&nbsp;mx_sin
<LI><a href="#[129]">&gt;&gt;</a>&nbsp;&nbsp;&nbsp;_fp_digits
</UL>

<P><STRONG><a name="[8d]"></a>__aeabi_dsub</STRONG> (Thumb, 6 bytes, Stack size 0 bytes, dadd.o(.text))
<BR><BR>[Stack]<UL><LI>Max Depth = 88<LI>Call Chain = __aeabi_dsub &rArr; __aeabi_dadd &rArr; _double_epilogue &rArr; _double_round
</UL>
<BR>[Calls]<UL><LI><a href="#[88]">&gt;&gt;</a>&nbsp;&nbsp;&nbsp;__aeabi_dadd
</UL>
<BR>[Called By]<UL><LI><a href="#[72]">&gt;&gt;</a>&nbsp;&nbsp;&nbsp;commanderTask
<LI><a href="#[189]">&gt;&gt;</a>&nbsp;&nbsp;&nbsp;my_sin
<LI><a href="#[188]">&gt;&gt;</a>&nbsp;&nbsp;&nbsp;my_cos
<LI><a href="#[186]">&gt;&gt;</a>&nbsp;&nbsp;&nbsp;mx_sin
</UL>

<P><STRONG><a name="[8e]"></a>__aeabi_drsub</STRONG> (Thumb, 6 bytes, Stack size 0 bytes, dadd.o(.text))
<BR><BR>[Stack]<UL><LI>Max Depth = 88<LI>Call Chain = __aeabi_drsub &rArr; __aeabi_dadd &rArr; _double_epilogue &rArr; _double_round
</UL>
<BR>[Calls]<UL><LI><a href="#[88]">&gt;&gt;</a>&nbsp;&nbsp;&nbsp;__aeabi_dadd
</UL>
<BR>[Called By]<UL><LI><a href="#[186]">&gt;&gt;</a>&nbsp;&nbsp;&nbsp;mx_sin
</UL>

<P><STRONG><a name="[8f]"></a>__aeabi_dmul</STRONG> (Thumb, 228 bytes, Stack size 48 bytes, dmul.o(.text))
<BR><BR>[Stack]<UL><LI>Max Depth = 88<LI>Call Chain = __aeabi_dmul &rArr; _double_epilogue &rArr; _double_round
</UL>
<BR>[Calls]<UL><LI><a href="#[8b]">&gt;&gt;</a>&nbsp;&nbsp;&nbsp;_double_epilogue
</UL>
<BR>[Called By]<UL><LI><a href="#[72]">&gt;&gt;</a>&nbsp;&nbsp;&nbsp;commanderTask
<LI><a href="#[189]">&gt;&gt;</a>&nbsp;&nbsp;&nbsp;my_sin
<LI><a href="#[188]">&gt;&gt;</a>&nbsp;&nbsp;&nbsp;my_cos
<LI><a href="#[186]">&gt;&gt;</a>&nbsp;&nbsp;&nbsp;mx_sin
<LI><a href="#[15e]">&gt;&gt;</a>&nbsp;&nbsp;&nbsp;main_ui
<LI><a href="#[129]">&gt;&gt;</a>&nbsp;&nbsp;&nbsp;_fp_digits
</UL>

<P><STRONG><a name="[90]"></a>__aeabi_ddiv</STRONG> (Thumb, 222 bytes, Stack size 32 bytes, ddiv.o(.text))
<BR><BR>[Stack]<UL><LI>Max Depth = 40<LI>Call Chain = __aeabi_ddiv &rArr; _double_round
</UL>
<BR>[Calls]<UL><LI><a href="#[8c]">&gt;&gt;</a>&nbsp;&nbsp;&nbsp;_double_round
</UL>
<BR>[Called By]<UL><LI><a href="#[15e]">&gt;&gt;</a>&nbsp;&nbsp;&nbsp;main_ui
<LI><a href="#[129]">&gt;&gt;</a>&nbsp;&nbsp;&nbsp;_fp_digits
</UL>

<P><STRONG><a name="[17b]"></a>__ARM_scalbn</STRONG> (Thumb, 46 bytes, Stack size 16 bytes, dscalb.o(.text))
<BR><BR>[Stack]<UL><LI>Max Depth = 16<LI>Call Chain = __ARM_scalbn
</UL>
<BR>[Called By]<UL><LI><a href="#[15e]">&gt;&gt;</a>&nbsp;&nbsp;&nbsp;main_ui
</UL>

<P><STRONG><a name="[1f2]"></a>scalbn</STRONG> (Thumb, 0 bytes, Stack size 16 bytes, dscalb.o(.text), UNUSED)

<P><STRONG><a name="[91]"></a>__aeabi_i2f</STRONG> (Thumb, 18 bytes, Stack size 0 bytes, fflti.o(.text))
<BR><BR>[Stack]<UL><LI>Max Depth = 4<LI>Call Chain = __aeabi_i2f &rArr; _float_epilogue
</UL>
<BR>[Calls]<UL><LI><a href="#[83]">&gt;&gt;</a>&nbsp;&nbsp;&nbsp;_float_epilogue
</UL>
<BR>[Called By]<UL><LI><a href="#[9b]">&gt;&gt;</a>&nbsp;&nbsp;&nbsp;ADCtoFlyDataPercent
<LI><a href="#[12f]">&gt;&gt;</a>&nbsp;&nbsp;&nbsp;atkpAnalyze
<LI><a href="#[15e]">&gt;&gt;</a>&nbsp;&nbsp;&nbsp;main_ui
</UL>

<P><STRONG><a name="[92]"></a>__aeabi_i2d</STRONG> (Thumb, 34 bytes, Stack size 16 bytes, dflti.o(.text))
<BR><BR>[Stack]<UL><LI>Max Depth = 56<LI>Call Chain = __aeabi_i2d &rArr; _double_epilogue &rArr; _double_round
</UL>
<BR>[Calls]<UL><LI><a href="#[8b]">&gt;&gt;</a>&nbsp;&nbsp;&nbsp;_double_epilogue
</UL>
<BR>[Called By]<UL><LI><a href="#[189]">&gt;&gt;</a>&nbsp;&nbsp;&nbsp;my_sin
<LI><a href="#[188]">&gt;&gt;</a>&nbsp;&nbsp;&nbsp;my_cos
</UL>

<P><STRONG><a name="[93]"></a>__aeabi_ui2d</STRONG> (Thumb, 26 bytes, Stack size 16 bytes, dfltui.o(.text))
<BR><BR>[Stack]<UL><LI>Max Depth = 56<LI>Call Chain = __aeabi_ui2d &rArr; _double_epilogue &rArr; _double_round
</UL>
<BR>[Calls]<UL><LI><a href="#[8b]">&gt;&gt;</a>&nbsp;&nbsp;&nbsp;_double_epilogue
</UL>
<BR>[Called By]<UL><LI><a href="#[15e]">&gt;&gt;</a>&nbsp;&nbsp;&nbsp;main_ui
</UL>

<P><STRONG><a name="[17c]"></a>__aeabi_f2iz</STRONG> (Thumb, 50 bytes, Stack size 0 bytes, ffixi.o(.text))
<BR><BR>[Called By]<UL><LI><a href="#[15e]">&gt;&gt;</a>&nbsp;&nbsp;&nbsp;main_ui
</UL>

<P><STRONG><a name="[13e]"></a>__aeabi_f2uiz</STRONG> (Thumb, 40 bytes, Stack size 0 bytes, ffixui.o(.text))
<BR><BR>[Called By]<UL><LI><a href="#[72]">&gt;&gt;</a>&nbsp;&nbsp;&nbsp;commanderTask
</UL>

<P><STRONG><a name="[136]"></a>__aeabi_f2d</STRONG> (Thumb, 38 bytes, Stack size 0 bytes, f2d.o(.text))
<BR><BR>[Called By]<UL><LI><a href="#[72]">&gt;&gt;</a>&nbsp;&nbsp;&nbsp;commanderTask
<LI><a href="#[15f]">&gt;&gt;</a>&nbsp;&nbsp;&nbsp;trim_ui
<LI><a href="#[146]">&gt;&gt;</a>&nbsp;&nbsp;&nbsp;debug_ui
</UL>

<P><STRONG><a name="[1f3]"></a>__aeabi_cdcmpeq</STRONG> (Thumb, 0 bytes, Stack size 0 bytes, cdcmple.o(.text), UNUSED)

<P><STRONG><a name="[187]"></a>__aeabi_cdcmple</STRONG> (Thumb, 48 bytes, Stack size 0 bytes, cdcmple.o(.text))
<BR><BR>[Called By]<UL><LI><a href="#[186]">&gt;&gt;</a>&nbsp;&nbsp;&nbsp;mx_sin
</UL>

<P><STRONG><a name="[12a]"></a>__aeabi_cdrcmple</STRONG> (Thumb, 48 bytes, Stack size 0 bytes, cdrcmple.o(.text))
<BR><BR>[Called By]<UL><LI><a href="#[189]">&gt;&gt;</a>&nbsp;&nbsp;&nbsp;my_sin
<LI><a href="#[188]">&gt;&gt;</a>&nbsp;&nbsp;&nbsp;my_cos
<LI><a href="#[129]">&gt;&gt;</a>&nbsp;&nbsp;&nbsp;_fp_digits
</UL>

<P><STRONG><a name="[94]"></a>__aeabi_d2f</STRONG> (Thumb, 56 bytes, Stack size 8 bytes, d2f.o(.text))
<BR><BR>[Stack]<UL><LI>Max Depth = 8<LI>Call Chain = __aeabi_d2f
</UL>
<BR>[Calls]<UL><LI><a href="#[84]">&gt;&gt;</a>&nbsp;&nbsp;&nbsp;_float_round
</UL>
<BR>[Called By]<UL><LI><a href="#[72]">&gt;&gt;</a>&nbsp;&nbsp;&nbsp;commanderTask
<LI><a href="#[188]">&gt;&gt;</a>&nbsp;&nbsp;&nbsp;my_cos
<LI><a href="#[15f]">&gt;&gt;</a>&nbsp;&nbsp;&nbsp;trim_ui
<LI><a href="#[15e]">&gt;&gt;</a>&nbsp;&nbsp;&nbsp;main_ui
</UL>

<P><STRONG><a name="[1f4]"></a>__aeabi_cfcmpeq</STRONG> (Thumb, 0 bytes, Stack size 0 bytes, cfcmple.o(.text), UNUSED)

<P><STRONG><a name="[172]"></a>__aeabi_cfcmple</STRONG> (Thumb, 20 bytes, Stack size 0 bytes, cfcmple.o(.text))
<BR><BR>[Called By]<UL><LI><a href="#[137]">&gt;&gt;</a>&nbsp;&nbsp;&nbsp;limit
</UL>

<P><STRONG><a name="[171]"></a>__aeabi_cfrcmple</STRONG> (Thumb, 20 bytes, Stack size 0 bytes, cfrcmple.o(.text))
<BR><BR>[Called By]<UL><LI><a href="#[137]">&gt;&gt;</a>&nbsp;&nbsp;&nbsp;limit
</UL>

<P><STRONG><a name="[1f5]"></a>__aeabi_uidiv</STRONG> (Thumb, 0 bytes, Stack size 12 bytes, uidiv.o(.text), UNUSED)

<P><STRONG><a name="[12d]"></a>__aeabi_uidivmod</STRONG> (Thumb, 44 bytes, Stack size 12 bytes, uidiv.o(.text), UNUSED)
<BR><BR>[Called By]<UL><LI><a href="#[128]">&gt;&gt;</a>&nbsp;&nbsp;&nbsp;_printf_core
</UL>

<P><STRONG><a name="[95]"></a>__aeabi_uldivmod</STRONG> (Thumb, 98 bytes, Stack size 40 bytes, uldiv.o(.text), UNUSED)
<BR><BR>[Calls]<UL><LI><a href="#[96]">&gt;&gt;</a>&nbsp;&nbsp;&nbsp;__aeabi_llsr
<LI><a href="#[89]">&gt;&gt;</a>&nbsp;&nbsp;&nbsp;__aeabi_llsl
</UL>
<BR>[Called By]<UL><LI><a href="#[128]">&gt;&gt;</a>&nbsp;&nbsp;&nbsp;_printf_core
<LI><a href="#[129]">&gt;&gt;</a>&nbsp;&nbsp;&nbsp;_fp_digits
</UL>

<P><STRONG><a name="[89]"></a>__aeabi_llsl</STRONG> (Thumb, 30 bytes, Stack size 0 bytes, llshl.o(.text))
<BR><BR>[Called By]<UL><LI><a href="#[88]">&gt;&gt;</a>&nbsp;&nbsp;&nbsp;__aeabi_dadd
<LI><a href="#[97]">&gt;&gt;</a>&nbsp;&nbsp;&nbsp;__aeabi_d2ulz
<LI><a href="#[95]">&gt;&gt;</a>&nbsp;&nbsp;&nbsp;__aeabi_uldivmod
<LI><a href="#[8b]">&gt;&gt;</a>&nbsp;&nbsp;&nbsp;_double_epilogue
</UL>

<P><STRONG><a name="[1f6]"></a>_ll_shift_l</STRONG> (Thumb, 0 bytes, Stack size 0 bytes, llshl.o(.text), UNUSED)

<P><STRONG><a name="[8a]"></a>__aeabi_lasr</STRONG> (Thumb, 36 bytes, Stack size 0 bytes, llsshr.o(.text))
<BR><BR>[Called By]<UL><LI><a href="#[88]">&gt;&gt;</a>&nbsp;&nbsp;&nbsp;__aeabi_dadd
</UL>

<P><STRONG><a name="[1f7]"></a>_ll_sshift_r</STRONG> (Thumb, 0 bytes, Stack size 0 bytes, llsshr.o(.text), UNUSED)

<P><STRONG><a name="[1f8]"></a>__I$use$fp</STRONG> (Thumb, 0 bytes, Stack size 0 bytes, iusefp.o(.text), UNUSED)

<P><STRONG><a name="[84]"></a>_float_round</STRONG> (Thumb, 18 bytes, Stack size 0 bytes, fepilogue.o(.text))
<BR><BR>[Called By]<UL><LI><a href="#[82]">&gt;&gt;</a>&nbsp;&nbsp;&nbsp;__aeabi_fadd
<LI><a href="#[94]">&gt;&gt;</a>&nbsp;&nbsp;&nbsp;__aeabi_d2f
<LI><a href="#[87]">&gt;&gt;</a>&nbsp;&nbsp;&nbsp;__aeabi_fdiv
</UL>

<P><STRONG><a name="[83]"></a>_float_epilogue</STRONG> (Thumb, 92 bytes, Stack size 4 bytes, fepilogue.o(.text))
<BR><BR>[Stack]<UL><LI>Max Depth = 4<LI>Call Chain = _float_epilogue
</UL>
<BR>[Called By]<UL><LI><a href="#[82]">&gt;&gt;</a>&nbsp;&nbsp;&nbsp;__aeabi_fadd
<LI><a href="#[91]">&gt;&gt;</a>&nbsp;&nbsp;&nbsp;__aeabi_i2f
</UL>

<P><STRONG><a name="[8c]"></a>_double_round</STRONG> (Thumb, 30 bytes, Stack size 8 bytes, depilogue.o(.text))
<BR><BR>[Stack]<UL><LI>Max Depth = 8<LI>Call Chain = _double_round
</UL>
<BR>[Called By]<UL><LI><a href="#[88]">&gt;&gt;</a>&nbsp;&nbsp;&nbsp;__aeabi_dadd
<LI><a href="#[90]">&gt;&gt;</a>&nbsp;&nbsp;&nbsp;__aeabi_ddiv
<LI><a href="#[8b]">&gt;&gt;</a>&nbsp;&nbsp;&nbsp;_double_epilogue
</UL>

<P><STRONG><a name="[8b]"></a>_double_epilogue</STRONG> (Thumb, 156 bytes, Stack size 32 bytes, depilogue.o(.text))
<BR><BR>[Stack]<UL><LI>Max Depth = 40<LI>Call Chain = _double_epilogue &rArr; _double_round
</UL>
<BR>[Calls]<UL><LI><a href="#[96]">&gt;&gt;</a>&nbsp;&nbsp;&nbsp;__aeabi_llsr
<LI><a href="#[89]">&gt;&gt;</a>&nbsp;&nbsp;&nbsp;__aeabi_llsl
<LI><a href="#[8c]">&gt;&gt;</a>&nbsp;&nbsp;&nbsp;_double_round
</UL>
<BR>[Called By]<UL><LI><a href="#[8f]">&gt;&gt;</a>&nbsp;&nbsp;&nbsp;__aeabi_dmul
<LI><a href="#[92]">&gt;&gt;</a>&nbsp;&nbsp;&nbsp;__aeabi_i2d
<LI><a href="#[88]">&gt;&gt;</a>&nbsp;&nbsp;&nbsp;__aeabi_dadd
<LI><a href="#[93]">&gt;&gt;</a>&nbsp;&nbsp;&nbsp;__aeabi_ui2d
</UL>

<P><STRONG><a name="[97]"></a>__aeabi_d2ulz</STRONG> (Thumb, 48 bytes, Stack size 0 bytes, dfixul.o(.text), UNUSED)
<BR><BR>[Calls]<UL><LI><a href="#[96]">&gt;&gt;</a>&nbsp;&nbsp;&nbsp;__aeabi_llsr
<LI><a href="#[89]">&gt;&gt;</a>&nbsp;&nbsp;&nbsp;__aeabi_llsl
</UL>
<BR>[Called By]<UL><LI><a href="#[129]">&gt;&gt;</a>&nbsp;&nbsp;&nbsp;_fp_digits
</UL>

<P><STRONG><a name="[7d]"></a>__scatterload</STRONG> (Thumb, 28 bytes, Stack size 0 bytes, init.o(.text))
<BR><BR>[Calls]<UL><LI><a href="#[98]">&gt;&gt;</a>&nbsp;&nbsp;&nbsp;__main_after_scatterload
</UL>
<BR>[Called By]<UL><LI><a href="#[7c]">&gt;&gt;</a>&nbsp;&nbsp;&nbsp;_main_scatterload
</UL>

<P><STRONG><a name="[1f9]"></a>__scatterload_rt2</STRONG> (Thumb, 0 bytes, Stack size 0 bytes, init.o(.text), UNUSED)

<P><STRONG><a name="[96]"></a>__aeabi_llsr</STRONG> (Thumb, 32 bytes, Stack size 0 bytes, llushr.o(.text))
<BR><BR>[Called By]<UL><LI><a href="#[97]">&gt;&gt;</a>&nbsp;&nbsp;&nbsp;__aeabi_d2ulz
<LI><a href="#[95]">&gt;&gt;</a>&nbsp;&nbsp;&nbsp;__aeabi_uldivmod
<LI><a href="#[8b]">&gt;&gt;</a>&nbsp;&nbsp;&nbsp;_double_epilogue
</UL>

<P><STRONG><a name="[1fa]"></a>_ll_ushift_r</STRONG> (Thumb, 0 bytes, Stack size 0 bytes, llushr.o(.text), UNUSED)

<P><STRONG><a name="[1fb]"></a>__decompress</STRONG> (Thumb, 0 bytes, Stack size unknown bytes, __dczerorl2.o(.text), UNUSED)

<P><STRONG><a name="[1fc]"></a>__decompress1</STRONG> (Thumb, 86 bytes, Stack size unknown bytes, __dczerorl2.o(.text), UNUSED)

<P><STRONG><a name="[a6]"></a>ADC_Cmd</STRONG> (Thumb, 20 bytes, Stack size 0 bytes, stm32f10x_adc.o(i.ADC_Cmd))
<BR><BR>[Called By]<UL><LI><a href="#[9e]">&gt;&gt;</a>&nbsp;&nbsp;&nbsp;Adc_Init
</UL>

<P><STRONG><a name="[a7]"></a>ADC_DMACmd</STRONG> (Thumb, 20 bytes, Stack size 0 bytes, stm32f10x_adc.o(i.ADC_DMACmd))
<BR><BR>[Called By]<UL><LI><a href="#[9e]">&gt;&gt;</a>&nbsp;&nbsp;&nbsp;Adc_Init
</UL>

<P><STRONG><a name="[99]"></a>ADC_DeInit</STRONG> (Thumb, 56 bytes, Stack size 8 bytes, stm32f10x_adc.o(i.ADC_DeInit))
<BR><BR>[Stack]<UL><LI>Max Depth = 8<LI>Call Chain = ADC_DeInit
</UL>
<BR>[Calls]<UL><LI><a href="#[9a]">&gt;&gt;</a>&nbsp;&nbsp;&nbsp;RCC_APB2PeriphResetCmd
</UL>
<BR>[Called By]<UL><LI><a href="#[9e]">&gt;&gt;</a>&nbsp;&nbsp;&nbsp;Adc_Init
</UL>

<P><STRONG><a name="[ad]"></a>ADC_GetCalibrationStatus</STRONG> (Thumb, 14 bytes, Stack size 0 bytes, stm32f10x_adc.o(i.ADC_GetCalibrationStatus))
<BR><BR>[Called By]<UL><LI><a href="#[9e]">&gt;&gt;</a>&nbsp;&nbsp;&nbsp;Adc_Init
</UL>

<P><STRONG><a name="[ab]"></a>ADC_GetResetCalibrationStatus</STRONG> (Thumb, 14 bytes, Stack size 0 bytes, stm32f10x_adc.o(i.ADC_GetResetCalibrationStatus))
<BR><BR>[Called By]<UL><LI><a href="#[9e]">&gt;&gt;</a>&nbsp;&nbsp;&nbsp;Adc_Init
</UL>

<P><STRONG><a name="[a5]"></a>ADC_Init</STRONG> (Thumb, 62 bytes, Stack size 8 bytes, stm32f10x_adc.o(i.ADC_Init))
<BR><BR>[Stack]<UL><LI>Max Depth = 8<LI>Call Chain = ADC_Init
</UL>
<BR>[Called By]<UL><LI><a href="#[9e]">&gt;&gt;</a>&nbsp;&nbsp;&nbsp;Adc_Init
</UL>

<P><STRONG><a name="[a9]"></a>ADC_RegularChannelConfig</STRONG> (Thumb, 116 bytes, Stack size 16 bytes, stm32f10x_adc.o(i.ADC_RegularChannelConfig))
<BR><BR>[Stack]<UL><LI>Max Depth = 16<LI>Call Chain = ADC_RegularChannelConfig
</UL>
<BR>[Called By]<UL><LI><a href="#[9e]">&gt;&gt;</a>&nbsp;&nbsp;&nbsp;Adc_Init
</UL>

<P><STRONG><a name="[aa]"></a>ADC_ResetCalibration</STRONG> (Thumb, 10 bytes, Stack size 0 bytes, stm32f10x_adc.o(i.ADC_ResetCalibration))
<BR><BR>[Called By]<UL><LI><a href="#[9e]">&gt;&gt;</a>&nbsp;&nbsp;&nbsp;Adc_Init
</UL>

<P><STRONG><a name="[ae]"></a>ADC_SoftwareStartConvCmd</STRONG> (Thumb, 20 bytes, Stack size 0 bytes, stm32f10x_adc.o(i.ADC_SoftwareStartConvCmd))
<BR><BR>[Called By]<UL><LI><a href="#[9e]">&gt;&gt;</a>&nbsp;&nbsp;&nbsp;Adc_Init
</UL>

<P><STRONG><a name="[ac]"></a>ADC_StartCalibration</STRONG> (Thumb, 10 bytes, Stack size 0 bytes, stm32f10x_adc.o(i.ADC_StartCalibration))
<BR><BR>[Called By]<UL><LI><a href="#[9e]">&gt;&gt;</a>&nbsp;&nbsp;&nbsp;Adc_Init
</UL>

<P><STRONG><a name="[9b]"></a>ADCtoFlyDataPercent</STRONG> (Thumb, 256 bytes, Stack size 24 bytes, joystick.o(i.ADCtoFlyDataPercent))
<BR><BR>[Stack]<UL><LI>Max Depth = 32<LI>Call Chain = ADCtoFlyDataPercent &rArr; getAdcValue
</UL>
<BR>[Calls]<UL><LI><a href="#[9c]">&gt;&gt;</a>&nbsp;&nbsp;&nbsp;getAdcValue
<LI><a href="#[9d]">&gt;&gt;</a>&nbsp;&nbsp;&nbsp;deadband
<LI><a href="#[91]">&gt;&gt;</a>&nbsp;&nbsp;&nbsp;__aeabi_i2f
<LI><a href="#[87]">&gt;&gt;</a>&nbsp;&nbsp;&nbsp;__aeabi_fdiv
</UL>
<BR>[Called By]<UL><LI><a href="#[72]">&gt;&gt;</a>&nbsp;&nbsp;&nbsp;commanderTask
<LI><a href="#[15f]">&gt;&gt;</a>&nbsp;&nbsp;&nbsp;trim_ui
</UL>

<P><STRONG><a name="[9e]"></a>Adc_Init</STRONG> (Thumb, 270 bytes, Stack size 80 bytes, adc.o(i.Adc_Init))
<BR><BR>[Stack]<UL><LI>Max Depth = 100<LI>Call Chain = Adc_Init &rArr; GPIO_Init
</UL>
<BR>[Calls]<UL><LI><a href="#[9f]">&gt;&gt;</a>&nbsp;&nbsp;&nbsp;RCC_APB2PeriphClockCmd
<LI><a href="#[a1]">&gt;&gt;</a>&nbsp;&nbsp;&nbsp;GPIO_Init
<LI><a href="#[a0]">&gt;&gt;</a>&nbsp;&nbsp;&nbsp;RCC_AHBPeriphClockCmd
<LI><a href="#[a8]">&gt;&gt;</a>&nbsp;&nbsp;&nbsp;RCC_ADCCLKConfig
<LI><a href="#[a3]">&gt;&gt;</a>&nbsp;&nbsp;&nbsp;DMA_Init
<LI><a href="#[a2]">&gt;&gt;</a>&nbsp;&nbsp;&nbsp;DMA_DeInit
<LI><a href="#[a4]">&gt;&gt;</a>&nbsp;&nbsp;&nbsp;DMA_Cmd
<LI><a href="#[ac]">&gt;&gt;</a>&nbsp;&nbsp;&nbsp;ADC_StartCalibration
<LI><a href="#[ae]">&gt;&gt;</a>&nbsp;&nbsp;&nbsp;ADC_SoftwareStartConvCmd
<LI><a href="#[aa]">&gt;&gt;</a>&nbsp;&nbsp;&nbsp;ADC_ResetCalibration
<LI><a href="#[a9]">&gt;&gt;</a>&nbsp;&nbsp;&nbsp;ADC_RegularChannelConfig
<LI><a href="#[a5]">&gt;&gt;</a>&nbsp;&nbsp;&nbsp;ADC_Init
<LI><a href="#[ab]">&gt;&gt;</a>&nbsp;&nbsp;&nbsp;ADC_GetResetCalibrationStatus
<LI><a href="#[ad]">&gt;&gt;</a>&nbsp;&nbsp;&nbsp;ADC_GetCalibrationStatus
<LI><a href="#[99]">&gt;&gt;</a>&nbsp;&nbsp;&nbsp;ADC_DeInit
<LI><a href="#[a7]">&gt;&gt;</a>&nbsp;&nbsp;&nbsp;ADC_DMACmd
<LI><a href="#[a6]">&gt;&gt;</a>&nbsp;&nbsp;&nbsp;ADC_Cmd
</UL>
<BR>[Called By]<UL><LI><a href="#[16a]">&gt;&gt;</a>&nbsp;&nbsp;&nbsp;joystickInit
</UL>

<P><STRONG><a name="[13]"></a>BusFault_Handler</STRONG> (Thumb, 2 bytes, Stack size 0 bytes, stm32f10x_it.o(i.BusFault_Handler))
<BR><BR>[Calls]<UL><LI><a href="#[13]">&gt;&gt;</a>&nbsp;&nbsp;&nbsp;BusFault_Handler
</UL>
<BR>[Called By]<UL><LI><a href="#[13]">&gt;&gt;</a>&nbsp;&nbsp;&nbsp;BusFault_Handler
</UL>
<BR>[Address Reference Count : 1]<UL><LI> startup_stm32f10x_md.o(RESET)
</UL>
<P><STRONG><a name="[110]"></a>ByteSwap</STRONG> (Thumb, 10 bytes, Stack size 0 bytes, usb_regs.o(i.ByteSwap))
<BR><BR>[Called By]<UL><LI><a href="#[b1]">&gt;&gt;</a>&nbsp;&nbsp;&nbsp;Setup0_Process
</UL>

<P><STRONG><a name="[af]"></a>CTR_LP</STRONG> (Thumb, 314 bytes, Stack size 40 bytes, usb_int.o(i.CTR_LP))
<BR><BR>[Stack]<UL><LI>Max Depth = 120<LI>Call Chain = CTR_LP &rArr; Setup0_Process &rArr; Data_Setup0 &rArr; DataStageIn &rArr; UserToPMABufferCopy
</UL>
<BR>[Calls]<UL><LI><a href="#[b1]">&gt;&gt;</a>&nbsp;&nbsp;&nbsp;Setup0_Process
<LI><a href="#[b2]">&gt;&gt;</a>&nbsp;&nbsp;&nbsp;Out0_Process
<LI><a href="#[b0]">&gt;&gt;</a>&nbsp;&nbsp;&nbsp;In0_Process
</UL>
<BR>[Called By]<UL><LI><a href="#[11a]">&gt;&gt;</a>&nbsp;&nbsp;&nbsp;USB_Istr
</UL>

<P><STRONG><a name="[113]"></a>ClearDTOG_RX</STRONG> (Thumb, 36 bytes, Stack size 0 bytes, usb_regs.o(i.ClearDTOG_RX))
<BR><BR>[Called By]<UL><LI><a href="#[fa]">&gt;&gt;</a>&nbsp;&nbsp;&nbsp;Standard_ClearFeature
</UL>

<P><STRONG><a name="[111]"></a>ClearDTOG_TX</STRONG> (Thumb, 36 bytes, Stack size 0 bytes, usb_regs.o(i.ClearDTOG_TX))
<BR><BR>[Called By]<UL><LI><a href="#[fa]">&gt;&gt;</a>&nbsp;&nbsp;&nbsp;Standard_ClearFeature
</UL>

<P><STRONG><a name="[123]"></a>Clear_Status_Out</STRONG> (Thumb, 28 bytes, Stack size 0 bytes, usb_regs.o(i.Clear_Status_Out))
<BR><BR>[Called By]<UL><LI><a href="#[4]">&gt;&gt;</a>&nbsp;&nbsp;&nbsp;Virtual_Com_Port_Reset
</UL>

<P><STRONG><a name="[a4]"></a>DMA_Cmd</STRONG> (Thumb, 22 bytes, Stack size 0 bytes, stm32f10x_dma.o(i.DMA_Cmd))
<BR><BR>[Called By]<UL><LI><a href="#[9e]">&gt;&gt;</a>&nbsp;&nbsp;&nbsp;Adc_Init
</UL>

<P><STRONG><a name="[a2]"></a>DMA_DeInit</STRONG> (Thumb, 218 bytes, Stack size 0 bytes, stm32f10x_dma.o(i.DMA_DeInit))
<BR><BR>[Called By]<UL><LI><a href="#[9e]">&gt;&gt;</a>&nbsp;&nbsp;&nbsp;Adc_Init
</UL>

<P><STRONG><a name="[a3]"></a>DMA_Init</STRONG> (Thumb, 58 bytes, Stack size 12 bytes, stm32f10x_dma.o(i.DMA_Init))
<BR><BR>[Stack]<UL><LI>Max Depth = 12<LI>Call Chain = DMA_Init
</UL>
<BR>[Called By]<UL><LI><a href="#[9e]">&gt;&gt;</a>&nbsp;&nbsp;&nbsp;Adc_Init
</UL>

<P><STRONG><a name="[16]"></a>DebugMon_Handler</STRONG> (Thumb, 2 bytes, Stack size 0 bytes, stm32f10x_it.o(i.DebugMon_Handler))
<BR>[Address Reference Count : 1]<UL><LI> startup_stm32f10x_md.o(RESET)
</UL>
<P><STRONG><a name="[bb]"></a>DisplayMenuInit</STRONG> (Thumb, 164 bytes, Stack size 32 bytes, menu_ui.o(i.DisplayMenuInit))
<BR><BR>[Stack]<UL><LI>Max Depth = 232<LI>Call Chain = DisplayMenuInit &rArr; GUI_WindowsDraw &rArr; show_str_mid &rArr; show_str &rArr; oled_showChar &rArr; oled_drawPoint
</UL>
<BR>[Calls]<UL><LI><a href="#[bd]">&gt;&gt;</a>&nbsp;&nbsp;&nbsp;GUI_WindowsDraw
<LI><a href="#[be]">&gt;&gt;</a>&nbsp;&nbsp;&nbsp;GUI_ScrollbarDraw
<LI><a href="#[bf]">&gt;&gt;</a>&nbsp;&nbsp;&nbsp;GUI_MenuItemDraw
<LI><a href="#[bc]">&gt;&gt;</a>&nbsp;&nbsp;&nbsp;getMenuSelectitem
<LI><a href="#[c0]">&gt;&gt;</a>&nbsp;&nbsp;&nbsp;GUI_Refresh
</UL>
<BR>[Called By]<UL><LI><a href="#[ec]">&gt;&gt;</a>&nbsp;&nbsp;&nbsp;Menu_Run
</UL>

<P><STRONG><a name="[0]"></a>EP1_IN_Callback</STRONG> (Thumb, 114 bytes, Stack size 8 bytes, usb_endp.o(i.EP1_IN_Callback))
<BR><BR>[Stack]<UL><LI>Max Depth = 16<LI>Call Chain = EP1_IN_Callback &rArr; UserToPMABufferCopy
</UL>
<BR>[Calls]<UL><LI><a href="#[b5]">&gt;&gt;</a>&nbsp;&nbsp;&nbsp;UserToPMABufferCopy
<LI><a href="#[c1]">&gt;&gt;</a>&nbsp;&nbsp;&nbsp;SetEPTxValid
<LI><a href="#[b6]">&gt;&gt;</a>&nbsp;&nbsp;&nbsp;SetEPTxCount
</UL>
<BR>[Called By]<UL><LI><a href="#[102]">&gt;&gt;</a>&nbsp;&nbsp;&nbsp;SOF_Callback
</UL>
<BR>[Address Reference Count : 1]<UL><LI> usb_istr.o(.data)
</UL>
<P><STRONG><a name="[2]"></a>EP3_OUT_Callback</STRONG> (Thumb, 28 bytes, Stack size 8 bytes, usb_endp.o(i.EP3_OUT_Callback))
<BR><BR>[Stack]<UL><LI>Max Depth = 144<LI>Call Chain = EP3_OUT_Callback &rArr; USB_To_USART_Send_Data &rArr; xQueueGenericSendFromISR &rArr; prvNotifyQueueSetContainer &rArr; prvCopyDataToQueue &rArr; xTaskPriorityDisinherit
</UL>
<BR>[Calls]<UL><LI><a href="#[c3]">&gt;&gt;</a>&nbsp;&nbsp;&nbsp;USB_To_USART_Send_Data
<LI><a href="#[c2]">&gt;&gt;</a>&nbsp;&nbsp;&nbsp;USB_SIL_Read
<LI><a href="#[c4]">&gt;&gt;</a>&nbsp;&nbsp;&nbsp;SetEPRxValid
</UL>
<BR>[Address Reference Count : 1]<UL><LI> usb_istr.o(.data)
</UL>
<P><STRONG><a name="[41]"></a>EXTI15_10_IRQHandler</STRONG> (Thumb, 36 bytes, Stack size 8 bytes, 24l01.o(i.EXTI15_10_IRQHandler))
<BR><BR>[Stack]<UL><LI>Max Depth = 8<LI>Call Chain = EXTI15_10_IRQHandler
</UL>
<BR>[Calls]<UL><LI><a href="#[c5]">&gt;&gt;</a>&nbsp;&nbsp;&nbsp;EXTI_GetITStatus
<LI><a href="#[c6]">&gt;&gt;</a>&nbsp;&nbsp;&nbsp;EXTI_ClearITPendingBit
</UL>
<BR>[Address Reference Count : 1]<UL><LI> startup_stm32f10x_md.o(RESET)
</UL>
<P><STRONG><a name="[c6]"></a>EXTI_ClearITPendingBit</STRONG> (Thumb, 6 bytes, Stack size 0 bytes, stm32f10x_exti.o(i.EXTI_ClearITPendingBit))
<BR><BR>[Called By]<UL><LI><a href="#[41]">&gt;&gt;</a>&nbsp;&nbsp;&nbsp;EXTI15_10_IRQHandler
<LI><a href="#[119]">&gt;&gt;</a>&nbsp;&nbsp;&nbsp;USB_Interrupts_Config
<LI><a href="#[43]">&gt;&gt;</a>&nbsp;&nbsp;&nbsp;USBWakeUp_IRQHandler
</UL>

<P><STRONG><a name="[c5]"></a>EXTI_GetITStatus</STRONG> (Thumb, 28 bytes, Stack size 0 bytes, stm32f10x_exti.o(i.EXTI_GetITStatus))
<BR><BR>[Called By]<UL><LI><a href="#[41]">&gt;&gt;</a>&nbsp;&nbsp;&nbsp;EXTI15_10_IRQHandler
</UL>

<P><STRONG><a name="[f2]"></a>EXTI_Init</STRONG> (Thumb, 108 bytes, Stack size 12 bytes, stm32f10x_exti.o(i.EXTI_Init))
<BR><BR>[Stack]<UL><LI>Max Depth = 12<LI>Call Chain = EXTI_Init
</UL>
<BR>[Called By]<UL><LI><a href="#[f0]">&gt;&gt;</a>&nbsp;&nbsp;&nbsp;NRF_Init
<LI><a href="#[119]">&gt;&gt;</a>&nbsp;&nbsp;&nbsp;USB_Interrupts_Config
</UL>

<P><STRONG><a name="[115]"></a>Enter_LowPowerMode</STRONG> (Thumb, 8 bytes, Stack size 0 bytes, hw_config.o(i.Enter_LowPowerMode))
<BR><BR>[Called By]<UL><LI><a href="#[114]">&gt;&gt;</a>&nbsp;&nbsp;&nbsp;Suspend
</UL>

<P><STRONG><a name="[c7]"></a>FLASH_ErasePage</STRONG> (Thumb, 56 bytes, Stack size 16 bytes, stm32f10x_flash.o(i.FLASH_ErasePage))
<BR><BR>[Stack]<UL><LI>Max Depth = 20<LI>Call Chain = FLASH_ErasePage &rArr; FLASH_WaitForLastOperation
</UL>
<BR>[Calls]<UL><LI><a href="#[c8]">&gt;&gt;</a>&nbsp;&nbsp;&nbsp;FLASH_WaitForLastOperation
</UL>
<BR>[Called By]<UL><LI><a href="#[108]">&gt;&gt;</a>&nbsp;&nbsp;&nbsp;STMFLASH_Write
</UL>

<P><STRONG><a name="[ca]"></a>FLASH_GetBank1Status</STRONG> (Thumb, 34 bytes, Stack size 0 bytes, stm32f10x_flash.o(i.FLASH_GetBank1Status))
<BR><BR>[Called By]<UL><LI><a href="#[c8]">&gt;&gt;</a>&nbsp;&nbsp;&nbsp;FLASH_WaitForLastOperation
</UL>

<P><STRONG><a name="[10c]"></a>FLASH_Lock</STRONG> (Thumb, 12 bytes, Stack size 0 bytes, stm32f10x_flash.o(i.FLASH_Lock))
<BR><BR>[Called By]<UL><LI><a href="#[108]">&gt;&gt;</a>&nbsp;&nbsp;&nbsp;STMFLASH_Write
</UL>

<P><STRONG><a name="[c9]"></a>FLASH_ProgramHalfWord</STRONG> (Thumb, 48 bytes, Stack size 20 bytes, stm32f10x_flash.o(i.FLASH_ProgramHalfWord))
<BR><BR>[Stack]<UL><LI>Max Depth = 24<LI>Call Chain = FLASH_ProgramHalfWord &rArr; FLASH_WaitForLastOperation
</UL>
<BR>[Calls]<UL><LI><a href="#[c8]">&gt;&gt;</a>&nbsp;&nbsp;&nbsp;FLASH_WaitForLastOperation
</UL>
<BR>[Called By]<UL><LI><a href="#[10b]">&gt;&gt;</a>&nbsp;&nbsp;&nbsp;STMFLASH_Write_NoCheck
</UL>

<P><STRONG><a name="[109]"></a>FLASH_Unlock</STRONG> (Thumb, 12 bytes, Stack size 0 bytes, stm32f10x_flash.o(i.FLASH_Unlock))
<BR><BR>[Called By]<UL><LI><a href="#[108]">&gt;&gt;</a>&nbsp;&nbsp;&nbsp;STMFLASH_Write
</UL>

<P><STRONG><a name="[c8]"></a>FLASH_WaitForLastOperation</STRONG> (Thumb, 34 bytes, Stack size 4 bytes, stm32f10x_flash.o(i.FLASH_WaitForLastOperation))
<BR><BR>[Stack]<UL><LI>Max Depth = 4<LI>Call Chain = FLASH_WaitForLastOperation
</UL>
<BR>[Calls]<UL><LI><a href="#[ca]">&gt;&gt;</a>&nbsp;&nbsp;&nbsp;FLASH_GetBank1Status
</UL>
<BR>[Called By]<UL><LI><a href="#[c9]">&gt;&gt;</a>&nbsp;&nbsp;&nbsp;FLASH_ProgramHalfWord
<LI><a href="#[c7]">&gt;&gt;</a>&nbsp;&nbsp;&nbsp;FLASH_ErasePage
</UL>

<P><STRONG><a name="[f1]"></a>GPIO_EXTILineConfig</STRONG> (Thumb, 34 bytes, Stack size 8 bytes, stm32f10x_gpio.o(i.GPIO_EXTILineConfig))
<BR><BR>[Stack]<UL><LI>Max Depth = 8<LI>Call Chain = GPIO_EXTILineConfig
</UL>
<BR>[Called By]<UL><LI><a href="#[f0]">&gt;&gt;</a>&nbsp;&nbsp;&nbsp;NRF_Init
</UL>

<P><STRONG><a name="[a1]"></a>GPIO_Init</STRONG> (Thumb, 156 bytes, Stack size 20 bytes, stm32f10x_gpio.o(i.GPIO_Init))
<BR><BR>[Stack]<UL><LI>Max Depth = 20<LI>Call Chain = GPIO_Init
</UL>
<BR>[Called By]<UL><LI><a href="#[9e]">&gt;&gt;</a>&nbsp;&nbsp;&nbsp;Adc_Init
<LI><a href="#[175]">&gt;&gt;</a>&nbsp;&nbsp;&nbsp;oledInit
<LI><a href="#[16e]">&gt;&gt;</a>&nbsp;&nbsp;&nbsp;ledInit
<LI><a href="#[16b]">&gt;&gt;</a>&nbsp;&nbsp;&nbsp;keyInit
<LI><a href="#[132]">&gt;&gt;</a>&nbsp;&nbsp;&nbsp;beepInit
<LI><a href="#[f0]">&gt;&gt;</a>&nbsp;&nbsp;&nbsp;NRF_Init
</UL>

<P><STRONG><a name="[16f]"></a>GPIO_PinRemapConfig</STRONG> (Thumb, 82 bytes, Stack size 20 bytes, stm32f10x_gpio.o(i.GPIO_PinRemapConfig))
<BR><BR>[Stack]<UL><LI>Max Depth = 20<LI>Call Chain = GPIO_PinRemapConfig
</UL>
<BR>[Called By]<UL><LI><a href="#[16e]">&gt;&gt;</a>&nbsp;&nbsp;&nbsp;ledInit
</UL>

<P><STRONG><a name="[16c]"></a>GPIO_ReadInputDataBit</STRONG> (Thumb, 14 bytes, Stack size 0 bytes, stm32f10x_gpio.o(i.GPIO_ReadInputDataBit))
<BR><BR>[Called By]<UL><LI><a href="#[73]">&gt;&gt;</a>&nbsp;&nbsp;&nbsp;keyTask
</UL>

<P><STRONG><a name="[133]"></a>GPIO_ResetBits</STRONG> (Thumb, 4 bytes, Stack size 0 bytes, stm32f10x_gpio.o(i.GPIO_ResetBits))
<BR><BR>[Called By]<UL><LI><a href="#[132]">&gt;&gt;</a>&nbsp;&nbsp;&nbsp;beepInit
</UL>

<P><STRONG><a name="[170]"></a>GPIO_SetBits</STRONG> (Thumb, 4 bytes, Stack size 0 bytes, stm32f10x_gpio.o(i.GPIO_SetBits))
<BR><BR>[Called By]<UL><LI><a href="#[16e]">&gt;&gt;</a>&nbsp;&nbsp;&nbsp;ledInit
</UL>

<P><STRONG><a name="[cb]"></a>GUI_Arc4</STRONG> (Thumb, 506 bytes, Stack size 32 bytes, gui_basic.o(i.GUI_Arc4))
<BR><BR>[Stack]<UL><LI>Max Depth = 40<LI>Call Chain = GUI_Arc4 &rArr; GUI_Point &rArr; oled_drawPoint
</UL>
<BR>[Calls]<UL><LI><a href="#[cc]">&gt;&gt;</a>&nbsp;&nbsp;&nbsp;GUI_Point
</UL>
<BR>[Called By]<UL><LI><a href="#[d7]">&gt;&gt;</a>&nbsp;&nbsp;&nbsp;GUI_DrawButton
<LI><a href="#[cd]">&gt;&gt;</a>&nbsp;&nbsp;&nbsp;GUI_Button_Selected
</UL>

<P><STRONG><a name="[cd]"></a>GUI_Button_Selected</STRONG> (Thumb, 316 bytes, Stack size 24 bytes, button.o(i.GUI_Button_Selected))
<BR><BR>[Stack]<UL><LI>Max Depth = 448<LI>Call Chain = GUI_Button_Selected &rArr; GUI_FloodFill &rArr; GUI_HLine &rArr; GUI_Point &rArr; oled_drawPoint
</UL>
<BR>[Calls]<UL><LI><a href="#[d1]">&gt;&gt;</a>&nbsp;&nbsp;&nbsp;show_str
<LI><a href="#[d0]">&gt;&gt;</a>&nbsp;&nbsp;&nbsp;GUI_Line
<LI><a href="#[cf]">&gt;&gt;</a>&nbsp;&nbsp;&nbsp;GUI_FloodFill
<LI><a href="#[cb]">&gt;&gt;</a>&nbsp;&nbsp;&nbsp;GUI_Arc4
<LI><a href="#[ce]">&gt;&gt;</a>&nbsp;&nbsp;&nbsp;getBtnStringlen
</UL>
<BR>[Called By]<UL><LI><a href="#[dd]">&gt;&gt;</a>&nbsp;&nbsp;&nbsp;GUI_MessageBoxButtonStatus
</UL>

<P><STRONG><a name="[d2]"></a>GUI_Circle</STRONG> (Thumb, 450 bytes, Stack size 96 bytes, gui_basic.o(i.GUI_Circle))
<BR><BR>[Stack]<UL><LI>Max Depth = 104<LI>Call Chain = GUI_Circle &rArr; GUI_Point &rArr; oled_drawPoint
</UL>
<BR>[Calls]<UL><LI><a href="#[cc]">&gt;&gt;</a>&nbsp;&nbsp;&nbsp;GUI_Point
</UL>
<BR>[Called By]<UL><LI><a href="#[163]">&gt;&gt;</a>&nbsp;&nbsp;&nbsp;flight
</UL>

<P><STRONG><a name="[d3]"></a>GUI_ClearSCR</STRONG> (Thumb, 4 bytes, Stack size 0 bytes, lcmdrv.o(i.GUI_ClearSCR))
<BR><BR>[Stack]<UL><LI>Max Depth = 40<LI>Call Chain = GUI_ClearSCR &rArr; oled_clear &rArr; oled_refreshGram &rArr; oled_wr_byte &rArr; SPI_WByte
</UL>
<BR>[Calls]<UL><LI><a href="#[d4]">&gt;&gt;</a>&nbsp;&nbsp;&nbsp;oled_clear
</UL>
<BR>[Called By]<UL><LI><a href="#[14d]">&gt;&gt;</a>&nbsp;&nbsp;&nbsp;setShow_ui
</UL>

<P><STRONG><a name="[d5]"></a>GUI_CmpPointColor</STRONG> (Thumb, 26 bytes, Stack size 16 bytes, gui_basic.o(i.GUI_CmpPointColor))
<BR><BR>[Stack]<UL><LI>Max Depth = 24<LI>Call Chain = GUI_CmpPointColor &rArr; GUI_ReadPoint
</UL>
<BR>[Calls]<UL><LI><a href="#[d6]">&gt;&gt;</a>&nbsp;&nbsp;&nbsp;GUI_ReadPoint
</UL>
<BR>[Called By]<UL><LI><a href="#[cf]">&gt;&gt;</a>&nbsp;&nbsp;&nbsp;GUI_FloodFill
</UL>

<P><STRONG><a name="[d7]"></a>GUI_DrawButton</STRONG> (Thumb, 302 bytes, Stack size 24 bytes, button.o(i.GUI_DrawButton))
<BR><BR>[Stack]<UL><LI>Max Depth = 448<LI>Call Chain = GUI_DrawButton &rArr; GUI_FloodFill &rArr; GUI_HLine &rArr; GUI_Point &rArr; oled_drawPoint
</UL>
<BR>[Calls]<UL><LI><a href="#[d1]">&gt;&gt;</a>&nbsp;&nbsp;&nbsp;show_str
<LI><a href="#[d0]">&gt;&gt;</a>&nbsp;&nbsp;&nbsp;GUI_Line
<LI><a href="#[cf]">&gt;&gt;</a>&nbsp;&nbsp;&nbsp;GUI_FloodFill
<LI><a href="#[cb]">&gt;&gt;</a>&nbsp;&nbsp;&nbsp;GUI_Arc4
<LI><a href="#[ce]">&gt;&gt;</a>&nbsp;&nbsp;&nbsp;getBtnStringlen
</UL>
<BR>[Called By]<UL><LI><a href="#[de]">&gt;&gt;</a>&nbsp;&nbsp;&nbsp;GUI_MessageBoxDraw
</UL>

<P><STRONG><a name="[cf]"></a>GUI_FloodFill</STRONG> (Thumb, 722 bytes, Stack size 392 bytes, gui_basic.o(i.GUI_FloodFill))
<BR><BR>[Stack]<UL><LI>Max Depth = 424<LI>Call Chain = GUI_FloodFill &rArr; GUI_HLine &rArr; GUI_Point &rArr; oled_drawPoint
</UL>
<BR>[Calls]<UL><LI><a href="#[d6]">&gt;&gt;</a>&nbsp;&nbsp;&nbsp;GUI_ReadPoint
<LI><a href="#[da]">&gt;&gt;</a>&nbsp;&nbsp;&nbsp;GUI_HLine
<LI><a href="#[d9]">&gt;&gt;</a>&nbsp;&nbsp;&nbsp;GUI_ReadRightPoint
<LI><a href="#[d8]">&gt;&gt;</a>&nbsp;&nbsp;&nbsp;GUI_ReadLeftPoint
<LI><a href="#[d5]">&gt;&gt;</a>&nbsp;&nbsp;&nbsp;GUI_CmpPointColor
</UL>
<BR>[Called By]<UL><LI><a href="#[d7]">&gt;&gt;</a>&nbsp;&nbsp;&nbsp;GUI_DrawButton
<LI><a href="#[cd]">&gt;&gt;</a>&nbsp;&nbsp;&nbsp;GUI_Button_Selected
</UL>

<P><STRONG><a name="[da]"></a>GUI_HLine</STRONG> (Thumb, 44 bytes, Stack size 24 bytes, lcmdrv.o(i.GUI_HLine))
<BR><BR>[Stack]<UL><LI>Max Depth = 32<LI>Call Chain = GUI_HLine &rArr; GUI_Point &rArr; oled_drawPoint
</UL>
<BR>[Calls]<UL><LI><a href="#[cc]">&gt;&gt;</a>&nbsp;&nbsp;&nbsp;GUI_Point
</UL>
<BR>[Called By]<UL><LI><a href="#[de]">&gt;&gt;</a>&nbsp;&nbsp;&nbsp;GUI_MessageBoxDraw
<LI><a href="#[bd]">&gt;&gt;</a>&nbsp;&nbsp;&nbsp;GUI_WindowsDraw
<LI><a href="#[df]">&gt;&gt;</a>&nbsp;&nbsp;&nbsp;GUI_RectangleFill
<LI><a href="#[e0]">&gt;&gt;</a>&nbsp;&nbsp;&nbsp;GUI_Rectangle
<LI><a href="#[d0]">&gt;&gt;</a>&nbsp;&nbsp;&nbsp;GUI_Line
<LI><a href="#[cf]">&gt;&gt;</a>&nbsp;&nbsp;&nbsp;GUI_FloodFill
</UL>

<P><STRONG><a name="[d0]"></a>GUI_Line</STRONG> (Thumb, 200 bytes, Stack size 56 bytes, gui_basic.o(i.GUI_Line))
<BR><BR>[Stack]<UL><LI>Max Depth = 88<LI>Call Chain = GUI_Line &rArr; GUI_RLine &rArr; GUI_Point &rArr; oled_drawPoint
</UL>
<BR>[Calls]<UL><LI><a href="#[db]">&gt;&gt;</a>&nbsp;&nbsp;&nbsp;GUI_RLine
<LI><a href="#[cc]">&gt;&gt;</a>&nbsp;&nbsp;&nbsp;GUI_Point
<LI><a href="#[da]">&gt;&gt;</a>&nbsp;&nbsp;&nbsp;GUI_HLine
</UL>
<BR>[Called By]<UL><LI><a href="#[be]">&gt;&gt;</a>&nbsp;&nbsp;&nbsp;GUI_ScrollbarDraw
<LI><a href="#[d7]">&gt;&gt;</a>&nbsp;&nbsp;&nbsp;GUI_DrawButton
<LI><a href="#[cd]">&gt;&gt;</a>&nbsp;&nbsp;&nbsp;GUI_Button_Selected
</UL>

<P><STRONG><a name="[bf]"></a>GUI_MenuItemDraw</STRONG> (Thumb, 108 bytes, Stack size 32 bytes, gui_menu.o(i.GUI_MenuItemDraw))
<BR><BR>[Stack]<UL><LI>Max Depth = 160<LI>Call Chain = GUI_MenuItemDraw &rArr; show_str &rArr; oled_showChar &rArr; oled_drawPoint
</UL>
<BR>[Calls]<UL><LI><a href="#[dc]">&gt;&gt;</a>&nbsp;&nbsp;&nbsp;oled_showPicture
<LI><a href="#[d1]">&gt;&gt;</a>&nbsp;&nbsp;&nbsp;show_str
</UL>
<BR>[Called By]<UL><LI><a href="#[bb]">&gt;&gt;</a>&nbsp;&nbsp;&nbsp;DisplayMenuInit
<LI><a href="#[ec]">&gt;&gt;</a>&nbsp;&nbsp;&nbsp;Menu_Run
</UL>

<P><STRONG><a name="[dd]"></a>GUI_MessageBoxButtonStatus</STRONG> (Thumb, 34 bytes, Stack size 8 bytes, messagebox.o(i.GUI_MessageBoxButtonStatus))
<BR><BR>[Stack]<UL><LI>Max Depth = 456<LI>Call Chain = GUI_MessageBoxButtonStatus &rArr; GUI_Button_Selected &rArr; GUI_FloodFill &rArr; GUI_HLine &rArr; GUI_Point &rArr; oled_drawPoint
</UL>
<BR>[Calls]<UL><LI><a href="#[cd]">&gt;&gt;</a>&nbsp;&nbsp;&nbsp;GUI_Button_Selected
</UL>
<BR>[Called By]<UL><LI><a href="#[162]">&gt;&gt;</a>&nbsp;&nbsp;&nbsp;reset_ui
</UL>

<P><STRONG><a name="[de]"></a>GUI_MessageBoxDraw</STRONG> (Thumb, 266 bytes, Stack size 32 bytes, messagebox.o(i.GUI_MessageBoxDraw))
<BR><BR>[Stack]<UL><LI>Max Depth = 480<LI>Call Chain = GUI_MessageBoxDraw &rArr; GUI_DrawButton &rArr; GUI_FloodFill &rArr; GUI_HLine &rArr; GUI_Point &rArr; oled_drawPoint
</UL>
<BR>[Calls]<UL><LI><a href="#[df]">&gt;&gt;</a>&nbsp;&nbsp;&nbsp;GUI_RectangleFill
<LI><a href="#[e2]">&gt;&gt;</a>&nbsp;&nbsp;&nbsp;show_str_mid
<LI><a href="#[d1]">&gt;&gt;</a>&nbsp;&nbsp;&nbsp;show_str
<LI><a href="#[e1]">&gt;&gt;</a>&nbsp;&nbsp;&nbsp;getMessageBoxStringlen
<LI><a href="#[da]">&gt;&gt;</a>&nbsp;&nbsp;&nbsp;GUI_HLine
<LI><a href="#[e0]">&gt;&gt;</a>&nbsp;&nbsp;&nbsp;GUI_Rectangle
<LI><a href="#[d7]">&gt;&gt;</a>&nbsp;&nbsp;&nbsp;GUI_DrawButton
</UL>
<BR>[Called By]<UL><LI><a href="#[185]">&gt;&gt;</a>&nbsp;&nbsp;&nbsp;msgboxDispalyInit
</UL>

<P><STRONG><a name="[1cc]"></a>GUI_MessageBoxResult</STRONG> (Thumb, 6 bytes, Stack size 0 bytes, messagebox.o(i.GUI_MessageBoxResult))
<BR><BR>[Called By]<UL><LI><a href="#[162]">&gt;&gt;</a>&nbsp;&nbsp;&nbsp;reset_ui
</UL>

<P><STRONG><a name="[cc]"></a>GUI_Point</STRONG> (Thumb, 6 bytes, Stack size 0 bytes, lcmdrv.o(i.GUI_Point))
<BR><BR>[Stack]<UL><LI>Max Depth = 8<LI>Call Chain = GUI_Point &rArr; oled_drawPoint
</UL>
<BR>[Calls]<UL><LI><a href="#[e3]">&gt;&gt;</a>&nbsp;&nbsp;&nbsp;oled_drawPoint
</UL>
<BR>[Called By]<UL><LI><a href="#[d2]">&gt;&gt;</a>&nbsp;&nbsp;&nbsp;GUI_Circle
<LI><a href="#[db]">&gt;&gt;</a>&nbsp;&nbsp;&nbsp;GUI_RLine
<LI><a href="#[da]">&gt;&gt;</a>&nbsp;&nbsp;&nbsp;GUI_HLine
<LI><a href="#[d0]">&gt;&gt;</a>&nbsp;&nbsp;&nbsp;GUI_Line
<LI><a href="#[cb]">&gt;&gt;</a>&nbsp;&nbsp;&nbsp;GUI_Arc4
</UL>

<P><STRONG><a name="[db]"></a>GUI_RLine</STRONG> (Thumb, 42 bytes, Stack size 24 bytes, lcmdrv.o(i.GUI_RLine))
<BR><BR>[Stack]<UL><LI>Max Depth = 32<LI>Call Chain = GUI_RLine &rArr; GUI_Point &rArr; oled_drawPoint
</UL>
<BR>[Calls]<UL><LI><a href="#[cc]">&gt;&gt;</a>&nbsp;&nbsp;&nbsp;GUI_Point
</UL>
<BR>[Called By]<UL><LI><a href="#[df]">&gt;&gt;</a>&nbsp;&nbsp;&nbsp;GUI_RectangleFill
<LI><a href="#[e0]">&gt;&gt;</a>&nbsp;&nbsp;&nbsp;GUI_Rectangle
<LI><a href="#[d0]">&gt;&gt;</a>&nbsp;&nbsp;&nbsp;GUI_Line
</UL>

<P><STRONG><a name="[d8]"></a>GUI_ReadLeftPoint</STRONG> (Thumb, 74 bytes, Stack size 24 bytes, gui_basic.o(i.GUI_ReadLeftPoint))
<BR><BR>[Stack]<UL><LI>Max Depth = 32<LI>Call Chain = GUI_ReadLeftPoint &rArr; GUI_ReadPoint
</UL>
<BR>[Calls]<UL><LI><a href="#[d6]">&gt;&gt;</a>&nbsp;&nbsp;&nbsp;GUI_ReadPoint
</UL>
<BR>[Called By]<UL><LI><a href="#[cf]">&gt;&gt;</a>&nbsp;&nbsp;&nbsp;GUI_FloodFill
</UL>

<P><STRONG><a name="[d6]"></a>GUI_ReadPoint</STRONG> (Thumb, 16 bytes, Stack size 8 bytes, lcmdrv.o(i.GUI_ReadPoint))
<BR><BR>[Stack]<UL><LI>Max Depth = 8<LI>Call Chain = GUI_ReadPoint
</UL>
<BR>[Calls]<UL><LI><a href="#[e4]">&gt;&gt;</a>&nbsp;&nbsp;&nbsp;oled_readPoint
</UL>
<BR>[Called By]<UL><LI><a href="#[d9]">&gt;&gt;</a>&nbsp;&nbsp;&nbsp;GUI_ReadRightPoint
<LI><a href="#[d8]">&gt;&gt;</a>&nbsp;&nbsp;&nbsp;GUI_ReadLeftPoint
<LI><a href="#[d5]">&gt;&gt;</a>&nbsp;&nbsp;&nbsp;GUI_CmpPointColor
<LI><a href="#[cf]">&gt;&gt;</a>&nbsp;&nbsp;&nbsp;GUI_FloodFill
</UL>

<P><STRONG><a name="[d9]"></a>GUI_ReadRightPoint</STRONG> (Thumb, 48 bytes, Stack size 24 bytes, gui_basic.o(i.GUI_ReadRightPoint))
<BR><BR>[Stack]<UL><LI>Max Depth = 32<LI>Call Chain = GUI_ReadRightPoint &rArr; GUI_ReadPoint
</UL>
<BR>[Calls]<UL><LI><a href="#[d6]">&gt;&gt;</a>&nbsp;&nbsp;&nbsp;GUI_ReadPoint
</UL>
<BR>[Called By]<UL><LI><a href="#[cf]">&gt;&gt;</a>&nbsp;&nbsp;&nbsp;GUI_FloodFill
</UL>

<P><STRONG><a name="[e0]"></a>GUI_Rectangle</STRONG> (Thumb, 68 bytes, Stack size 24 bytes, gui_basic.o(i.GUI_Rectangle))
<BR><BR>[Stack]<UL><LI>Max Depth = 56<LI>Call Chain = GUI_Rectangle &rArr; GUI_RLine &rArr; GUI_Point &rArr; oled_drawPoint
</UL>
<BR>[Calls]<UL><LI><a href="#[db]">&gt;&gt;</a>&nbsp;&nbsp;&nbsp;GUI_RLine
<LI><a href="#[da]">&gt;&gt;</a>&nbsp;&nbsp;&nbsp;GUI_HLine
</UL>
<BR>[Called By]<UL><LI><a href="#[de]">&gt;&gt;</a>&nbsp;&nbsp;&nbsp;GUI_MessageBoxDraw
<LI><a href="#[bd]">&gt;&gt;</a>&nbsp;&nbsp;&nbsp;GUI_WindowsDraw
<LI><a href="#[be]">&gt;&gt;</a>&nbsp;&nbsp;&nbsp;GUI_ScrollbarDraw
</UL>

<P><STRONG><a name="[df]"></a>GUI_RectangleFill</STRONG> (Thumb, 94 bytes, Stack size 24 bytes, gui_basic.o(i.GUI_RectangleFill))
<BR><BR>[Stack]<UL><LI>Max Depth = 56<LI>Call Chain = GUI_RectangleFill &rArr; GUI_RLine &rArr; GUI_Point &rArr; oled_drawPoint
</UL>
<BR>[Calls]<UL><LI><a href="#[db]">&gt;&gt;</a>&nbsp;&nbsp;&nbsp;GUI_RLine
<LI><a href="#[da]">&gt;&gt;</a>&nbsp;&nbsp;&nbsp;GUI_HLine
</UL>
<BR>[Called By]<UL><LI><a href="#[de]">&gt;&gt;</a>&nbsp;&nbsp;&nbsp;GUI_MessageBoxDraw
<LI><a href="#[bd]">&gt;&gt;</a>&nbsp;&nbsp;&nbsp;GUI_WindowsDraw
<LI><a href="#[e6]">&gt;&gt;</a>&nbsp;&nbsp;&nbsp;GUI_Scrollbar_SetPos
<LI><a href="#[ec]">&gt;&gt;</a>&nbsp;&nbsp;&nbsp;Menu_Run
</UL>

<P><STRONG><a name="[c0]"></a>GUI_Refresh</STRONG> (Thumb, 4 bytes, Stack size 0 bytes, lcmdrv.o(i.GUI_Refresh))
<BR><BR>[Stack]<UL><LI>Max Depth = 32<LI>Call Chain = GUI_Refresh &rArr; oled_refreshGram &rArr; oled_wr_byte &rArr; SPI_WByte
</UL>
<BR>[Calls]<UL><LI><a href="#[e5]">&gt;&gt;</a>&nbsp;&nbsp;&nbsp;oled_refreshGram
</UL>
<BR>[Called By]<UL><LI><a href="#[74]">&gt;&gt;</a>&nbsp;&nbsp;&nbsp;displayTask
<LI><a href="#[bb]">&gt;&gt;</a>&nbsp;&nbsp;&nbsp;DisplayMenuInit
</UL>

<P><STRONG><a name="[be]"></a>GUI_ScrollbarDraw</STRONG> (Thumb, 178 bytes, Stack size 24 bytes, scrollbar.o(i.GUI_ScrollbarDraw))
<BR><BR>[Stack]<UL><LI>Max Depth = 112<LI>Call Chain = GUI_ScrollbarDraw &rArr; GUI_Scrollbar_SetPos &rArr; GUI_RectangleFill &rArr; GUI_RLine &rArr; GUI_Point &rArr; oled_drawPoint
</UL>
<BR>[Calls]<UL><LI><a href="#[e6]">&gt;&gt;</a>&nbsp;&nbsp;&nbsp;GUI_Scrollbar_SetPos
<LI><a href="#[dc]">&gt;&gt;</a>&nbsp;&nbsp;&nbsp;oled_showPicture
<LI><a href="#[e0]">&gt;&gt;</a>&nbsp;&nbsp;&nbsp;GUI_Rectangle
<LI><a href="#[d0]">&gt;&gt;</a>&nbsp;&nbsp;&nbsp;GUI_Line
</UL>
<BR>[Called By]<UL><LI><a href="#[bb]">&gt;&gt;</a>&nbsp;&nbsp;&nbsp;DisplayMenuInit
</UL>

<P><STRONG><a name="[e6]"></a>GUI_Scrollbar_SetPos</STRONG> (Thumb, 108 bytes, Stack size 32 bytes, scrollbar.o(i.GUI_Scrollbar_SetPos))
<BR><BR>[Stack]<UL><LI>Max Depth = 88<LI>Call Chain = GUI_Scrollbar_SetPos &rArr; GUI_RectangleFill &rArr; GUI_RLine &rArr; GUI_Point &rArr; oled_drawPoint
</UL>
<BR>[Calls]<UL><LI><a href="#[df]">&gt;&gt;</a>&nbsp;&nbsp;&nbsp;GUI_RectangleFill
</UL>
<BR>[Called By]<UL><LI><a href="#[be]">&gt;&gt;</a>&nbsp;&nbsp;&nbsp;GUI_ScrollbarDraw
<LI><a href="#[ec]">&gt;&gt;</a>&nbsp;&nbsp;&nbsp;Menu_Run
</UL>

<P><STRONG><a name="[bd]"></a>GUI_WindowsDraw</STRONG> (Thumb, 168 bytes, Stack size 32 bytes, windows.o(i.GUI_WindowsDraw))
<BR><BR>[Stack]<UL><LI>Max Depth = 200<LI>Call Chain = GUI_WindowsDraw &rArr; show_str_mid &rArr; show_str &rArr; oled_showChar &rArr; oled_drawPoint
</UL>
<BR>[Calls]<UL><LI><a href="#[df]">&gt;&gt;</a>&nbsp;&nbsp;&nbsp;GUI_RectangleFill
<LI><a href="#[e2]">&gt;&gt;</a>&nbsp;&nbsp;&nbsp;show_str_mid
<LI><a href="#[e7]">&gt;&gt;</a>&nbsp;&nbsp;&nbsp;getWindowStringlen
<LI><a href="#[da]">&gt;&gt;</a>&nbsp;&nbsp;&nbsp;GUI_HLine
<LI><a href="#[e0]">&gt;&gt;</a>&nbsp;&nbsp;&nbsp;GUI_Rectangle
</UL>
<BR>[Called By]<UL><LI><a href="#[bb]">&gt;&gt;</a>&nbsp;&nbsp;&nbsp;DisplayMenuInit
</UL>

<P><STRONG><a name="[b8]"></a>GetEPRxAddr</STRONG> (Thumb, 22 bytes, Stack size 0 bytes, usb_regs.o(i.GetEPRxAddr))
<BR><BR>[Called By]<UL><LI><a href="#[b7]">&gt;&gt;</a>&nbsp;&nbsp;&nbsp;DataStageOut
<LI><a href="#[c2]">&gt;&gt;</a>&nbsp;&nbsp;&nbsp;USB_SIL_Read
</UL>

<P><STRONG><a name="[11c]"></a>GetEPRxCount</STRONG> (Thumb, 24 bytes, Stack size 0 bytes, usb_regs.o(i.GetEPRxCount))
<BR><BR>[Called By]<UL><LI><a href="#[c2]">&gt;&gt;</a>&nbsp;&nbsp;&nbsp;USB_SIL_Read
</UL>

<P><STRONG><a name="[b4]"></a>GetEPTxAddr</STRONG> (Thumb, 20 bytes, Stack size 0 bytes, usb_regs.o(i.GetEPTxAddr))
<BR><BR>[Called By]<UL><LI><a href="#[b3]">&gt;&gt;</a>&nbsp;&nbsp;&nbsp;DataStageIn
</UL>

<P><STRONG><a name="[e8]"></a>Get_SerialNum</STRONG> (Thumb, 44 bytes, Stack size 8 bytes, hw_config.o(i.Get_SerialNum))
<BR><BR>[Stack]<UL><LI>Max Depth = 28<LI>Call Chain = Get_SerialNum &rArr; IntToUnicode
</UL>
<BR>[Calls]<UL><LI><a href="#[e9]">&gt;&gt;</a>&nbsp;&nbsp;&nbsp;IntToUnicode
</UL>
<BR>[Called By]<UL><LI><a href="#[3]">&gt;&gt;</a>&nbsp;&nbsp;&nbsp;Virtual_Com_Port_init
</UL>

<P><STRONG><a name="[11]"></a>HardFault_Handler</STRONG> (Thumb, 2 bytes, Stack size 0 bytes, stm32f10x_it.o(i.HardFault_Handler))
<BR><BR>[Calls]<UL><LI><a href="#[11]">&gt;&gt;</a>&nbsp;&nbsp;&nbsp;HardFault_Handler
</UL>
<BR>[Called By]<UL><LI><a href="#[11]">&gt;&gt;</a>&nbsp;&nbsp;&nbsp;HardFault_Handler
</UL>
<BR>[Address Reference Count : 1]<UL><LI> startup_stm32f10x_md.o(RESET)
</UL>
<P><STRONG><a name="[1cd]"></a>INTX_DISABLE</STRONG> (Thumb, 4 bytes, Stack size 0 bytes, sys.o(i.INTX_DISABLE))
<BR><BR>[Called By]<UL><LI><a href="#[162]">&gt;&gt;</a>&nbsp;&nbsp;&nbsp;reset_ui
</UL>

<P><STRONG><a name="[b0]"></a>In0_Process</STRONG> (Thumb, 80 bytes, Stack size 8 bytes, usb_core.o(i.In0_Process))
<BR><BR>[Stack]<UL><LI>Max Depth = 48<LI>Call Chain = In0_Process &rArr; DataStageIn &rArr; UserToPMABufferCopy
</UL>
<BR>[Calls]<UL><LI><a href="#[eb]">&gt;&gt;</a>&nbsp;&nbsp;&nbsp;Post0_Process
<LI><a href="#[b3]">&gt;&gt;</a>&nbsp;&nbsp;&nbsp;DataStageIn
<LI><a href="#[ea]">&gt;&gt;</a>&nbsp;&nbsp;&nbsp;SetDeviceAddress
</UL>
<BR>[Called By]<UL><LI><a href="#[af]">&gt;&gt;</a>&nbsp;&nbsp;&nbsp;CTR_LP
</UL>

<P><STRONG><a name="[e9]"></a>IntToUnicode</STRONG> (Thumb, 54 bytes, Stack size 20 bytes, hw_config.o(i.IntToUnicode))
<BR><BR>[Stack]<UL><LI>Max Depth = 20<LI>Call Chain = IntToUnicode
</UL>
<BR>[Called By]<UL><LI><a href="#[e8]">&gt;&gt;</a>&nbsp;&nbsp;&nbsp;Get_SerialNum
</UL>

<P><STRONG><a name="[101]"></a>Leave_LowPowerMode</STRONG> (Thumb, 18 bytes, Stack size 0 bytes, hw_config.o(i.Leave_LowPowerMode))
<BR><BR>[Called By]<UL><LI><a href="#[100]">&gt;&gt;</a>&nbsp;&nbsp;&nbsp;Resume_Init
</UL>

<P><STRONG><a name="[12]"></a>MemManage_Handler</STRONG> (Thumb, 2 bytes, Stack size 0 bytes, stm32f10x_it.o(i.MemManage_Handler))
<BR><BR>[Calls]<UL><LI><a href="#[12]">&gt;&gt;</a>&nbsp;&nbsp;&nbsp;MemManage_Handler
</UL>
<BR>[Called By]<UL><LI><a href="#[12]">&gt;&gt;</a>&nbsp;&nbsp;&nbsp;MemManage_Handler
</UL>
<BR>[Address Reference Count : 1]<UL><LI> startup_stm32f10x_md.o(RESET)
</UL>
<P><STRONG><a name="[ec]"></a>Menu_Run</STRONG> (Thumb, 474 bytes, Stack size 40 bytes, menu_ui.o(i.Menu_Run))
<BR><BR>[Stack]<UL><LI>Max Depth = 272<LI>Call Chain = Menu_Run &rArr; DisplayMenuInit &rArr; GUI_WindowsDraw &rArr; show_str_mid &rArr; show_str &rArr; oled_showChar &rArr; oled_drawPoint
</UL>
<BR>[Calls]<UL><LI><a href="#[ef]">&gt;&gt;</a>&nbsp;&nbsp;&nbsp;getKeyState
<LI><a href="#[ed]">&gt;&gt;</a>&nbsp;&nbsp;&nbsp;getJoystick2Dir
<LI><a href="#[e6]">&gt;&gt;</a>&nbsp;&nbsp;&nbsp;GUI_Scrollbar_SetPos
<LI><a href="#[df]">&gt;&gt;</a>&nbsp;&nbsp;&nbsp;GUI_RectangleFill
<LI><a href="#[bf]">&gt;&gt;</a>&nbsp;&nbsp;&nbsp;GUI_MenuItemDraw
<LI><a href="#[53]">&gt;&gt;</a>&nbsp;&nbsp;&nbsp;gotoNextMenu
<LI><a href="#[ee]">&gt;&gt;</a>&nbsp;&nbsp;&nbsp;gotoLastMenu
<LI><a href="#[6c]">&gt;&gt;</a>&nbsp;&nbsp;&nbsp;exitMenu
<LI><a href="#[bb]">&gt;&gt;</a>&nbsp;&nbsp;&nbsp;DisplayMenuInit
</UL>
<BR>[Called By]<UL><LI><a href="#[74]">&gt;&gt;</a>&nbsp;&nbsp;&nbsp;displayTask
</UL>

<P><STRONG><a name="[10]"></a>NMI_Handler</STRONG> (Thumb, 2 bytes, Stack size 0 bytes, stm32f10x_it.o(i.NMI_Handler))
<BR>[Address Reference Count : 1]<UL><LI> startup_stm32f10x_md.o(RESET)
</UL>
<P><STRONG><a name="[1]"></a>NOP_Process</STRONG> (Thumb, 2 bytes, Stack size 0 bytes, usb_core.o(i.NOP_Process))
<BR>[Address Reference Count : 3]<UL><LI> usb_istr.o(.data)
<LI> usb_istr.o(.data)
<LI> usb_prop.o(.data)
</UL>
<P><STRONG><a name="[f3]"></a>NVIC_Init</STRONG> (Thumb, 94 bytes, Stack size 12 bytes, misc.o(i.NVIC_Init))
<BR><BR>[Stack]<UL><LI>Max Depth = 12<LI>Call Chain = NVIC_Init
</UL>
<BR>[Called By]<UL><LI><a href="#[f0]">&gt;&gt;</a>&nbsp;&nbsp;&nbsp;NRF_Init
<LI><a href="#[119]">&gt;&gt;</a>&nbsp;&nbsp;&nbsp;USB_Interrupts_Config
</UL>

<P><STRONG><a name="[174]"></a>NVIC_PriorityGroupConfig</STRONG> (Thumb, 10 bytes, Stack size 0 bytes, misc.o(i.NVIC_PriorityGroupConfig))
<BR><BR>[Called By]<UL><LI><a href="#[44]">&gt;&gt;</a>&nbsp;&nbsp;&nbsp;main
</UL>

<P><STRONG><a name="[173]"></a>NVIC_SetVectorTable</STRONG> (Thumb, 12 bytes, Stack size 0 bytes, misc.o(i.NVIC_SetVectorTable))
<BR><BR>[Called By]<UL><LI><a href="#[44]">&gt;&gt;</a>&nbsp;&nbsp;&nbsp;main
</UL>

<P><STRONG><a name="[b2]"></a>Out0_Process</STRONG> (Thumb, 62 bytes, Stack size 8 bytes, usb_core.o(i.Out0_Process))
<BR><BR>[Stack]<UL><LI>Max Depth = 40<LI>Call Chain = Out0_Process &rArr; DataStageOut
</UL>
<BR>[Calls]<UL><LI><a href="#[eb]">&gt;&gt;</a>&nbsp;&nbsp;&nbsp;Post0_Process
<LI><a href="#[b7]">&gt;&gt;</a>&nbsp;&nbsp;&nbsp;DataStageOut
</UL>
<BR>[Called By]<UL><LI><a href="#[af]">&gt;&gt;</a>&nbsp;&nbsp;&nbsp;CTR_LP
</UL>

[...]
</UL>

<P><STRONG><a name="[1a9]"></a>prvCopyDataFromQueue</STRONG> (Thumb, 38 bytes, Stack size 8 bytes, queue.o(i.prvCopyDataFromQueue))
<BR><BR>[Stack]<UL><LI>Max Depth = 8<LI>Call Chain = prvCopyDataFromQueue
</UL>
<BR>[Calls]<UL><LI><a href="#[13f]">&gt;&gt;</a>&nbsp;&nbsp;&nbsp;__aeabi_memcpy
</UL>
<BR>[Called By]<UL><LI><a href="#[1ba]">&gt;&gt;</a>&nbsp;&nbsp;&nbsp;xQueueGenericReceive
</UL>

<P><STRONG><a name="[1aa]"></a>prvCopyDataToQueue</STRONG> (Thumb, 108 bytes, Stack size 24 bytes, queue.o(i.prvCopyDataToQueue))
<BR><BR>[Stack]<UL><LI>Max Depth = 40<LI>Call Chain = prvCopyDataToQueue &rArr; xTaskPriorityDisinherit
</UL>
<BR>[Calls]<UL><LI><a href="#[1ab]">&gt;&gt;</a>&nbsp;&nbsp;&nbsp;xTaskPriorityDisinherit
<LI><a href="#[13f]">&gt;&gt;</a>&nbsp;&nbsp;&nbsp;__aeabi_memcpy
</UL>
<BR>[Called By]<UL><LI><a href="#[1ca]">&gt;&gt;</a>&nbsp;&nbsp;&nbsp;xQueueGenericSend
<LI><a href="#[11d]">&gt;&gt;</a>&nbsp;&nbsp;&nbsp;xQueueGenericSendFromISR
<LI><a href="#[1b4]">&gt;&gt;</a>&nbsp;&nbsp;&nbsp;prvNotifyQueueSetContainer
</UL>

<P><STRONG><a name="[1b3]"></a>prvIsQueueEmpty</STRONG> (Thumb, 26 bytes, Stack size 8 bytes, queue.o(i.prvIsQueueEmpty))
<BR><BR>[Stack]<UL><LI>Max Depth = 16<LI>Call Chain = prvIsQueueEmpty &rArr; vPortExitCritical
</UL>
<BR>[Calls]<UL><LI><a href="#[1a1]">&gt;&gt;</a>&nbsp;&nbsp;&nbsp;vPortExitCritical
<LI><a href="#[19f]">&gt;&gt;</a>&nbsp;&nbsp;&nbsp;vPortEnterCritical
</UL>
<BR>[Called By]<UL><LI><a href="#[1ba]">&gt;&gt;</a>&nbsp;&nbsp;&nbsp;xQueueGenericReceive
</UL>

<P><STRONG><a name="[1b4]"></a>prvNotifyQueueSetContainer</STRONG> (Thumb, 108 bytes, Stack size 32 bytes, queue.o(i.prvNotifyQueueSetContainer))
<BR><BR>[Stack]<UL><LI>Max Depth = 72<LI>Call Chain = prvNotifyQueueSetContainer &rArr; prvCopyDataToQueue &rArr; xTaskPriorityDisinherit
</UL>
<BR>[Calls]<UL><LI><a href="#[12e]">&gt;&gt;</a>&nbsp;&nbsp;&nbsp;assertFail
<LI><a href="#[1b5]">&gt;&gt;</a>&nbsp;&nbsp;&nbsp;xTaskRemoveFromEventList
<LI><a href="#[1aa]">&gt;&gt;</a>&nbsp;&nbsp;&nbsp;prvCopyDataToQueue
</UL>
<BR>[Called By]<UL><LI><a href="#[195]">&gt;&gt;</a>&nbsp;&nbsp;&nbsp;xQueueGiveFromISR
<LI><a href="#[1ca]">&gt;&gt;</a>&nbsp;&nbsp;&nbsp;xQueueGenericSend
<LI><a href="#[11d]">&gt;&gt;</a>&nbsp;&nbsp;&nbsp;xQueueGenericSendFromISR
<LI><a href="#[1bf]">&gt;&gt;</a>&nbsp;&nbsp;&nbsp;prvUnlockQueue
</UL>

<P><STRONG><a name="[1bf]"></a>prvUnlockQueue</STRONG> (Thumb, 120 bytes, Stack size 24 bytes, queue.o(i.prvUnlockQueue))
<BR><BR>[Stack]<UL><LI>Max Depth = 96<LI>Call Chain = prvUnlockQueue &rArr; prvNotifyQueueSetContainer &rArr; prvCopyDataToQueue &rArr; xTaskPriorityDisinherit
</UL>
<BR>[Calls]<UL><LI><a href="#[1a1]">&gt;&gt;</a>&nbsp;&nbsp;&nbsp;vPortExitCritical
<LI><a href="#[19f]">&gt;&gt;</a>&nbsp;&nbsp;&nbsp;vPortEnterCritical
<LI><a href="#[1b5]">&gt;&gt;</a>&nbsp;&nbsp;&nbsp;xTaskRemoveFromEventList
<LI><a href="#[1c0]">&gt;&gt;</a>&nbsp;&nbsp;&nbsp;vTaskMissedYield
<LI><a href="#[1b4]">&gt;&gt;</a>&nbsp;&nbsp;&nbsp;prvNotifyQueueSetContainer
</UL>
<BR>[Called By]<UL><LI><a href="#[1ca]">&gt;&gt;</a>&nbsp;&nbsp;&nbsp;xQueueGenericSend
<LI><a href="#[1ba]">&gt;&gt;</a>&nbsp;&nbsp;&nbsp;xQueueGenericReceive
<LI><a href="#[1bc]">&gt;&gt;</a>&nbsp;&nbsp;&nbsp;vQueueWaitForMessageRestricted
</UL>

<P><STRONG><a name="[19a]"></a>prvAddCurrentTaskToDelayedList</STRONG> (Thumb, 102 bytes, Stack size 24 bytes, tasks.o(i.prvAddCurrentTaskToDelayedList))
<BR><BR>[Stack]<UL><LI>Max Depth = 36<LI>Call Chain = prvAddCurrentTaskToDelayedList &rArr; vListInsert
</UL>
<BR>[Calls]<UL><LI><a href="#[19c]">&gt;&gt;</a>&nbsp;&nbsp;&nbsp;vListInsertEnd
<LI><a href="#[19d]">&gt;&gt;</a>&nbsp;&nbsp;&nbsp;vListInsert
<LI><a href="#[19b]">&gt;&gt;</a>&nbsp;&nbsp;&nbsp;uxListRemove
</UL>
<BR>[Called By]<UL><LI><a href="#[135]">&gt;&gt;</a>&nbsp;&nbsp;&nbsp;vTaskDelay
<LI><a href="#[1da]">&gt;&gt;</a>&nbsp;&nbsp;&nbsp;vTaskPlaceOnEventListRestricted
<LI><a href="#[1dc]">&gt;&gt;</a>&nbsp;&nbsp;&nbsp;vTaskPlaceOnEventList
</UL>

<P><STRONG><a name="[19e]"></a>prvAddNewTaskToReadyList</STRONG> (Thumb, 194 bytes, Stack size 24 bytes, tasks.o(i.prvAddNewTaskToReadyList))
<BR><BR>[Stack]<UL><LI>Max Depth = 32<LI>Call Chain = prvAddNewTaskToReadyList &rArr; vPortExitCritical
</UL>
<BR>[Calls]<UL><LI><a href="#[1a1]">&gt;&gt;</a>&nbsp;&nbsp;&nbsp;vPortExitCritical
<LI><a href="#[19f]">&gt;&gt;</a>&nbsp;&nbsp;&nbsp;vPortEnterCritical
<LI><a href="#[19c]">&gt;&gt;</a>&nbsp;&nbsp;&nbsp;vListInsertEnd
<LI><a href="#[1a0]">&gt;&gt;</a>&nbsp;&nbsp;&nbsp;vListInitialise
</UL>
<BR>[Called By]<UL><LI><a href="#[179]">&gt;&gt;</a>&nbsp;&nbsp;&nbsp;xTaskCreate
</UL>

<P><STRONG><a name="[1a5]"></a>prvCheckTasksWaitingTermination</STRONG> (Thumb, 74 bytes, Stack size 16 bytes, tasks.o(i.prvCheckTasksWaitingTermination))
<BR><BR>[Stack]<UL><LI>Max Depth = 96<LI>Call Chain = prvCheckTasksWaitingTermination &rArr; prvDeleteTCB &rArr; vPortFree &rArr; xTaskResumeAll &rArr; xTaskIncrementTick
</UL>
<BR>[Calls]<UL><LI><a href="#[1a1]">&gt;&gt;</a>&nbsp;&nbsp;&nbsp;vPortExitCritical
<LI><a href="#[19f]">&gt;&gt;</a>&nbsp;&nbsp;&nbsp;vPortEnterCritical
<LI><a href="#[19b]">&gt;&gt;</a>&nbsp;&nbsp;&nbsp;uxListRemove
<LI><a href="#[1a8]">&gt;&gt;</a>&nbsp;&nbsp;&nbsp;prvDeleteTCB
<LI><a href="#[1a7]">&gt;&gt;</a>&nbsp;&nbsp;&nbsp;xTaskResumeAll
<LI><a href="#[1a6]">&gt;&gt;</a>&nbsp;&nbsp;&nbsp;vTaskSuspendAll
</UL>
<BR>[Called By]<UL><LI><a href="#[78]">&gt;&gt;</a>&nbsp;&nbsp;&nbsp;prvIdleTask
</UL>

<P><STRONG><a name="[1a8]"></a>prvDeleteTCB</STRONG> (Thumb, 20 bytes, Stack size 8 bytes, tasks.o(i.prvDeleteTCB))
<BR><BR>[Stack]<UL><LI>Max Depth = 80<LI>Call Chain = prvDeleteTCB &rArr; vPortFree &rArr; xTaskResumeAll &rArr; xTaskIncrementTick
</UL>
<BR>[Calls]<UL><LI><a href="#[1ac]">&gt;&gt;</a>&nbsp;&nbsp;&nbsp;vPortFree
</UL>
<BR>[Called By]<UL><LI><a href="#[1cf]">&gt;&gt;</a>&nbsp;&nbsp;&nbsp;vTaskDelete
<LI><a href="#[1a5]">&gt;&gt;</a>&nbsp;&nbsp;&nbsp;prvCheckTasksWaitingTermination
</UL>

<P><STRONG><a name="[1ad]"></a>prvGetExpectedIdleTime</STRONG> (Thumb, 42 bytes, Stack size 0 bytes, tasks.o(i.prvGetExpectedIdleTime))
<BR><BR>[Called By]<UL><LI><a href="#[78]">&gt;&gt;</a>&nbsp;&nbsp;&nbsp;prvIdleTask
</UL>

<P><STRONG><a name="[78]"></a>prvIdleTask</STRONG> (Thumb, 58 bytes, Stack size 0 bytes, tasks.o(i.prvIdleTask))
<BR><BR>[Stack]<UL><LI>Max Depth = 96<LI>Call Chain = prvIdleTask &rArr; prvCheckTasksWaitingTermination &rArr; prvDeleteTCB &rArr; vPortFree &rArr; xTaskResumeAll &rArr; xTaskIncrementTick
</UL>
<BR>[Calls]<UL><LI><a href="#[12e]">&gt;&gt;</a>&nbsp;&nbsp;&nbsp;assertFail
<LI><a href="#[1ae]">&gt;&gt;</a>&nbsp;&nbsp;&nbsp;vPortSuppressTicksAndSleep
<LI><a href="#[1ad]">&gt;&gt;</a>&nbsp;&nbsp;&nbsp;prvGetExpectedIdleTime
<LI><a href="#[1a5]">&gt;&gt;</a>&nbsp;&nbsp;&nbsp;prvCheckTasksWaitingTermination
<LI><a href="#[1a7]">&gt;&gt;</a>&nbsp;&nbsp;&nbsp;xTaskResumeAll
<LI><a href="#[1a6]">&gt;&gt;</a>&nbsp;&nbsp;&nbsp;vTaskSuspendAll
</UL>
<BR>[Address Reference Count : 1]<UL><LI> tasks.o(i.vTaskStartScheduler)
</UL>
<P><STRONG><a name="[1af]"></a>prvInitialiseNewTask</STRONG> (Thumb, 142 bytes, Stack size 32 bytes, tasks.o(i.prvInitialiseNewTask))
<BR><BR>[Stack]<UL><LI>Max Depth = 40<LI>Call Chain = prvInitialiseNewTask &rArr; pxPortInitialiseStack
</UL>
<BR>[Calls]<UL><LI><a href="#[12e]">&gt;&gt;</a>&nbsp;&nbsp;&nbsp;assertFail
<LI><a href="#[1b0]">&gt;&gt;</a>&nbsp;&nbsp;&nbsp;vListInitialiseItem
<LI><a href="#[1b1]">&gt;&gt;</a>&nbsp;&nbsp;&nbsp;pxPortInitialiseStack
</UL>
<BR>[Called By]<UL><LI><a href="#[179]">&gt;&gt;</a>&nbsp;&nbsp;&nbsp;xTaskCreate
</UL>

<P><STRONG><a name="[1db]"></a>prvResetNextTaskUnblockTime</STRONG> (Thumb, 26 bytes, Stack size 0 bytes, tasks.o(i.prvResetNextTaskUnblockTime))
<BR><BR>[Called By]<UL><LI><a href="#[1c8]">&gt;&gt;</a>&nbsp;&nbsp;&nbsp;vTaskSuspend
<LI><a href="#[1cf]">&gt;&gt;</a>&nbsp;&nbsp;&nbsp;vTaskDelete
<LI><a href="#[1e4]">&gt;&gt;</a>&nbsp;&nbsp;&nbsp;xTaskIncrementTick
<LI><a href="#[1a7]">&gt;&gt;</a>&nbsp;&nbsp;&nbsp;xTaskResumeAll
<LI><a href="#[1b5]">&gt;&gt;</a>&nbsp;&nbsp;&nbsp;xTaskRemoveFromEventList
</UL>

<P><STRONG><a name="[1be]"></a>prvTaskIsTaskSuspended</STRONG> (Thumb, 44 bytes, Stack size 16 bytes, tasks.o(i.prvTaskIsTaskSuspended))
<BR><BR>[Stack]<UL><LI>Max Depth = 16<LI>Call Chain = prvTaskIsTaskSuspended
</UL>
<BR>[Calls]<UL><LI><a href="#[12e]">&gt;&gt;</a>&nbsp;&nbsp;&nbsp;assertFail
</UL>
<BR>[Called By]<UL><LI><a href="#[1c9]">&gt;&gt;</a>&nbsp;&nbsp;&nbsp;vTaskResume
</UL>

<P><STRONG><a name="[1a2]"></a>prvCheckForValidListAndQueue</STRONG> (Thumb, 62 bytes, Stack size 8 bytes, timers.o(i.prvCheckForValidListAndQueue))
<BR><BR>[Stack]<UL><LI>Max Depth = 104<LI>Call Chain = prvCheckForValidListAndQueue &rArr; xQueueGenericCreate &rArr; pvPortMalloc &rArr; xTaskResumeAll &rArr; xTaskIncrementTick
</UL>
<BR>[Calls]<UL><LI><a href="#[1a3]">&gt;&gt;</a>&nbsp;&nbsp;&nbsp;xQueueGenericCreate
<LI><a href="#[1a1]">&gt;&gt;</a>&nbsp;&nbsp;&nbsp;vPortExitCritical
<LI><a href="#[19f]">&gt;&gt;</a>&nbsp;&nbsp;&nbsp;vPortEnterCritical
<LI><a href="#[1a0]">&gt;&gt;</a>&nbsp;&nbsp;&nbsp;vListInitialise
<LI><a href="#[1a4]">&gt;&gt;</a>&nbsp;&nbsp;&nbsp;vQueueAddToRegistry
</UL>
<BR>[Called By]<UL><LI><a href="#[134]">&gt;&gt;</a>&nbsp;&nbsp;&nbsp;xTimerCreate
<LI><a href="#[1df]">&gt;&gt;</a>&nbsp;&nbsp;&nbsp;xTimerCreateTimerTask
</UL>

<P><STRONG><a name="[1b2]"></a>prvInsertTimerInActiveList</STRONG> (Thumb, 52 bytes, Stack size 16 bytes, timers.o(i.prvInsertTimerInActiveList))
<BR><BR>[Stack]<UL><LI>Max Depth = 28<LI>Call Chain = prvInsertTimerInActiveList &rArr; vListInsert
</UL>
<BR>[Calls]<UL><LI><a href="#[19d]">&gt;&gt;</a>&nbsp;&nbsp;&nbsp;vListInsert
</UL>
<BR>[Called By]<UL><LI><a href="#[1b8]">&gt;&gt;</a>&nbsp;&nbsp;&nbsp;prvProcessReceivedCommands
<LI><a href="#[1b6]">&gt;&gt;</a>&nbsp;&nbsp;&nbsp;prvProcessExpiredTimer
</UL>

<P><STRONG><a name="[1b6]"></a>prvProcessExpiredTimer</STRONG> (Thumb, 84 bytes, Stack size 24 bytes, timers.o(i.prvProcessExpiredTimer))
<BR><BR>[Stack]<UL><LI>Max Depth = 232<LI>Call Chain = prvProcessExpiredTimer &rArr; xTimerGenericCommand &rArr; xQueueGenericSend &rArr; prvUnlockQueue &rArr; prvNotifyQueueSetContainer &rArr; prvCopyDataToQueue &rArr; xTaskPriorityDisinherit
</UL>
<BR>[Calls]<UL><LI><a href="#[12e]">&gt;&gt;</a>&nbsp;&nbsp;&nbsp;assertFail
<LI><a href="#[1b7]">&gt;&gt;</a>&nbsp;&nbsp;&nbsp;xTimerGenericCommand
<LI><a href="#[19b]">&gt;&gt;</a>&nbsp;&nbsp;&nbsp;uxListRemove
<LI><a href="#[1b2]">&gt;&gt;</a>&nbsp;&nbsp;&nbsp;prvInsertTimerInActiveList
</UL>
<BR>[Called By]<UL><LI><a href="#[1bb]">&gt;&gt;</a>&nbsp;&nbsp;&nbsp;prvProcessTimerOrBlockTask
</UL>

<P><STRONG><a name="[1b8]"></a>prvProcessReceivedCommands</STRONG> (Thumb, 198 bytes, Stack size 40 bytes, timers.o(i.prvProcessReceivedCommands))
<BR><BR>[Stack]<UL><LI>Max Depth = 288<LI>Call Chain = prvProcessReceivedCommands &rArr; prvSampleTimeNow &rArr; prvSwitchTimerLists &rArr; xTimerGenericCommand &rArr; xQueueGenericSend &rArr; prvUnlockQueue &rArr; prvNotifyQueueSetContainer &rArr; prvCopyDataToQueue &rArr; xTaskPriorityDisinherit
</UL>
<BR>[Calls]<UL><LI><a href="#[1ba]">&gt;&gt;</a>&nbsp;&nbsp;&nbsp;xQueueGenericReceive
<LI><a href="#[12e]">&gt;&gt;</a>&nbsp;&nbsp;&nbsp;assertFail
<LI><a href="#[1b7]">&gt;&gt;</a>&nbsp;&nbsp;&nbsp;xTimerGenericCommand
<LI><a href="#[19b]">&gt;&gt;</a>&nbsp;&nbsp;&nbsp;uxListRemove
<LI><a href="#[1b9]">&gt;&gt;</a>&nbsp;&nbsp;&nbsp;prvSampleTimeNow
<LI><a href="#[1b2]">&gt;&gt;</a>&nbsp;&nbsp;&nbsp;prvInsertTimerInActiveList
<LI><a href="#[1ac]">&gt;&gt;</a>&nbsp;&nbsp;&nbsp;vPortFree
</UL>
<BR>[Called By]<UL><LI><a href="#[7b]">&gt;&gt;</a>&nbsp;&nbsp;&nbsp;prvTimerTask
</UL>

<P><STRONG><a name="[1bb]"></a>prvProcessTimerOrBlockTask</STRONG> (Thumb, 98 bytes, Stack size 24 bytes, timers.o(i.prvProcessTimerOrBlockTask))
<BR><BR>[Stack]<UL><LI>Max Depth = 272<LI>Call Chain = prvProcessTimerOrBlockTask &rArr; prvSampleTimeNow &rArr; prvSwitchTimerLists &rArr; xTimerGenericCommand &rArr; xQueueGenericSend &rArr; prvUnlockQueue &rArr; prvNotifyQueueSetContainer &rArr; prvCopyDataToQueue &rArr; xTaskPriorityDisinherit
</UL>
<BR>[Calls]<UL><LI><a href="#[1b9]">&gt;&gt;</a>&nbsp;&nbsp;&nbsp;prvSampleTimeNow
<LI><a href="#[1b6]">&gt;&gt;</a>&nbsp;&nbsp;&nbsp;prvProcessExpiredTimer
<LI><a href="#[1a7]">&gt;&gt;</a>&nbsp;&nbsp;&nbsp;xTaskResumeAll
<LI><a href="#[1a6]">&gt;&gt;</a>&nbsp;&nbsp;&nbsp;vTaskSuspendAll
<LI><a href="#[1bc]">&gt;&gt;</a>&nbsp;&nbsp;&nbsp;vQueueWaitForMessageRestricted
</UL>
<BR>[Called By]<UL><LI><a href="#[7b]">&gt;&gt;</a>&nbsp;&nbsp;&nbsp;prvTimerTask
</UL>

<P><STRONG><a name="[1b9]"></a>prvSampleTimeNow</STRONG> (Thumb, 36 bytes, Stack size 16 bytes, timers.o(i.prvSampleTimeNow))
<BR><BR>[Stack]<UL><LI>Max Depth = 248<LI>Call Chain = prvSampleTimeNow &rArr; prvSwitchTimerLists &rArr; xTimerGenericCommand &rArr; xQueueGenericSend &rArr; prvUnlockQueue &rArr; prvNotifyQueueSetContainer &rArr; prvCopyDataToQueue &rArr; xTaskPriorityDisinherit
</UL>
<BR>[Calls]<UL><LI><a href="#[16d]">&gt;&gt;</a>&nbsp;&nbsp;&nbsp;xTaskGetTickCount
<LI><a href="#[1bd]">&gt;&gt;</a>&nbsp;&nbsp;&nbsp;prvSwitchTimerLists
</UL>
<BR>[Called By]<UL><LI><a href="#[1bb]">&gt;&gt;</a>&nbsp;&nbsp;&nbsp;prvProcessTimerOrBlockTask
<LI><a href="#[1b8]">&gt;&gt;</a>&nbsp;&nbsp;&nbsp;prvProcessReceivedCommands
</UL>

<P><STRONG><a name="[1bd]"></a>prvSwitchTimerLists</STRONG> (Thumb, 98 bytes, Stack size 24 bytes, timers.o(i.prvSwitchTimerLists))
<BR><BR>[Stack]<UL><LI>Max Depth = 232<LI>Call Chain = prvSwitchTimerLists &rArr; xTimerGenericCommand &rArr; xQueueGenericSend &rArr; prvUnlockQueue &rArr; prvNotifyQueueSetContainer &rArr; prvCopyDataToQueue &rArr; xTaskPriorityDisinherit
</UL>
<BR>[Calls]<UL><LI><a href="#[12e]">&gt;&gt;</a>&nbsp;&nbsp;&nbsp;assertFail
<LI><a href="#[1b7]">&gt;&gt;</a>&nbsp;&nbsp;&nbsp;xTimerGenericCommand
<LI><a href="#[19d]">&gt;&gt;</a>&nbsp;&nbsp;&nbsp;vListInsert
<LI><a href="#[19b]">&gt;&gt;</a>&nbsp;&nbsp;&nbsp;uxListRemove
</UL>
<BR>[Called By]<UL><LI><a href="#[1b9]">&gt;&gt;</a>&nbsp;&nbsp;&nbsp;prvSampleTimeNow
</UL>

<P><STRONG><a name="[7b]"></a>prvTimerTask</STRONG> (Thumb, 34 bytes, Stack size 0 bytes, timers.o(i.prvTimerTask))
<BR><BR>[Stack]<UL><LI>Max Depth = 288<LI>Call Chain = prvTimerTask &rArr; prvProcessReceivedCommands &rArr; prvSampleTimeNow &rArr; prvSwitchTimerLists &rArr; xTimerGenericCommand &rArr; xQueueGenericSend &rArr; prvUnlockQueue &rArr; prvNotifyQueueSetContainer &rArr; prvCopyDataToQueue &rArr; xTaskPriorityDisinherit
</UL>
<BR>[Calls]<UL><LI><a href="#[1bb]">&gt;&gt;</a>&nbsp;&nbsp;&nbsp;prvProcessTimerOrBlockTask
<LI><a href="#[1b8]">&gt;&gt;</a>&nbsp;&nbsp;&nbsp;prvProcessReceivedCommands
</UL>
<BR>[Address Reference Count : 1]<UL><LI> timers.o(i.xTimerCreateTimerTask)
</UL>
<P><STRONG><a name="[6d]"></a>prvTaskExitError</STRONG> (Thumb, 34 bytes, Stack size 0 bytes, port.o(i.prvTaskExitError))
<BR><BR>[Calls]<UL><LI><a href="#[12e]">&gt;&gt;</a>&nbsp;&nbsp;&nbsp;assertFail
</UL>
<BR>[Address Reference Count : 1]<UL><LI> port.o(i.pxPortInitialiseStack)
</UL>
<P><STRONG><a name="[1c2]"></a>prvHeapInit</STRONG> (Thumb, 66 bytes, Stack size 0 bytes, heap_4.o(i.prvHeapInit))
<BR><BR>[Called By]<UL><LI><a href="#[1c1]">&gt;&gt;</a>&nbsp;&nbsp;&nbsp;pvPortMalloc
</UL>

<P><STRONG><a name="[1c3]"></a>prvInsertBlockIntoFreeList</STRONG> (Thumb, 72 bytes, Stack size 12 bytes, heap_4.o(i.prvInsertBlockIntoFreeList))
<BR><BR>[Stack]<UL><LI>Max Depth = 12<LI>Call Chain = prvInsertBlockIntoFreeList
</UL>
<BR>[Called By]<UL><LI><a href="#[1ac]">&gt;&gt;</a>&nbsp;&nbsp;&nbsp;vPortFree
<LI><a href="#[1c1]">&gt;&gt;</a>&nbsp;&nbsp;&nbsp;pvPortMalloc
</UL>

<P><STRONG><a name="[b3]"></a>DataStageIn</STRONG> (Thumb, 156 bytes, Stack size 32 bytes, usb_core.o(i.DataStageIn))
<BR><BR>[Stack]<UL><LI>Max Depth = 40<LI>Call Chain = DataStageIn &rArr; UserToPMABufferCopy
</UL>
<BR>[Calls]<UL><LI><a href="#[b4]">&gt;&gt;</a>&nbsp;&nbsp;&nbsp;GetEPTxAddr
<LI><a href="#[b5]">&gt;&gt;</a>&nbsp;&nbsp;&nbsp;UserToPMABufferCopy
<LI><a href="#[b6]">&gt;&gt;</a>&nbsp;&nbsp;&nbsp;SetEPTxCount
</UL>
<BR>[Called By]<UL><LI><a href="#[b0]">&gt;&gt;</a>&nbsp;&nbsp;&nbsp;In0_Process
<LI><a href="#[ba]">&gt;&gt;</a>&nbsp;&nbsp;&nbsp;Data_Setup0
</UL>

<P><STRONG><a name="[b7]"></a>DataStageOut</STRONG> (Thumb, 142 bytes, Stack size 32 bytes, usb_core.o(i.DataStageOut))
<BR><BR>[Stack]<UL><LI>Max Depth = 32<LI>Call Chain = DataStageOut
</UL>
<BR>[Calls]<UL><LI><a href="#[b9]">&gt;&gt;</a>&nbsp;&nbsp;&nbsp;PMAToUserBufferCopy
<LI><a href="#[b8]">&gt;&gt;</a>&nbsp;&nbsp;&nbsp;GetEPRxAddr
<LI><a href="#[b6]">&gt;&gt;</a>&nbsp;&nbsp;&nbsp;SetEPTxCount
</UL>
<BR>[Called By]<UL><LI><a href="#[b2]">&gt;&gt;</a>&nbsp;&nbsp;&nbsp;Out0_Process
</UL>

<P><STRONG><a name="[ba]"></a>Data_Setup0</STRONG> (Thumb, 376 bytes, Stack size 24 bytes, usb_core.o(i.Data_Setup0))
<BR><BR>[Stack]<UL><LI>Max Depth = 64<LI>Call Chain = Data_Setup0 &rArr; DataStageIn &rArr; UserToPMABufferCopy
</UL>
<BR>[Calls]<UL><LI><a href="#[b3]">&gt;&gt;</a>&nbsp;&nbsp;&nbsp;DataStageIn
</UL>
<BR>[Called By]<UL><LI><a href="#[b1]">&gt;&gt;</a>&nbsp;&nbsp;&nbsp;Setup0_Process
</UL>

<P><STRONG><a name="[f6]"></a>NoData_Setup0</STRONG> (Thumb, 190 bytes, Stack size 16 bytes, usb_core.o(i.NoData_Setup0))
<BR><BR>[Stack]<UL><LI>Max Depth = 40<LI>Call Chain = NoData_Setup0 &rArr; Standard_ClearFeature
</UL>
<BR>[Calls]<UL><LI><a href="#[f9]">&gt;&gt;</a>&nbsp;&nbsp;&nbsp;Standard_SetInterface
<LI><a href="#[fb]">&gt;&gt;</a>&nbsp;&nbsp;&nbsp;Standard_SetEndPointFeature
<LI><a href="#[f8]">&gt;&gt;</a>&nbsp;&nbsp;&nbsp;Standard_SetDeviceFeature
<LI><a href="#[f7]">&gt;&gt;</a>&nbsp;&nbsp;&nbsp;Standard_SetConfiguration
<LI><a href="#[fa]">&gt;&gt;</a>&nbsp;&nbsp;&nbsp;Standard_ClearFeature
</UL>
<BR>[Called By]<UL><LI><a href="#[b1]">&gt;&gt;</a>&nbsp;&nbsp;&nbsp;Setup0_Process
</UL>

<P><STRONG><a name="[129]"></a>_fp_digits</STRONG> (Thumb, 366 bytes, Stack size 64 bytes, printfa.o(i._fp_digits), UNUSED)
<BR><BR>[Calls]<UL><LI><a href="#[8f]">&gt;&gt;</a>&nbsp;&nbsp;&nbsp;__aeabi_dmul
<LI><a href="#[88]">&gt;&gt;</a>&nbsp;&nbsp;&nbsp;__aeabi_dadd
<LI><a href="#[12a]">&gt;&gt;</a>&nbsp;&nbsp;&nbsp;__aeabi_cdrcmple
<LI><a href="#[90]">&gt;&gt;</a>&nbsp;&nbsp;&nbsp;__aeabi_ddiv
<LI><a href="#[97]">&gt;&gt;</a>&nbsp;&nbsp;&nbsp;__aeabi_d2ulz
<LI><a href="#[95]">&gt;&gt;</a>&nbsp;&nbsp;&nbsp;__aeabi_uldivmod
</UL>
<BR>[Called By]<UL><LI><a href="#[128]">&gt;&gt;</a>&nbsp;&nbsp;&nbsp;_printf_core
</UL>

<P><STRONG><a name="[128]"></a>_printf_core</STRONG> (Thumb, 1744 bytes, Stack size 136 bytes, printfa.o(i._printf_core), UNUSED)
<BR><BR>[Calls]<UL><LI><a href="#[12b]">&gt;&gt;</a>&nbsp;&nbsp;&nbsp;_printf_pre_padding
<LI><a href="#[12c]">&gt;&gt;</a>&nbsp;&nbsp;&nbsp;_printf_post_padding
<LI><a href="#[129]">&gt;&gt;</a>&nbsp;&nbsp;&nbsp;_fp_digits
<LI><a href="#[95]">&gt;&gt;</a>&nbsp;&nbsp;&nbsp;__aeabi_uldivmod
<LI><a href="#[12d]">&gt;&gt;</a>&nbsp;&nbsp;&nbsp;__aeabi_uidivmod
</UL>
<BR>[Called By]<UL><LI><a href="#[127]">&gt;&gt;</a>&nbsp;&nbsp;&nbsp;__0sprintf
</UL>

<P><STRONG><a name="[12c]"></a>_printf_post_padding</STRONG> (Thumb, 36 bytes, Stack size 24 bytes, printfa.o(i._printf_post_padding), UNUSED)
<BR><BR>[Called By]<UL><LI><a href="#[128]">&gt;&gt;</a>&nbsp;&nbsp;&nbsp;_printf_core
</UL>

<P><STRONG><a name="[12b]"></a>_printf_pre_padding</STRONG> (Thumb, 46 bytes, Stack size 24 bytes, printfa.o(i._printf_pre_padding), UNUSED)
<BR><BR>[Called By]<UL><LI><a href="#[128]">&gt;&gt;</a>&nbsp;&nbsp;&nbsp;_printf_core
</UL>

<P><STRONG><a name="[4c]"></a>_sputc</STRONG> (Thumb, 10 bytes, Stack size 0 bytes, printfa.o(i._sputc))
<BR><BR>[Called By]<UL><LI><a href="#[127]">&gt;&gt;</a>&nbsp;&nbsp;&nbsp;__0sprintf
</UL>
<BR>[Address Reference Count : 1]<UL><LI> printfa.o(i.__0sprintf)
</UL><P>
<H3>
Undefined Global Symbols
</H3><HR></body></html>
