<html>
<body>
<pre>
<h1>礦ision Build Log</h1>
<h2>Project:</h2>
F:\mywork\工控板资料\工控板资料2\EMB8600I\EMB8600I工业控制板-V1.04-20170324\软件例程\EMB8600I-例程源码-利用ST驱动库\EMB8600I工控板-LED蜂鸣器\EMB8600I.uvproj
Project File Date:  03/27/2017

<h2>Output:</h2>
Build target 'Target 1'
linking...
Program Size: Code=3400 RO-data=368 RW-data=40 ZI-data=1632  
FromELF: creating hex file...
".\Output\EMB8600I.axf" - 0 Error(s), 0 Warning(s).
Load "F:\\mywork\\工控板资料\\工控板资料2\\EMB8600I\\EMB8600I工业控制板-V1.04-20170324\\软件例程\\EMB8600I-例程源码-利用ST驱动库\\EMB8600I工控板-LED蜂鸣器\\Output\\EMB8600I.axf" 
Set JLink Project File to "F:\mywork\工控板资料\工控板资料2\EMB8600I\EMB8600I工业控制板-V1.04-20170324\软件例程\EMB8600I-例程源码-利用ST驱动库\EMB8600I工控板-LED蜂鸣器\JLinkSettings.ini"
* JLink Info: Device "STM32F107VC" selected (256 KB flash, 64 KB RAM).
 
JLink info:
------------
DLL: V4.80g, compiled Feb 13 2014 20:50:02
Firmware: J-Link ARM V8 compiled Nov 28 2014 13:44:46
Hardware: V8.00
S/N : 12345678 
Feature(s) : RDI,FlashDL,FlashBP,JFlash,GDBFull 
 
* JLink Info: Found SWD-DP with ID 0x1BA01477
* JLink Info: Found SWD-DP with ID 0x1BA01477
* JLink Info: Found Cortex-M3 r1p1, Little endian.
* JLink Info: FPUnit: 6 code (BP) slots and 2 literal slots
* JLink Info: TPIU fitted.
* JLink Info: ETM fitted.
ROMTableAddr = 0xE00FF003
 
Target info:
------------
Device: STM32F107VC
VTarget = 3.274V
State of Pins: 
TCK: 0, TDI: 0, TDO: 0, TMS: 1, TRES: 1, TRST: 1
Hardware-Breakpoints: 6
Software-Breakpoints: 8192
Watchpoints:          4
JTAG speed: 2000 kHz
 
Erase Done.
Programming Done.
Verify OK.
</pre>
</body>
</html>
6 KB flash, 64 KB RAM).
 
JLink info:
------------
DLL: V4.80g, compiled Feb 13 2014 20:50:02
Firmware: J-Link ARM V8 compiled Nov 28 2014 13:44:46
Hardware: V8.00
S/N : 12345678 
Feature(s) : RDI,FlashDL,FlashBP,JFlash,GDBFull 
 
* JLink Info: STM32F1xxx: Can not attach to CPU. Trying connect under reset.
**JLink Warning: RESET (pin 15) high, but should be low. Please check target hardware.
***JLink Error: Supply voltage too low (1 Volt is required, Measured: 0.0 Volt).
Please check target power.
Error: Flash Download failed  -  Target DLL has been cancelled
